[0.064s] Invoking command in '/home/user/vision_ws/build/zed_tutorial_depth': CMAKE_PREFIX_PATH=${CMAKE_PREFIX_PATH}:/home/user/autorover_ws/install/autorover_bringup:/opt/ros/humble /usr/bin/cmake --build /home/user/vision_ws/build/zed_tutorial_depth -- -j8 -l8
[0.207s] [100%] Built target zed_tutorial_depth
[0.239s] Invoked command in '/home/user/vision_ws/build/zed_tutorial_depth' returned '0': CMAKE_PREFIX_PATH=${CMAKE_PREFIX_PATH}:/home/user/autorover_ws/install/autorover_bringup:/opt/ros/humble /usr/bin/cmake --build /home/user/vision_ws/build/zed_tutorial_depth -- -j8 -l8
[0.263s] Invoking command in '/home/user/vision_ws/build/zed_tutorial_depth': CMAKE_PREFIX_PATH=${CMAKE_PREFIX_PATH}:/home/user/autorover_ws/install/autorover_bringup:/opt/ros/humble /usr/bin/cmake --install /home/user/vision_ws/build/zed_tutorial_depth
[0.278s] -- Install configuration: "Release"
[0.281s] -- Execute custom install script
[0.283s] -- Up-to-date symlink: /home/user/vision_ws/install/zed_tutorial_depth/lib/zed_tutorial_depth/zed_tutorial_depth
[0.284s] -- Up-to-date symlink: /home/user/vision_ws/install/zed_tutorial_depth/share/ament_index/resource_index/package_run_dependencies/zed_tutorial_depth
[0.285s] -- Up-to-date symlink: /home/user/vision_ws/install/zed_tutorial_depth/share/ament_index/resource_index/parent_prefix_path/zed_tutorial_depth
[0.285s] -- Up-to-date symlink: /home/user/vision_ws/install/zed_tutorial_depth/share/zed_tutorial_depth/environment/ament_prefix_path.sh
[0.285s] -- Up-to-date symlink: /home/user/vision_ws/install/zed_tutorial_depth/share/zed_tutorial_depth/environment/ament_prefix_path.dsv
[0.285s] -- Up-to-date symlink: /home/user/vision_ws/install/zed_tutorial_depth/share/zed_tutorial_depth/environment/path.sh
[0.286s] -- Up-to-date symlink: /home/user/vision_ws/install/zed_tutorial_depth/share/zed_tutorial_depth/environment/path.dsv
[0.286s] -- Up-to-date symlink: /home/user/vision_ws/install/zed_tutorial_depth/share/zed_tutorial_depth/local_setup.bash
[0.286s] -- Up-to-date symlink: /home/user/vision_ws/install/zed_tutorial_depth/share/zed_tutorial_depth/local_setup.sh
[0.286s] -- Up-to-date symlink: /home/user/vision_ws/install/zed_tutorial_depth/share/zed_tutorial_depth/local_setup.zsh
[0.286s] -- Up-to-date symlink: /home/user/vision_ws/install/zed_tutorial_depth/share/zed_tutorial_depth/local_setup.dsv
[0.286s] -- Symlinking: /home/user/vision_ws/install/zed_tutorial_depth/share/zed_tutorial_depth/package.dsv
[0.306s] -- Up-to-date symlink: /home/user/vision_ws/install/zed_tutorial_depth/share/ament_index/resource_index/packages/zed_tutorial_depth
[0.310s] -- Up-to-date symlink: /home/user/vision_ws/install/zed_tutorial_depth/share/zed_tutorial_depth/cmake/zed_tutorial_depthConfig.cmake
[0.312s] -- Up-to-date symlink: /home/user/vision_ws/install/zed_tutorial_depth/share/zed_tutorial_depth/cmake/zed_tutorial_depthConfig-version.cmake
[0.313s] -- Up-to-date symlink: /home/user/vision_ws/install/zed_tutorial_depth/share/zed_tutorial_depth/package.xml
[0.317s] Invoked command in '/home/user/vision_ws/build/zed_tutorial_depth' returned '0': CMAKE_PREFIX_PATH=${CMAKE_PREFIX_PATH}:/home/user/autorover_ws/install/autorover_bringup:/opt/ros/humble /usr/bin/cmake --install /home/user/vision_ws/build/zed_tutorial_depth
