[0.067s] Invoking command in '/home/user/vision_ws/build/zed_tutorial_depth': CMAKE_PREFIX_PATH=${CMAKE_PREFIX_PATH}:/home/user/autorover_ws/install/teleop_twist_keyboard:/home/user/autorover_ws/install/autorover_bringup:/opt/ros/humble /usr/bin/cmake /home/user/vision_ws/src/zed-ros2-examples/tutorials/zed_depth_tutorial -DCMAKE_INSTALL_PREFIX=/home/user/vision_ws/install/zed_tutorial_depth
[0.095s] -- Found ament_cmake_auto: 1.3.11 (/opt/ros/humble/share/ament_cmake_auto/cmake)
[0.408s] -- Override CMake install command with custom implementation using symlinks instead of copying resources
[0.719s] -- Found rosidl_generator_c: 3.1.6 (/opt/ros/humble/share/rosidl_generator_c/cmake)
[0.725s] -- Found rosidl_adapter: 3.1.6 (/opt/ros/humble/share/rosidl_adapter/cmake)
[0.741s] -- Found rosidl_generator_cpp: 3.1.6 (/opt/ros/humble/share/rosidl_generator_cpp/cmake)
[0.767s] -- Using all available rosidl_typesupport_c: rosidl_typesupport_fastrtps_c;rosidl_typesupport_introspection_c
[0.800s] -- Using all available rosidl_typesupport_cpp: rosidl_typesupport_fastrtps_cpp;rosidl_typesupport_introspection_cpp
[0.880s] -- Found rmw_implementation_cmake: 6.1.2 (/opt/ros/humble/share/rmw_implementation_cmake/cmake)
[0.886s] -- Found rmw_fastrtps_cpp: 6.2.7 (/opt/ros/humble/share/rmw_fastrtps_cpp/cmake)
[1.114s] -- Using RMW implementation 'rmw_fastrtps_cpp' as default
[1.283s] -- Found ament_lint_auto: 0.12.12 (/opt/ros/humble/share/ament_lint_auto/cmake)
[1.327s] -- Added test 'copyright' to check source files copyright and LICENSE
[1.329s] -- Added test 'cppcheck' to perform static code analysis on C / C++ code
[1.330s] -- Configured cppcheck include dirs: 
[1.330s] -- Configured cppcheck exclude dirs and/or files: 
[1.332s] -- Added test 'cpplint' to check C / C++ code against the Google style
[1.332s] -- Configured cpplint exclude dirs and/or files: 
[1.333s] -- Added test 'lint_cmake' to check CMake code style
[1.335s] -- Added test 'uncrustify' to check C / C++ code style
[1.335s] -- Configured uncrustify additional arguments: 
[1.335s] -- Added test 'xmllint' to check XML markup files
[1.338s] -- Configuring done
[1.367s] -- Generating done
[1.377s] -- Build files have been written to: /home/user/vision_ws/build/zed_tutorial_depth
[1.405s] Invoked command in '/home/user/vision_ws/build/zed_tutorial_depth' returned '0': CMAKE_PREFIX_PATH=${CMAKE_PREFIX_PATH}:/home/user/autorover_ws/install/teleop_twist_keyboard:/home/user/autorover_ws/install/autorover_bringup:/opt/ros/humble /usr/bin/cmake /home/user/vision_ws/src/zed-ros2-examples/tutorials/zed_depth_tutorial -DCMAKE_INSTALL_PREFIX=/home/user/vision_ws/install/zed_tutorial_depth
[1.406s] Invoking command in '/home/user/vision_ws/build/zed_tutorial_depth': CMAKE_PREFIX_PATH=${CMAKE_PREFIX_PATH}:/home/user/autorover_ws/install/teleop_twist_keyboard:/home/user/autorover_ws/install/autorover_bringup:/opt/ros/humble /usr/bin/cmake --build /home/user/vision_ws/build/zed_tutorial_depth -- -j8 -l8
[1.494s] [35m[1mConsolidate compiler generated dependencies of target zed_tutorial_depth[0m
[1.533s] [100%] Built target zed_tutorial_depth
[1.569s] Invoked command in '/home/user/vision_ws/build/zed_tutorial_depth' returned '0': CMAKE_PREFIX_PATH=${CMAKE_PREFIX_PATH}:/home/user/autorover_ws/install/teleop_twist_keyboard:/home/user/autorover_ws/install/autorover_bringup:/opt/ros/humble /usr/bin/cmake --build /home/user/vision_ws/build/zed_tutorial_depth -- -j8 -l8
[1.572s] Invoking command in '/home/user/vision_ws/build/zed_tutorial_depth': CMAKE_PREFIX_PATH=${CMAKE_PREFIX_PATH}:/home/user/autorover_ws/install/teleop_twist_keyboard:/home/user/autorover_ws/install/autorover_bringup:/opt/ros/humble /usr/bin/cmake --install /home/user/vision_ws/build/zed_tutorial_depth
[1.588s] -- Install configuration: "Release"
[1.589s] -- Execute custom install script
[1.590s] -- Up-to-date symlink: /home/user/vision_ws/install/zed_tutorial_depth/lib/zed_tutorial_depth/zed_tutorial_depth
[1.590s] -- Up-to-date symlink: /home/user/vision_ws/install/zed_tutorial_depth/share/ament_index/resource_index/package_run_dependencies/zed_tutorial_depth
[1.591s] -- Up-to-date symlink: /home/user/vision_ws/install/zed_tutorial_depth/share/ament_index/resource_index/parent_prefix_path/zed_tutorial_depth
[1.592s] -- Up-to-date symlink: /home/user/vision_ws/install/zed_tutorial_depth/share/zed_tutorial_depth/environment/ament_prefix_path.sh
[1.592s] -- Up-to-date symlink: /home/user/vision_ws/install/zed_tutorial_depth/share/zed_tutorial_depth/environment/ament_prefix_path.dsv
[1.592s] -- Up-to-date symlink: /home/user/vision_ws/install/zed_tutorial_depth/share/zed_tutorial_depth/environment/path.sh
[1.593s] -- Up-to-date symlink: /home/user/vision_ws/install/zed_tutorial_depth/share/zed_tutorial_depth/environment/path.dsv
[1.593s] -- Up-to-date symlink: /home/user/vision_ws/install/zed_tutorial_depth/share/zed_tutorial_depth/local_setup.bash
[1.593s] -- Up-to-date symlink: /home/user/vision_ws/install/zed_tutorial_depth/share/zed_tutorial_depth/local_setup.sh
[1.594s] -- Up-to-date symlink: /home/user/vision_ws/install/zed_tutorial_depth/share/zed_tutorial_depth/local_setup.zsh
[1.594s] -- Up-to-date symlink: /home/user/vision_ws/install/zed_tutorial_depth/share/zed_tutorial_depth/local_setup.dsv
[1.594s] -- Symlinking: /home/user/vision_ws/install/zed_tutorial_depth/share/zed_tutorial_depth/package.dsv
[1.620s] -- Up-to-date symlink: /home/user/vision_ws/install/zed_tutorial_depth/share/ament_index/resource_index/packages/zed_tutorial_depth
[1.621s] -- Up-to-date symlink: /home/user/vision_ws/install/zed_tutorial_depth/share/zed_tutorial_depth/cmake/zed_tutorial_depthConfig.cmake
[1.621s] -- Up-to-date symlink: /home/user/vision_ws/install/zed_tutorial_depth/share/zed_tutorial_depth/cmake/zed_tutorial_depthConfig-version.cmake
[1.621s] -- Up-to-date symlink: /home/user/vision_ws/install/zed_tutorial_depth/share/zed_tutorial_depth/package.xml
[1.667s] Invoked command in '/home/user/vision_ws/build/zed_tutorial_depth' returned '0': CMAKE_PREFIX_PATH=${CMAKE_PREFIX_PATH}:/home/user/autorover_ws/install/teleop_twist_keyboard:/home/user/autorover_ws/install/autorover_bringup:/opt/ros/humble /usr/bin/cmake --install /home/user/vision_ws/build/zed_tutorial_depth
