[0.070s] Invoking command in '/home/user/vision_ws/build/zed_topic_benchmark_interfaces': CMAKE_PREFIX_PATH=${CMAKE_PREFIX_PATH}:/home/user/autorover_ws/install/teleop_twist_keyboard:/home/user/autorover_ws/install/autorover_bringup:/opt/ros/humble /usr/bin/cmake --build /home/user/vision_ws/build/zed_topic_benchmark_interfaces -- -j8 -l8
[0.194s] [  3%] Built target zed_topic_benchmark_interfaces__cpp
[0.198s] [ 12%] Built target zed_topic_benchmark_interfaces__rosidl_generator_c
[0.210s] [ 12%] Built target ament_cmake_python_symlink_zed_topic_benchmark_interfaces
[0.266s] [ 22%] Built target zed_topic_benchmark_interfaces__rosidl_typesupport_introspection_cpp
[0.268s] [ 32%] Built target zed_topic_benchmark_interfaces__rosidl_typesupport_cpp
[0.271s] [ 51%] Built target zed_topic_benchmark_interfaces__rosidl_typesupport_fastrtps_c
[0.271s] [ 51%] Built target zed_topic_benchmark_interfaces__rosidl_typesupport_fastrtps_cpp
[0.280s] [ 61%] Built target zed_topic_benchmark_interfaces__rosidl_typesupport_c
[0.288s] [ 70%] Built target zed_topic_benchmark_interfaces__rosidl_typesupport_introspection_c
[0.337s] [ 70%] Built target zed_topic_benchmark_interfaces
[0.385s] [ 74%] Built target zed_topic_benchmark_interfaces__py
[0.434s] [ 80%] Built target zed_topic_benchmark_interfaces__rosidl_generator_py
[0.483s] [ 87%] Built target zed_topic_benchmark_interfaces__rosidl_typesupport_introspection_c__pyext
[0.484s] [100%] Built target zed_topic_benchmark_interfaces__rosidl_typesupport_c__pyext
[0.484s] [100%] Built target zed_topic_benchmark_interfaces__rosidl_typesupport_fastrtps_c__pyext
[0.812s] running egg_info
[0.819s] writing zed_topic_benchmark_interfaces.egg-info/PKG-INFO
[0.819s] writing dependency_links to zed_topic_benchmark_interfaces.egg-info/dependency_links.txt
[0.820s] writing top-level names to zed_topic_benchmark_interfaces.egg-info/top_level.txt
[0.821s] reading manifest file 'zed_topic_benchmark_interfaces.egg-info/SOURCES.txt'
[0.821s] writing manifest file 'zed_topic_benchmark_interfaces.egg-info/SOURCES.txt'
[0.923s] [100%] Built target ament_cmake_python_build_zed_topic_benchmark_interfaces_egg
[0.959s] Invoked command in '/home/user/vision_ws/build/zed_topic_benchmark_interfaces' returned '0': CMAKE_PREFIX_PATH=${CMAKE_PREFIX_PATH}:/home/user/autorover_ws/install/teleop_twist_keyboard:/home/user/autorover_ws/install/autorover_bringup:/opt/ros/humble /usr/bin/cmake --build /home/user/vision_ws/build/zed_topic_benchmark_interfaces -- -j8 -l8
[0.964s] Invoking command in '/home/user/vision_ws/build/zed_topic_benchmark_interfaces': CMAKE_PREFIX_PATH=${CMAKE_PREFIX_PATH}:/home/user/autorover_ws/install/teleop_twist_keyboard:/home/user/autorover_ws/install/autorover_bringup:/opt/ros/humble /usr/bin/cmake --install /home/user/vision_ws/build/zed_topic_benchmark_interfaces
[0.976s] -- Install configuration: "Release"
[0.977s] -- Execute custom install script
[0.978s] -- Up-to-date symlink: /home/user/vision_ws/install/zed_topic_benchmark_interfaces/share/ament_index/resource_index/rosidl_interfaces/zed_topic_benchmark_interfaces
[0.978s] -- Up-to-date symlink: /home/user/vision_ws/install/zed_topic_benchmark_interfaces/include/zed_topic_benchmark_interfaces/zed_topic_benchmark_interfaces/msg/benchmark_stats_stamped.h
[0.978s] -- Up-to-date symlink: /home/user/vision_ws/install/zed_topic_benchmark_interfaces/include/zed_topic_benchmark_interfaces/zed_topic_benchmark_interfaces/msg/detail/benchmark_stats_stamped__functions.h
[0.979s] -- Up-to-date symlink: /home/user/vision_ws/install/zed_topic_benchmark_interfaces/include/zed_topic_benchmark_interfaces/zed_topic_benchmark_interfaces/msg/detail/benchmark_stats_stamped__struct.h
[0.979s] -- Up-to-date symlink: /home/user/vision_ws/install/zed_topic_benchmark_interfaces/include/zed_topic_benchmark_interfaces/zed_topic_benchmark_interfaces/msg/detail/benchmark_stats_stamped__type_support.h
[0.980s] -- Up-to-date symlink: /home/user/vision_ws/install/zed_topic_benchmark_interfaces/include/zed_topic_benchmark_interfaces/zed_topic_benchmark_interfaces/msg/rosidl_generator_c__visibility_control.h
[0.980s] -- Up-to-date symlink: /home/user/vision_ws/install/zed_topic_benchmark_interfaces/share/zed_topic_benchmark_interfaces/environment/library_path.sh
[0.980s] -- Up-to-date symlink: /home/user/vision_ws/install/zed_topic_benchmark_interfaces/share/zed_topic_benchmark_interfaces/environment/library_path.dsv
[0.981s] -- Up-to-date symlink: /home/user/vision_ws/install/zed_topic_benchmark_interfaces/include/zed_topic_benchmark_interfaces/zed_topic_benchmark_interfaces/msg/detail/benchmark_stats_stamped__rosidl_typesupport_fastrtps_c.h
[0.981s] -- Up-to-date symlink: /home/user/vision_ws/install/zed_topic_benchmark_interfaces/include/zed_topic_benchmark_interfaces/zed_topic_benchmark_interfaces/msg/rosidl_typesupport_fastrtps_c__visibility_control.h
[0.982s] -- Up-to-date symlink: /home/user/vision_ws/install/zed_topic_benchmark_interfaces/include/zed_topic_benchmark_interfaces/zed_topic_benchmark_interfaces/msg/benchmark_stats_stamped.hpp
[0.982s] -- Up-to-date symlink: /home/user/vision_ws/install/zed_topic_benchmark_interfaces/include/zed_topic_benchmark_interfaces/zed_topic_benchmark_interfaces/msg/detail/benchmark_stats_stamped__builder.hpp
[0.983s] -- Up-to-date symlink: /home/user/vision_ws/install/zed_topic_benchmark_interfaces/include/zed_topic_benchmark_interfaces/zed_topic_benchmark_interfaces/msg/detail/benchmark_stats_stamped__struct.hpp
[0.985s] -- Up-to-date symlink: /home/user/vision_ws/install/zed_topic_benchmark_interfaces/include/zed_topic_benchmark_interfaces/zed_topic_benchmark_interfaces/msg/detail/benchmark_stats_stamped__traits.hpp
[0.986s] -- Up-to-date symlink: /home/user/vision_ws/install/zed_topic_benchmark_interfaces/include/zed_topic_benchmark_interfaces/zed_topic_benchmark_interfaces/msg/detail/benchmark_stats_stamped__type_support.hpp
[0.986s] -- Up-to-date symlink: /home/user/vision_ws/install/zed_topic_benchmark_interfaces/include/zed_topic_benchmark_interfaces/zed_topic_benchmark_interfaces/msg/rosidl_generator_cpp__visibility_control.hpp
[0.989s] -- Up-to-date symlink: /home/user/vision_ws/install/zed_topic_benchmark_interfaces/include/zed_topic_benchmark_interfaces/zed_topic_benchmark_interfaces/msg/detail/benchmark_stats_stamped__rosidl_typesupport_fastrtps_cpp.hpp
[0.989s] -- Up-to-date symlink: /home/user/vision_ws/install/zed_topic_benchmark_interfaces/include/zed_topic_benchmark_interfaces/zed_topic_benchmark_interfaces/msg/rosidl_typesupport_fastrtps_cpp__visibility_control.h
[0.990s] -- Up-to-date symlink: /home/user/vision_ws/install/zed_topic_benchmark_interfaces/include/zed_topic_benchmark_interfaces/zed_topic_benchmark_interfaces/msg/detail/benchmark_stats_stamped__rosidl_typesupport_introspection_c.h
[0.990s] -- Up-to-date symlink: /home/user/vision_ws/install/zed_topic_benchmark_interfaces/include/zed_topic_benchmark_interfaces/zed_topic_benchmark_interfaces/msg/rosidl_typesupport_introspection_c__visibility_control.h
[0.992s] -- Up-to-date symlink: /home/user/vision_ws/install/zed_topic_benchmark_interfaces/include/zed_topic_benchmark_interfaces/zed_topic_benchmark_interfaces/msg/detail/benchmark_stats_stamped__rosidl_typesupport_introspection_cpp.hpp
[0.992s] -- Up-to-date symlink: /home/user/vision_ws/install/zed_topic_benchmark_interfaces/share/zed_topic_benchmark_interfaces/environment/pythonpath.sh
[0.993s] -- Up-to-date symlink: /home/user/vision_ws/install/zed_topic_benchmark_interfaces/share/zed_topic_benchmark_interfaces/environment/pythonpath.dsv
[0.994s] -- Up-to-date symlink: /home/user/vision_ws/install/zed_topic_benchmark_interfaces/local/lib/python3.10/dist-packages/zed_topic_benchmark_interfaces-5.0.0-py3.10.egg-info/PKG-INFO
[0.995s] -- Up-to-date symlink: /home/user/vision_ws/install/zed_topic_benchmark_interfaces/local/lib/python3.10/dist-packages/zed_topic_benchmark_interfaces-5.0.0-py3.10.egg-info/SOURCES.txt
[0.996s] -- Up-to-date symlink: /home/user/vision_ws/install/zed_topic_benchmark_interfaces/local/lib/python3.10/dist-packages/zed_topic_benchmark_interfaces-5.0.0-py3.10.egg-info/dependency_links.txt
[0.996s] -- Up-to-date symlink: /home/user/vision_ws/install/zed_topic_benchmark_interfaces/local/lib/python3.10/dist-packages/zed_topic_benchmark_interfaces-5.0.0-py3.10.egg-info/top_level.txt
[0.996s] -- Up-to-date symlink: /home/user/vision_ws/install/zed_topic_benchmark_interfaces/local/lib/python3.10/dist-packages/zed_topic_benchmark_interfaces/__init__.py
[0.997s] -- Up-to-date symlink: /home/user/vision_ws/install/zed_topic_benchmark_interfaces/local/lib/python3.10/dist-packages/zed_topic_benchmark_interfaces/_zed_topic_benchmark_interfaces_s.ep.rosidl_typesupport_c.c
[0.997s] -- Up-to-date symlink: /home/user/vision_ws/install/zed_topic_benchmark_interfaces/local/lib/python3.10/dist-packages/zed_topic_benchmark_interfaces/_zed_topic_benchmark_interfaces_s.ep.rosidl_typesupport_fastrtps_c.c
[0.998s] -- Up-to-date symlink: /home/user/vision_ws/install/zed_topic_benchmark_interfaces/local/lib/python3.10/dist-packages/zed_topic_benchmark_interfaces/_zed_topic_benchmark_interfaces_s.ep.rosidl_typesupport_introspection_c.c
[0.998s] -- Up-to-date symlink: /home/user/vision_ws/install/zed_topic_benchmark_interfaces/local/lib/python3.10/dist-packages/zed_topic_benchmark_interfaces/libzed_topic_benchmark_interfaces__rosidl_generator_py.so
[0.998s] -- Up-to-date symlink: /home/user/vision_ws/install/zed_topic_benchmark_interfaces/local/lib/python3.10/dist-packages/zed_topic_benchmark_interfaces/msg/__init__.py
[0.998s] -- Up-to-date symlink: /home/user/vision_ws/install/zed_topic_benchmark_interfaces/local/lib/python3.10/dist-packages/zed_topic_benchmark_interfaces/msg/_benchmark_stats_stamped.py
[0.999s] -- Up-to-date symlink: /home/user/vision_ws/install/zed_topic_benchmark_interfaces/local/lib/python3.10/dist-packages/zed_topic_benchmark_interfaces/msg/_benchmark_stats_stamped_s.c
[0.999s] -- Up-to-date symlink: /home/user/vision_ws/install/zed_topic_benchmark_interfaces/local/lib/python3.10/dist-packages/zed_topic_benchmark_interfaces/zed_topic_benchmark_interfaces_s__rosidl_typesupport_c.cpython-310-aarch64-linux-gnu.so
[1.000s] -- Up-to-date symlink: /home/user/vision_ws/install/zed_topic_benchmark_interfaces/local/lib/python3.10/dist-packages/zed_topic_benchmark_interfaces/zed_topic_benchmark_interfaces_s__rosidl_typesupport_fastrtps_c.cpython-310-aarch64-linux-gnu.so
[1.000s] -- Up-to-date symlink: /home/user/vision_ws/install/zed_topic_benchmark_interfaces/local/lib/python3.10/dist-packages/zed_topic_benchmark_interfaces/zed_topic_benchmark_interfaces_s__rosidl_typesupport_introspection_c.cpython-310-aarch64-linux-gnu.so
[1.000s] -- Up-to-date symlink: /home/user/vision_ws/install/zed_topic_benchmark_interfaces/local/lib/python3.10/dist-packages/zed_topic_benchmark_interfaces/zed_topic_benchmark_interfaces_s__rosidl_typesupport_fastrtps_c.cpython-310-aarch64-linux-gnu.so
[1.000s] -- Up-to-date symlink: /home/user/vision_ws/install/zed_topic_benchmark_interfaces/local/lib/python3.10/dist-packages/zed_topic_benchmark_interfaces/zed_topic_benchmark_interfaces_s__rosidl_typesupport_introspection_c.cpython-310-aarch64-linux-gnu.so
[1.001s] -- Up-to-date symlink: /home/user/vision_ws/install/zed_topic_benchmark_interfaces/local/lib/python3.10/dist-packages/zed_topic_benchmark_interfaces/zed_topic_benchmark_interfaces_s__rosidl_typesupport_c.cpython-310-aarch64-linux-gnu.so
[1.001s] -- Up-to-date symlink: /home/user/vision_ws/install/zed_topic_benchmark_interfaces/share/zed_topic_benchmark_interfaces/msg/BenchmarkStatsStamped.idl
[1.001s] -- Up-to-date symlink: /home/user/vision_ws/install/zed_topic_benchmark_interfaces/share/zed_topic_benchmark_interfaces/msg/BenchmarkStatsStamped.msg
[1.002s] -- Up-to-date symlink: /home/user/vision_ws/install/zed_topic_benchmark_interfaces/share/ament_index/resource_index/package_run_dependencies/zed_topic_benchmark_interfaces
[1.002s] -- Up-to-date symlink: /home/user/vision_ws/install/zed_topic_benchmark_interfaces/share/ament_index/resource_index/parent_prefix_path/zed_topic_benchmark_interfaces
[1.003s] -- Up-to-date symlink: /home/user/vision_ws/install/zed_topic_benchmark_interfaces/share/zed_topic_benchmark_interfaces/environment/ament_prefix_path.sh
[1.003s] -- Up-to-date symlink: /home/user/vision_ws/install/zed_topic_benchmark_interfaces/share/zed_topic_benchmark_interfaces/environment/ament_prefix_path.dsv
[1.003s] -- Up-to-date symlink: /home/user/vision_ws/install/zed_topic_benchmark_interfaces/share/zed_topic_benchmark_interfaces/environment/path.sh
[1.004s] -- Up-to-date symlink: /home/user/vision_ws/install/zed_topic_benchmark_interfaces/share/zed_topic_benchmark_interfaces/environment/path.dsv
[1.004s] -- Up-to-date symlink: /home/user/vision_ws/install/zed_topic_benchmark_interfaces/share/zed_topic_benchmark_interfaces/local_setup.bash
[1.004s] -- Up-to-date symlink: /home/user/vision_ws/install/zed_topic_benchmark_interfaces/share/zed_topic_benchmark_interfaces/local_setup.sh
[1.005s] -- Up-to-date symlink: /home/user/vision_ws/install/zed_topic_benchmark_interfaces/share/zed_topic_benchmark_interfaces/local_setup.zsh
[1.005s] -- Up-to-date symlink: /home/user/vision_ws/install/zed_topic_benchmark_interfaces/share/zed_topic_benchmark_interfaces/local_setup.dsv
[1.006s] -- Symlinking: /home/user/vision_ws/install/zed_topic_benchmark_interfaces/share/zed_topic_benchmark_interfaces/package.dsv
[1.018s] -- Up-to-date symlink: /home/user/vision_ws/install/zed_topic_benchmark_interfaces/share/ament_index/resource_index/packages/zed_topic_benchmark_interfaces
[1.019s] -- Up-to-date symlink: /home/user/vision_ws/install/zed_topic_benchmark_interfaces/share/zed_topic_benchmark_interfaces/cmake/rosidl_cmake-extras.cmake
[1.020s] -- Up-to-date symlink: /home/user/vision_ws/install/zed_topic_benchmark_interfaces/share/zed_topic_benchmark_interfaces/cmake/ament_cmake_export_dependencies-extras.cmake
[1.020s] -- Up-to-date symlink: /home/user/vision_ws/install/zed_topic_benchmark_interfaces/share/zed_topic_benchmark_interfaces/cmake/ament_cmake_export_include_directories-extras.cmake
[1.021s] -- Up-to-date symlink: /home/user/vision_ws/install/zed_topic_benchmark_interfaces/share/zed_topic_benchmark_interfaces/cmake/ament_cmake_export_libraries-extras.cmake
[1.021s] -- Up-to-date symlink: /home/user/vision_ws/install/zed_topic_benchmark_interfaces/share/zed_topic_benchmark_interfaces/cmake/ament_cmake_export_targets-extras.cmake
[1.021s] -- Up-to-date symlink: /home/user/vision_ws/install/zed_topic_benchmark_interfaces/share/zed_topic_benchmark_interfaces/cmake/rosidl_cmake_export_typesupport_targets-extras.cmake
[1.022s] -- Up-to-date symlink: /home/user/vision_ws/install/zed_topic_benchmark_interfaces/share/zed_topic_benchmark_interfaces/cmake/rosidl_cmake_export_typesupport_libraries-extras.cmake
[1.022s] -- Up-to-date symlink: /home/user/vision_ws/install/zed_topic_benchmark_interfaces/share/zed_topic_benchmark_interfaces/cmake/zed_topic_benchmark_interfacesConfig.cmake
[1.022s] -- Up-to-date symlink: /home/user/vision_ws/install/zed_topic_benchmark_interfaces/share/zed_topic_benchmark_interfaces/cmake/zed_topic_benchmark_interfacesConfig-version.cmake
[1.024s] -- Up-to-date symlink: /home/user/vision_ws/install/zed_topic_benchmark_interfaces/share/zed_topic_benchmark_interfaces/package.xml
[1.025s] -- Up-to-date: /home/user/vision_ws/install/zed_topic_benchmark_interfaces/lib/libzed_topic_benchmark_interfaces__rosidl_generator_c.so
[1.028s] -- Up-to-date: /home/user/vision_ws/install/zed_topic_benchmark_interfaces/lib/libzed_topic_benchmark_interfaces__rosidl_typesupport_fastrtps_c.so
[1.028s] -- Up-to-date: /home/user/vision_ws/install/zed_topic_benchmark_interfaces/lib/libzed_topic_benchmark_interfaces__rosidl_typesupport_fastrtps_cpp.so
[1.029s] -- Up-to-date: /home/user/vision_ws/install/zed_topic_benchmark_interfaces/lib/libzed_topic_benchmark_interfaces__rosidl_typesupport_introspection_c.so
[1.029s] -- Up-to-date: /home/user/vision_ws/install/zed_topic_benchmark_interfaces/lib/libzed_topic_benchmark_interfaces__rosidl_typesupport_c.so
[1.029s] -- Up-to-date: /home/user/vision_ws/install/zed_topic_benchmark_interfaces/lib/libzed_topic_benchmark_interfaces__rosidl_typesupport_introspection_cpp.so
[1.030s] -- Up-to-date: /home/user/vision_ws/install/zed_topic_benchmark_interfaces/lib/libzed_topic_benchmark_interfaces__rosidl_typesupport_cpp.so
[1.097s] Listing '/home/user/vision_ws/install/zed_topic_benchmark_interfaces/local/lib/python3.10/dist-packages/zed_topic_benchmark_interfaces'...
[1.097s] Listing '/home/user/vision_ws/install/zed_topic_benchmark_interfaces/local/lib/python3.10/dist-packages/zed_topic_benchmark_interfaces/msg'...
[1.108s] -- Up-to-date: /home/user/vision_ws/install/zed_topic_benchmark_interfaces/lib/libzed_topic_benchmark_interfaces__rosidl_generator_py.so
[1.108s] -- Up-to-date: /home/user/vision_ws/install/zed_topic_benchmark_interfaces/share/zed_topic_benchmark_interfaces/cmake/export_zed_topic_benchmark_interfaces__rosidl_generator_cExport.cmake
[1.108s] -- Up-to-date: /home/user/vision_ws/install/zed_topic_benchmark_interfaces/share/zed_topic_benchmark_interfaces/cmake/export_zed_topic_benchmark_interfaces__rosidl_generator_cExport-release.cmake
[1.109s] -- Up-to-date: /home/user/vision_ws/install/zed_topic_benchmark_interfaces/share/zed_topic_benchmark_interfaces/cmake/export_zed_topic_benchmark_interfaces__rosidl_typesupport_fastrtps_cExport.cmake
[1.109s] -- Up-to-date: /home/user/vision_ws/install/zed_topic_benchmark_interfaces/share/zed_topic_benchmark_interfaces/cmake/export_zed_topic_benchmark_interfaces__rosidl_typesupport_fastrtps_cExport-release.cmake
[1.109s] -- Up-to-date: /home/user/vision_ws/install/zed_topic_benchmark_interfaces/share/zed_topic_benchmark_interfaces/cmake/export_zed_topic_benchmark_interfaces__rosidl_generator_cppExport.cmake
[1.110s] -- Up-to-date: /home/user/vision_ws/install/zed_topic_benchmark_interfaces/share/zed_topic_benchmark_interfaces/cmake/export_zed_topic_benchmark_interfaces__rosidl_typesupport_fastrtps_cppExport.cmake
[1.110s] -- Up-to-date: /home/user/vision_ws/install/zed_topic_benchmark_interfaces/share/zed_topic_benchmark_interfaces/cmake/export_zed_topic_benchmark_interfaces__rosidl_typesupport_fastrtps_cppExport-release.cmake
[1.110s] -- Up-to-date: /home/user/vision_ws/install/zed_topic_benchmark_interfaces/share/zed_topic_benchmark_interfaces/cmake/zed_topic_benchmark_interfaces__rosidl_typesupport_introspection_cExport.cmake
[1.110s] -- Up-to-date: /home/user/vision_ws/install/zed_topic_benchmark_interfaces/share/zed_topic_benchmark_interfaces/cmake/zed_topic_benchmark_interfaces__rosidl_typesupport_introspection_cExport-release.cmake
[1.111s] -- Up-to-date: /home/user/vision_ws/install/zed_topic_benchmark_interfaces/share/zed_topic_benchmark_interfaces/cmake/zed_topic_benchmark_interfaces__rosidl_typesupport_cExport.cmake
[1.111s] -- Up-to-date: /home/user/vision_ws/install/zed_topic_benchmark_interfaces/share/zed_topic_benchmark_interfaces/cmake/zed_topic_benchmark_interfaces__rosidl_typesupport_cExport-release.cmake
[1.111s] -- Up-to-date: /home/user/vision_ws/install/zed_topic_benchmark_interfaces/share/zed_topic_benchmark_interfaces/cmake/zed_topic_benchmark_interfaces__rosidl_typesupport_introspection_cppExport.cmake
[1.111s] -- Up-to-date: /home/user/vision_ws/install/zed_topic_benchmark_interfaces/share/zed_topic_benchmark_interfaces/cmake/zed_topic_benchmark_interfaces__rosidl_typesupport_introspection_cppExport-release.cmake
[1.111s] -- Up-to-date: /home/user/vision_ws/install/zed_topic_benchmark_interfaces/share/zed_topic_benchmark_interfaces/cmake/zed_topic_benchmark_interfaces__rosidl_typesupport_cppExport.cmake
[1.112s] -- Up-to-date: /home/user/vision_ws/install/zed_topic_benchmark_interfaces/share/zed_topic_benchmark_interfaces/cmake/zed_topic_benchmark_interfaces__rosidl_typesupport_cppExport-release.cmake
[1.112s] -- Up-to-date: /home/user/vision_ws/install/zed_topic_benchmark_interfaces/share/zed_topic_benchmark_interfaces/cmake/export_zed_topic_benchmark_interfaces__rosidl_generator_pyExport.cmake
[1.112s] -- Up-to-date: /home/user/vision_ws/install/zed_topic_benchmark_interfaces/share/zed_topic_benchmark_interfaces/cmake/export_zed_topic_benchmark_interfaces__rosidl_generator_pyExport-release.cmake
[1.149s] Invoked command in '/home/user/vision_ws/build/zed_topic_benchmark_interfaces' returned '0': CMAKE_PREFIX_PATH=${CMAKE_PREFIX_PATH}:/home/user/autorover_ws/install/teleop_twist_keyboard:/home/user/autorover_ws/install/autorover_bringup:/opt/ros/humble /usr/bin/cmake --install /home/user/vision_ws/build/zed_topic_benchmark_interfaces
