[0.025s] Invoking command in '/home/user/vision_ws/build/zed_wrapper': AMENT_PREFIX_PATH=/home/user/vision_ws/install/zed_components:${AMENT_PREFIX_PATH} CMAKE_PREFIX_PATH=/home/user/vision_ws/install/zed_components:/home/user/autorover_ws/install/zed_components:/home/user/autorover_ws/install/mavros_extras:/home/user/autorover_ws/install/mavros:/home/user/autorover_ws/install/mavros_msgs:/home/user/autorover_ws/install/libmavconn:/home/user/autorover_ws/install/autorover_bringup:/opt/ros/humble LD_LIBRARY_PATH=/home/user/vision_ws/install/zed_components/lib:${LD_LIBRARY_PATH} /usr/bin/cmake /home/user/vision_ws/src/zed-ros2-wrapper/zed_wrapper -DCMAKE_BUILD_TYPE=Release -DAMENT_CMAKE_SYMLINK_INSTALL=1 -DCMAKE_INSTALL_PREFIX=/home/user/vision_ws/install/zed_wrapper
[0.128s] -- The C compiler identification is GNU 11.4.0
[0.236s] -- The CXX compiler identification is GNU 11.4.0
[0.257s] -- Detecting C compiler ABI info
[0.397s] -- Detecting C compiler ABI info - done
[0.419s] -- Check for working C compiler: /usr/bin/cc - skipped
[0.421s] -- Detecting C compile features
[0.421s] -- Detecting C compile features - done
[0.428s] -- Detecting CXX compiler ABI info
[0.594s] -- Detecting CXX compiler ABI info - done
[0.619s] -- Check for working CXX compiler: /usr/bin/c++ - skipped
[0.620s] -- Detecting CXX compile features
[0.620s] -- Detecting CXX compile features - done
[0.627s] -- Found ament_cmake_auto: 1.3.11 (/opt/ros/humble/share/ament_cmake_auto/cmake)
[0.965s] -- Found Python3: /usr/bin/python3 (found version "3.10.12") found components: Interpreter 
[1.110s] -- Override CMake install command with custom implementation using symlinks instead of copying resources
[1.458s] -- Found rosidl_generator_c: 3.1.6 (/opt/ros/humble/share/rosidl_generator_c/cmake)
[1.469s] -- Found rosidl_adapter: 3.1.6 (/opt/ros/humble/share/rosidl_adapter/cmake)
[1.488s] -- Found rosidl_generator_cpp: 3.1.6 (/opt/ros/humble/share/rosidl_generator_cpp/cmake)
[1.514s] -- Using all available rosidl_typesupport_c: rosidl_typesupport_fastrtps_c;rosidl_typesupport_introspection_c
[1.550s] -- Using all available rosidl_typesupport_cpp: rosidl_typesupport_fastrtps_cpp;rosidl_typesupport_introspection_cpp
[1.647s] -- Found rmw_implementation_cmake: 6.1.2 (/opt/ros/humble/share/rmw_implementation_cmake/cmake)
[1.653s] -- Found rmw_fastrtps_cpp: 6.2.7 (/opt/ros/humble/share/rmw_fastrtps_cpp/cmake)
[1.812s] -- Found OpenSSL: /usr/lib/aarch64-linux-gnu/libcrypto.so (found version "3.0.2")  
[1.868s] -- Found FastRTPS: /opt/ros/humble/include  
[1.948s] -- Using RMW implementation 'rmw_fastrtps_cpp' as default
[1.968s] -- Looking for pthread.h
[2.109s] -- Looking for pthread.h - found
[2.110s] -- Performing Test CMAKE_HAVE_LIBC_PTHREAD
[2.257s] -- Performing Test CMAKE_HAVE_LIBC_PTHREAD - Success
[2.260s] -- Found Threads: TRUE  
[2.747s] -- Found eigen3_cmake_module: 0.1.1 (/opt/ros/humble/share/eigen3_cmake_module/cmake)
[2.749s] -- Found Eigen3: TRUE (found version "3.4.0") 
[2.749s] -- Ensuring Eigen3 include directory is part of orocos-kdl CMake target
[3.152s] -- Configuring done
[3.166s] -- Generating done
[3.171s] -- Build files have been written to: /home/user/vision_ws/build/zed_wrapper
[3.200s] Invoked command in '/home/user/vision_ws/build/zed_wrapper' returned '0': AMENT_PREFIX_PATH=/home/user/vision_ws/install/zed_components:${AMENT_PREFIX_PATH} CMAKE_PREFIX_PATH=/home/user/vision_ws/install/zed_components:/home/user/autorover_ws/install/zed_components:/home/user/autorover_ws/install/mavros_extras:/home/user/autorover_ws/install/mavros:/home/user/autorover_ws/install/mavros_msgs:/home/user/autorover_ws/install/libmavconn:/home/user/autorover_ws/install/autorover_bringup:/opt/ros/humble LD_LIBRARY_PATH=/home/user/vision_ws/install/zed_components/lib:${LD_LIBRARY_PATH} /usr/bin/cmake /home/user/vision_ws/src/zed-ros2-wrapper/zed_wrapper -DCMAKE_BUILD_TYPE=Release -DAMENT_CMAKE_SYMLINK_INSTALL=1 -DCMAKE_INSTALL_PREFIX=/home/user/vision_ws/install/zed_wrapper
[3.205s] Invoking command in '/home/user/vision_ws/build/zed_wrapper': AMENT_PREFIX_PATH=/home/user/vision_ws/install/zed_components:${AMENT_PREFIX_PATH} CMAKE_PREFIX_PATH=/home/user/vision_ws/install/zed_components:/home/user/autorover_ws/install/zed_components:/home/user/autorover_ws/install/mavros_extras:/home/user/autorover_ws/install/mavros:/home/user/autorover_ws/install/mavros_msgs:/home/user/autorover_ws/install/libmavconn:/home/user/autorover_ws/install/autorover_bringup:/opt/ros/humble LD_LIBRARY_PATH=/home/user/vision_ws/install/zed_components/lib:${LD_LIBRARY_PATH} /usr/bin/cmake --build /home/user/vision_ws/build/zed_wrapper -- -j4 -l4
[3.289s] Invoked command in '/home/user/vision_ws/build/zed_wrapper' returned '0': AMENT_PREFIX_PATH=/home/user/vision_ws/install/zed_components:${AMENT_PREFIX_PATH} CMAKE_PREFIX_PATH=/home/user/vision_ws/install/zed_components:/home/user/autorover_ws/install/zed_components:/home/user/autorover_ws/install/mavros_extras:/home/user/autorover_ws/install/mavros:/home/user/autorover_ws/install/mavros_msgs:/home/user/autorover_ws/install/libmavconn:/home/user/autorover_ws/install/autorover_bringup:/opt/ros/humble LD_LIBRARY_PATH=/home/user/vision_ws/install/zed_components/lib:${LD_LIBRARY_PATH} /usr/bin/cmake --build /home/user/vision_ws/build/zed_wrapper -- -j4 -l4
[3.294s] Invoking command in '/home/user/vision_ws/build/zed_wrapper': AMENT_PREFIX_PATH=/home/user/vision_ws/install/zed_components:${AMENT_PREFIX_PATH} CMAKE_PREFIX_PATH=/home/user/vision_ws/install/zed_components:/home/user/autorover_ws/install/zed_components:/home/user/autorover_ws/install/mavros_extras:/home/user/autorover_ws/install/mavros:/home/user/autorover_ws/install/mavros_msgs:/home/user/autorover_ws/install/libmavconn:/home/user/autorover_ws/install/autorover_bringup:/opt/ros/humble LD_LIBRARY_PATH=/home/user/vision_ws/install/zed_components/lib:${LD_LIBRARY_PATH} /usr/bin/cmake --install /home/user/vision_ws/build/zed_wrapper
[3.309s] -- Install configuration: "Release"
[3.310s] -- Execute custom install script
[3.311s] -- Symlinking: /home/user/vision_ws/install/zed_wrapper/share/zed_wrapper/config/common_mono.yaml
[3.329s] -- Symlinking: /home/user/vision_ws/install/zed_wrapper/share/zed_wrapper/config/common_stereo.yaml
[3.348s] -- Symlinking: /home/user/vision_ws/install/zed_wrapper/share/zed_wrapper/config/custom_object_detection.yaml
[3.365s] -- Symlinking: /home/user/vision_ws/install/zed_wrapper/share/zed_wrapper/config/ffmpeg.yaml
[3.381s] -- Symlinking: /home/user/vision_ws/install/zed_wrapper/share/zed_wrapper/config/object_detection.yaml
[3.400s] -- Symlinking: /home/user/vision_ws/install/zed_wrapper/share/zed_wrapper/config/virtual.yaml
[3.418s] -- Symlinking: /home/user/vision_ws/install/zed_wrapper/share/zed_wrapper/config/zed.yaml
[3.437s] -- Symlinking: /home/user/vision_ws/install/zed_wrapper/share/zed_wrapper/config/zed2.yaml
[3.455s] -- Symlinking: /home/user/vision_ws/install/zed_wrapper/share/zed_wrapper/config/zed2i.yaml
[3.473s] -- Symlinking: /home/user/vision_ws/install/zed_wrapper/share/zed_wrapper/config/zedm.yaml
[3.491s] -- Symlinking: /home/user/vision_ws/install/zed_wrapper/share/zed_wrapper/config/zedx.yaml
[3.508s] -- Symlinking: /home/user/vision_ws/install/zed_wrapper/share/zed_wrapper/config/zedxm.yaml
[3.530s] -- Symlinking: /home/user/vision_ws/install/zed_wrapper/share/zed_wrapper/config/zedxone4k.yaml
[3.547s] -- Symlinking: /home/user/vision_ws/install/zed_wrapper/share/zed_wrapper/config/zedxonegs.yaml
[3.565s] -- Symlinking: /home/user/vision_ws/install/zed_wrapper/share/zed_wrapper/urdf/include/materials.urdf.xacro
[3.582s] -- Symlinking: /home/user/vision_ws/install/zed_wrapper/share/zed_wrapper/urdf/zed_descr.urdf.xacro
[3.601s] -- Symlinking: /home/user/vision_ws/install/zed_wrapper/share/zed_wrapper/urdf/zed_macro.urdf.xacro
[3.619s] -- Symlinking: /home/user/vision_ws/install/zed_wrapper/share/zed_wrapper/launch/zed_camera.launch.py
[3.638s] -- Symlinking: /home/user/vision_ws/install/zed_wrapper/share/ament_index/resource_index/package_run_dependencies/zed_wrapper
[3.656s] -- Symlinking: /home/user/vision_ws/install/zed_wrapper/share/ament_index/resource_index/parent_prefix_path/zed_wrapper
[3.674s] -- Symlinking: /home/user/vision_ws/install/zed_wrapper/share/zed_wrapper/environment/ament_prefix_path.sh
[3.692s] -- Symlinking: /home/user/vision_ws/install/zed_wrapper/share/zed_wrapper/environment/ament_prefix_path.dsv
[3.710s] -- Symlinking: /home/user/vision_ws/install/zed_wrapper/share/zed_wrapper/environment/path.sh
[3.729s] -- Symlinking: /home/user/vision_ws/install/zed_wrapper/share/zed_wrapper/environment/path.dsv
[3.747s] -- Symlinking: /home/user/vision_ws/install/zed_wrapper/share/zed_wrapper/local_setup.bash
[3.764s] -- Symlinking: /home/user/vision_ws/install/zed_wrapper/share/zed_wrapper/local_setup.sh
[3.783s] -- Symlinking: /home/user/vision_ws/install/zed_wrapper/share/zed_wrapper/local_setup.zsh
[3.801s] -- Symlinking: /home/user/vision_ws/install/zed_wrapper/share/zed_wrapper/local_setup.dsv
[3.819s] -- Symlinking: /home/user/vision_ws/install/zed_wrapper/share/zed_wrapper/package.dsv
[3.838s] -- Symlinking: /home/user/vision_ws/install/zed_wrapper/share/ament_index/resource_index/packages/zed_wrapper
[3.856s] -- Symlinking: /home/user/vision_ws/install/zed_wrapper/share/zed_wrapper/cmake/zed_wrapperConfig.cmake
[3.873s] -- Symlinking: /home/user/vision_ws/install/zed_wrapper/share/zed_wrapper/cmake/zed_wrapperConfig-version.cmake
[3.891s] -- Symlinking: /home/user/vision_ws/install/zed_wrapper/share/zed_wrapper/package.xml
[3.915s] Invoked command in '/home/user/vision_ws/build/zed_wrapper' returned '0': AMENT_PREFIX_PATH=/home/user/vision_ws/install/zed_components:${AMENT_PREFIX_PATH} CMAKE_PREFIX_PATH=/home/user/vision_ws/install/zed_components:/home/user/autorover_ws/install/zed_components:/home/user/autorover_ws/install/mavros_extras:/home/user/autorover_ws/install/mavros:/home/user/autorover_ws/install/mavros_msgs:/home/user/autorover_ws/install/libmavconn:/home/user/autorover_ws/install/autorover_bringup:/opt/ros/humble LD_LIBRARY_PATH=/home/user/vision_ws/install/zed_components/lib:${LD_LIBRARY_PATH} /usr/bin/cmake --install /home/user/vision_ws/build/zed_wrapper
