[0.070s] Invoking command in '/home/user/vision_ws/build/zed_tutorial_video': CMAKE_PREFIX_PATH=${CMAKE_PREFIX_PATH}:/home/user/autorover_ws/install/autorover_bringup:/opt/ros/humble /usr/bin/cmake --build /home/user/vision_ws/build/zed_tutorial_video -- -j8 -l8
[0.187s] [35m[1mConsolidate compiler generated dependencies of target zed_tutorial_video[0m
[0.254s] [100%] Built target zed_tutorial_video
[0.308s] Invoked command in '/home/user/vision_ws/build/zed_tutorial_video' returned '0': CMAKE_PREFIX_PATH=${CMAKE_PREFIX_PATH}:/home/user/autorover_ws/install/autorover_bringup:/opt/ros/humble /usr/bin/cmake --build /home/user/vision_ws/build/zed_tutorial_video -- -j8 -l8
[0.310s] Invoking command in '/home/user/vision_ws/build/zed_tutorial_video': CMAKE_PREFIX_PATH=${CMAKE_PREFIX_PATH}:/home/user/autorover_ws/install/autorover_bringup:/opt/ros/humble /usr/bin/cmake --install /home/user/vision_ws/build/zed_tutorial_video
[0.331s] -- Install configuration: "Release"
[0.332s] -- Execute custom install script
[0.334s] -- Up-to-date symlink: /home/user/vision_ws/install/zed_tutorial_video/lib/zed_tutorial_video/zed_tutorial_video
[0.334s] -- Up-to-date symlink: /home/user/vision_ws/install/zed_tutorial_video/share/ament_index/resource_index/package_run_dependencies/zed_tutorial_video
[0.336s] -- Up-to-date symlink: /home/user/vision_ws/install/zed_tutorial_video/share/ament_index/resource_index/parent_prefix_path/zed_tutorial_video
[0.337s] -- Up-to-date symlink: /home/user/vision_ws/install/zed_tutorial_video/share/zed_tutorial_video/environment/ament_prefix_path.sh
[0.337s] -- Up-to-date symlink: /home/user/vision_ws/install/zed_tutorial_video/share/zed_tutorial_video/environment/ament_prefix_path.dsv
[0.337s] -- Up-to-date symlink: /home/user/vision_ws/install/zed_tutorial_video/share/zed_tutorial_video/environment/path.sh
[0.337s] -- Up-to-date symlink: /home/user/vision_ws/install/zed_tutorial_video/share/zed_tutorial_video/environment/path.dsv
[0.338s] -- Up-to-date symlink: /home/user/vision_ws/install/zed_tutorial_video/share/zed_tutorial_video/local_setup.bash
[0.339s] -- Up-to-date symlink: /home/user/vision_ws/install/zed_tutorial_video/share/zed_tutorial_video/local_setup.sh
[0.339s] -- Up-to-date symlink: /home/user/vision_ws/install/zed_tutorial_video/share/zed_tutorial_video/local_setup.zsh
[0.340s] -- Up-to-date symlink: /home/user/vision_ws/install/zed_tutorial_video/share/zed_tutorial_video/local_setup.dsv
[0.340s] -- Symlinking: /home/user/vision_ws/install/zed_tutorial_video/share/zed_tutorial_video/package.dsv
[0.360s] -- Up-to-date symlink: /home/user/vision_ws/install/zed_tutorial_video/share/ament_index/resource_index/packages/zed_tutorial_video
[0.360s] -- Up-to-date symlink: /home/user/vision_ws/install/zed_tutorial_video/share/zed_tutorial_video/cmake/zed_tutorial_videoConfig.cmake
[0.360s] -- Up-to-date symlink: /home/user/vision_ws/install/zed_tutorial_video/share/zed_tutorial_video/cmake/zed_tutorial_videoConfig-version.cmake
[0.361s] -- Up-to-date symlink: /home/user/vision_ws/install/zed_tutorial_video/share/zed_tutorial_video/package.xml
[0.446s] Invoked command in '/home/user/vision_ws/build/zed_tutorial_video' returned '0': CMAKE_PREFIX_PATH=${CMAKE_PREFIX_PATH}:/home/user/autorover_ws/install/autorover_bringup:/opt/ros/humble /usr/bin/cmake --install /home/user/vision_ws/build/zed_tutorial_video
