[0.055s] Invoking command in '/home/user/vision_ws/build/zed_tutorial_video': CMAKE_PREFIX_PATH=${CMAKE_PREFIX_PATH}:/home/user/autorover_ws/install/teleop_twist_keyboard:/home/user/autorover_ws/install/autorover_bringup:/opt/ros/humble /usr/bin/cmake /home/user/vision_ws/src/zed-ros2-examples/tutorials/zed_video_tutorial -DCMAKE_BUILD_TYPE=Release -DAMENT_CMAKE_SYMLINK_INSTALL=1 -DCMAKE_INSTALL_PREFIX=/home/user/vision_ws/install/zed_tutorial_video
[0.084s] -- Found ament_cmake_auto: 1.3.11 (/opt/ros/humble/share/ament_cmake_auto/cmake)
[0.385s] -- Override CMake install command with custom implementation using symlinks instead of copying resources
[0.612s] -- Found rosidl_generator_c: 3.1.6 (/opt/ros/humble/share/rosidl_generator_c/cmake)
[0.616s] -- Found rosidl_adapter: 3.1.6 (/opt/ros/humble/share/rosidl_adapter/cmake)
[0.628s] -- Found rosidl_generator_cpp: 3.1.6 (/opt/ros/humble/share/rosidl_generator_cpp/cmake)
[0.648s] -- Using all available rosidl_typesupport_c: rosidl_typesupport_fastrtps_c;rosidl_typesupport_introspection_c
[0.676s] -- Using all available rosidl_typesupport_cpp: rosidl_typesupport_fastrtps_cpp;rosidl_typesupport_introspection_cpp
[0.739s] -- Found rmw_implementation_cmake: 6.1.2 (/opt/ros/humble/share/rmw_implementation_cmake/cmake)
[0.743s] -- Found rmw_fastrtps_cpp: 6.2.7 (/opt/ros/humble/share/rmw_fastrtps_cpp/cmake)
[0.958s] -- Using RMW implementation 'rmw_fastrtps_cpp' as default
[1.109s] -- Found ament_lint_auto: 0.12.12 (/opt/ros/humble/share/ament_lint_auto/cmake)
[1.122s] -- Configuring done
[1.145s] -- Generating done
[1.153s] -- Build files have been written to: /home/user/vision_ws/build/zed_tutorial_video
[1.175s] Invoked command in '/home/user/vision_ws/build/zed_tutorial_video' returned '0': CMAKE_PREFIX_PATH=${CMAKE_PREFIX_PATH}:/home/user/autorover_ws/install/teleop_twist_keyboard:/home/user/autorover_ws/install/autorover_bringup:/opt/ros/humble /usr/bin/cmake /home/user/vision_ws/src/zed-ros2-examples/tutorials/zed_video_tutorial -DCMAKE_BUILD_TYPE=Release -DAMENT_CMAKE_SYMLINK_INSTALL=1 -DCMAKE_INSTALL_PREFIX=/home/user/vision_ws/install/zed_tutorial_video
[1.180s] Invoking command in '/home/user/vision_ws/build/zed_tutorial_video': CMAKE_PREFIX_PATH=${CMAKE_PREFIX_PATH}:/home/user/autorover_ws/install/teleop_twist_keyboard:/home/user/autorover_ws/install/autorover_bringup:/opt/ros/humble /usr/bin/cmake --build /home/user/vision_ws/build/zed_tutorial_video -- -j8 -l8
[1.269s] [35m[1mConsolidate compiler generated dependencies of target zed_tutorial_video[0m
[1.306s] [100%] Built target zed_tutorial_video
[1.331s] Invoked command in '/home/user/vision_ws/build/zed_tutorial_video' returned '0': CMAKE_PREFIX_PATH=${CMAKE_PREFIX_PATH}:/home/user/autorover_ws/install/teleop_twist_keyboard:/home/user/autorover_ws/install/autorover_bringup:/opt/ros/humble /usr/bin/cmake --build /home/user/vision_ws/build/zed_tutorial_video -- -j8 -l8
[1.356s] Invoking command in '/home/user/vision_ws/build/zed_tutorial_video': CMAKE_PREFIX_PATH=${CMAKE_PREFIX_PATH}:/home/user/autorover_ws/install/teleop_twist_keyboard:/home/user/autorover_ws/install/autorover_bringup:/opt/ros/humble /usr/bin/cmake --install /home/user/vision_ws/build/zed_tutorial_video
[1.372s] -- Install configuration: "Release"
[1.373s] -- Execute custom install script
[1.374s] -- Up-to-date symlink: /home/user/vision_ws/install/zed_tutorial_video/lib/zed_tutorial_video/zed_tutorial_video
[1.375s] -- Up-to-date symlink: /home/user/vision_ws/install/zed_tutorial_video/share/ament_index/resource_index/package_run_dependencies/zed_tutorial_video
[1.376s] -- Up-to-date symlink: /home/user/vision_ws/install/zed_tutorial_video/share/ament_index/resource_index/parent_prefix_path/zed_tutorial_video
[1.380s] -- Up-to-date symlink: /home/user/vision_ws/install/zed_tutorial_video/share/zed_tutorial_video/environment/ament_prefix_path.sh
[1.380s] -- Up-to-date symlink: /home/user/vision_ws/install/zed_tutorial_video/share/zed_tutorial_video/environment/ament_prefix_path.dsv
[1.381s] -- Up-to-date symlink: /home/user/vision_ws/install/zed_tutorial_video/share/zed_tutorial_video/environment/path.sh
[1.381s] -- Up-to-date symlink: /home/user/vision_ws/install/zed_tutorial_video/share/zed_tutorial_video/environment/path.dsv
[1.382s] -- Up-to-date symlink: /home/user/vision_ws/install/zed_tutorial_video/share/zed_tutorial_video/local_setup.bash
[1.383s] -- Up-to-date symlink: /home/user/vision_ws/install/zed_tutorial_video/share/zed_tutorial_video/local_setup.sh
[1.383s] -- Up-to-date symlink: /home/user/vision_ws/install/zed_tutorial_video/share/zed_tutorial_video/local_setup.zsh
[1.383s] -- Up-to-date symlink: /home/user/vision_ws/install/zed_tutorial_video/share/zed_tutorial_video/local_setup.dsv
[1.384s] -- Symlinking: /home/user/vision_ws/install/zed_tutorial_video/share/zed_tutorial_video/package.dsv
[1.397s] -- Up-to-date symlink: /home/user/vision_ws/install/zed_tutorial_video/share/ament_index/resource_index/packages/zed_tutorial_video
[1.398s] -- Up-to-date symlink: /home/user/vision_ws/install/zed_tutorial_video/share/zed_tutorial_video/cmake/zed_tutorial_videoConfig.cmake
[1.398s] -- Up-to-date symlink: /home/user/vision_ws/install/zed_tutorial_video/share/zed_tutorial_video/cmake/zed_tutorial_videoConfig-version.cmake
[1.398s] -- Up-to-date symlink: /home/user/vision_ws/install/zed_tutorial_video/share/zed_tutorial_video/package.xml
[1.404s] Invoked command in '/home/user/vision_ws/build/zed_tutorial_video' returned '0': CMAKE_PREFIX_PATH=${CMAKE_PREFIX_PATH}:/home/user/autorover_ws/install/teleop_twist_keyboard:/home/user/autorover_ws/install/autorover_bringup:/opt/ros/humble /usr/bin/cmake --install /home/user/vision_ws/build/zed_tutorial_video
