[0.077s] Invoking command in '/home/user/vision_ws/build/zed_topic_benchmark_interfaces': CMAKE_PREFIX_PATH=${CMAKE_PREFIX_PATH}:/home/user/autorover_ws/install/autorover_bringup:/opt/ros/humble /usr/bin/cmake --build /home/user/vision_ws/build/zed_topic_benchmark_interfaces -- -j8 -l8
[0.201s] [35m[1mConsolidate compiler generated dependencies of target zed_topic_benchmark_interfaces__rosidl_generator_c[0m
[0.228s] [  0%] Built target ament_cmake_python_symlink_zed_topic_benchmark_interfaces
[0.228s] [  3%] Built target zed_topic_benchmark_interfaces__cpp
[0.242s] [ 12%] Built target zed_topic_benchmark_interfaces__rosidl_generator_c
[0.253s] [35m[1mConsolidate compiler generated dependencies of target zed_topic_benchmark_interfaces__rosidl_typesupport_fastrtps_cpp[0m
[0.263s] [35m[1mConsolidate compiler generated dependencies of target zed_topic_benchmark_interfaces__rosidl_typesupport_cpp[0m
[0.264s] [35m[1mConsolidate compiler generated dependencies of target zed_topic_benchmark_interfaces__rosidl_typesupport_introspection_cpp[0m
[0.301s] [ 22%] Built target zed_topic_benchmark_interfaces__rosidl_typesupport_cpp
[0.302s] [35m[1mConsolidate compiler generated dependencies of target zed_topic_benchmark_interfaces__rosidl_typesupport_fastrtps_c[0m
[0.307s] [ 32%] Built target zed_topic_benchmark_interfaces__rosidl_typesupport_introspection_cpp
[0.316s] [35m[1mConsolidate compiler generated dependencies of target zed_topic_benchmark_interfaces__rosidl_typesupport_c[0m
[0.317s] [ 41%] Built target zed_topic_benchmark_interfaces__rosidl_typesupport_fastrtps_cpp
[0.320s] [35m[1mConsolidate compiler generated dependencies of target zed_topic_benchmark_interfaces__rosidl_typesupport_introspection_c[0m
[0.340s] [ 51%] Built target zed_topic_benchmark_interfaces__rosidl_typesupport_c
[0.342s] [ 61%] Built target zed_topic_benchmark_interfaces__rosidl_typesupport_fastrtps_c
[0.354s] [ 70%] Built target zed_topic_benchmark_interfaces__rosidl_typesupport_introspection_c
[0.395s] [ 70%] Built target zed_topic_benchmark_interfaces
[0.440s] [ 74%] Built target zed_topic_benchmark_interfaces__py
[0.464s] [35m[1mConsolidate compiler generated dependencies of target zed_topic_benchmark_interfaces__rosidl_generator_py[0m
[0.494s] [ 80%] Built target zed_topic_benchmark_interfaces__rosidl_generator_py
[0.520s] [35m[1mConsolidate compiler generated dependencies of target zed_topic_benchmark_interfaces__rosidl_typesupport_fastrtps_c__pyext[0m
[0.520s] [35m[1mConsolidate compiler generated dependencies of target zed_topic_benchmark_interfaces__rosidl_typesupport_c__pyext[0m
[0.522s] [35m[1mConsolidate compiler generated dependencies of target zed_topic_benchmark_interfaces__rosidl_typesupport_introspection_c__pyext[0m
[0.547s] [ 87%] Built target zed_topic_benchmark_interfaces__rosidl_typesupport_fastrtps_c__pyext
[0.547s] [ 93%] Built target zed_topic_benchmark_interfaces__rosidl_typesupport_introspection_c__pyext
[0.560s] [100%] Built target zed_topic_benchmark_interfaces__rosidl_typesupport_c__pyext
[0.810s] running egg_info
[0.812s] writing zed_topic_benchmark_interfaces.egg-info/PKG-INFO
[0.814s] writing dependency_links to zed_topic_benchmark_interfaces.egg-info/dependency_links.txt
[0.814s] writing top-level names to zed_topic_benchmark_interfaces.egg-info/top_level.txt
[0.820s] reading manifest file 'zed_topic_benchmark_interfaces.egg-info/SOURCES.txt'
[0.821s] writing manifest file 'zed_topic_benchmark_interfaces.egg-info/SOURCES.txt'
[0.907s] [100%] Built target ament_cmake_python_build_zed_topic_benchmark_interfaces_egg
[0.987s] Invoked command in '/home/user/vision_ws/build/zed_topic_benchmark_interfaces' returned '0': CMAKE_PREFIX_PATH=${CMAKE_PREFIX_PATH}:/home/user/autorover_ws/install/autorover_bringup:/opt/ros/humble /usr/bin/cmake --build /home/user/vision_ws/build/zed_topic_benchmark_interfaces -- -j8 -l8
[0.991s] Invoking command in '/home/user/vision_ws/build/zed_topic_benchmark_interfaces': CMAKE_PREFIX_PATH=${CMAKE_PREFIX_PATH}:/home/user/autorover_ws/install/autorover_bringup:/opt/ros/humble /usr/bin/cmake --install /home/user/vision_ws/build/zed_topic_benchmark_interfaces
[1.011s] -- Install configuration: "Release"
[1.012s] -- Execute custom install script
[1.014s] -- Up-to-date symlink: /home/user/vision_ws/install/zed_topic_benchmark_interfaces/share/ament_index/resource_index/rosidl_interfaces/zed_topic_benchmark_interfaces
[1.014s] -- Up-to-date symlink: /home/user/vision_ws/install/zed_topic_benchmark_interfaces/include/zed_topic_benchmark_interfaces/zed_topic_benchmark_interfaces/msg/benchmark_stats_stamped.h
[1.014s] -- Up-to-date symlink: /home/user/vision_ws/install/zed_topic_benchmark_interfaces/include/zed_topic_benchmark_interfaces/zed_topic_benchmark_interfaces/msg/detail/benchmark_stats_stamped__functions.h
[1.015s] -- Up-to-date symlink: /home/user/vision_ws/install/zed_topic_benchmark_interfaces/include/zed_topic_benchmark_interfaces/zed_topic_benchmark_interfaces/msg/detail/benchmark_stats_stamped__struct.h
[1.015s] -- Up-to-date symlink: /home/user/vision_ws/install/zed_topic_benchmark_interfaces/include/zed_topic_benchmark_interfaces/zed_topic_benchmark_interfaces/msg/detail/benchmark_stats_stamped__type_support.h
[1.016s] -- Up-to-date symlink: /home/user/vision_ws/install/zed_topic_benchmark_interfaces/include/zed_topic_benchmark_interfaces/zed_topic_benchmark_interfaces/msg/rosidl_generator_c__visibility_control.h
[1.017s] -- Up-to-date symlink: /home/user/vision_ws/install/zed_topic_benchmark_interfaces/share/zed_topic_benchmark_interfaces/environment/library_path.sh
[1.018s] -- Up-to-date symlink: /home/user/vision_ws/install/zed_topic_benchmark_interfaces/share/zed_topic_benchmark_interfaces/environment/library_path.dsv
[1.018s] -- Up-to-date symlink: /home/user/vision_ws/install/zed_topic_benchmark_interfaces/include/zed_topic_benchmark_interfaces/zed_topic_benchmark_interfaces/msg/detail/benchmark_stats_stamped__rosidl_typesupport_fastrtps_c.h
[1.018s] -- Up-to-date symlink: /home/user/vision_ws/install/zed_topic_benchmark_interfaces/include/zed_topic_benchmark_interfaces/zed_topic_benchmark_interfaces/msg/rosidl_typesupport_fastrtps_c__visibility_control.h
[1.019s] -- Up-to-date symlink: /home/user/vision_ws/install/zed_topic_benchmark_interfaces/include/zed_topic_benchmark_interfaces/zed_topic_benchmark_interfaces/msg/benchmark_stats_stamped.hpp
[1.019s] -- Up-to-date symlink: /home/user/vision_ws/install/zed_topic_benchmark_interfaces/include/zed_topic_benchmark_interfaces/zed_topic_benchmark_interfaces/msg/detail/benchmark_stats_stamped__builder.hpp
[1.020s] -- Up-to-date symlink: /home/user/vision_ws/install/zed_topic_benchmark_interfaces/include/zed_topic_benchmark_interfaces/zed_topic_benchmark_interfaces/msg/detail/benchmark_stats_stamped__struct.hpp
[1.021s] -- Up-to-date symlink: /home/user/vision_ws/install/zed_topic_benchmark_interfaces/include/zed_topic_benchmark_interfaces/zed_topic_benchmark_interfaces/msg/detail/benchmark_stats_stamped__traits.hpp
[1.022s] -- Up-to-date symlink: /home/user/vision_ws/install/zed_topic_benchmark_interfaces/include/zed_topic_benchmark_interfaces/zed_topic_benchmark_interfaces/msg/detail/benchmark_stats_stamped__type_support.hpp
[1.030s] -- Up-to-date symlink: /home/user/vision_ws/install/zed_topic_benchmark_interfaces/include/zed_topic_benchmark_interfaces/zed_topic_benchmark_interfaces/msg/rosidl_generator_cpp__visibility_control.hpp
[1.034s] -- Up-to-date symlink: /home/user/vision_ws/install/zed_topic_benchmark_interfaces/include/zed_topic_benchmark_interfaces/zed_topic_benchmark_interfaces/msg/detail/benchmark_stats_stamped__rosidl_typesupport_fastrtps_cpp.hpp
[1.035s] -- Up-to-date symlink: /home/user/vision_ws/install/zed_topic_benchmark_interfaces/include/zed_topic_benchmark_interfaces/zed_topic_benchmark_interfaces/msg/rosidl_typesupport_fastrtps_cpp__visibility_control.h
[1.035s] -- Up-to-date symlink: /home/user/vision_ws/install/zed_topic_benchmark_interfaces/include/zed_topic_benchmark_interfaces/zed_topic_benchmark_interfaces/msg/detail/benchmark_stats_stamped__rosidl_typesupport_introspection_c.h
[1.036s] -- Up-to-date symlink: /home/user/vision_ws/install/zed_topic_benchmark_interfaces/include/zed_topic_benchmark_interfaces/zed_topic_benchmark_interfaces/msg/rosidl_typesupport_introspection_c__visibility_control.h
[1.036s] -- Up-to-date symlink: /home/user/vision_ws/install/zed_topic_benchmark_interfaces/include/zed_topic_benchmark_interfaces/zed_topic_benchmark_interfaces/msg/detail/benchmark_stats_stamped__rosidl_typesupport_introspection_cpp.hpp
[1.037s] -- Up-to-date symlink: /home/user/vision_ws/install/zed_topic_benchmark_interfaces/share/zed_topic_benchmark_interfaces/environment/pythonpath.sh
[1.038s] -- Up-to-date symlink: /home/user/vision_ws/install/zed_topic_benchmark_interfaces/share/zed_topic_benchmark_interfaces/environment/pythonpath.dsv
[1.041s] -- Up-to-date symlink: /home/user/vision_ws/install/zed_topic_benchmark_interfaces/local/lib/python3.10/dist-packages/zed_topic_benchmark_interfaces-5.0.0-py3.10.egg-info/PKG-INFO
[1.041s] -- Up-to-date symlink: /home/user/vision_ws/install/zed_topic_benchmark_interfaces/local/lib/python3.10/dist-packages/zed_topic_benchmark_interfaces-5.0.0-py3.10.egg-info/SOURCES.txt
[1.041s] -- Up-to-date symlink: /home/user/vision_ws/install/zed_topic_benchmark_interfaces/local/lib/python3.10/dist-packages/zed_topic_benchmark_interfaces-5.0.0-py3.10.egg-info/dependency_links.txt
[1.041s] -- Up-to-date symlink: /home/user/vision_ws/install/zed_topic_benchmark_interfaces/local/lib/python3.10/dist-packages/zed_topic_benchmark_interfaces-5.0.0-py3.10.egg-info/top_level.txt
[1.041s] -- Up-to-date symlink: /home/user/vision_ws/install/zed_topic_benchmark_interfaces/local/lib/python3.10/dist-packages/zed_topic_benchmark_interfaces/__init__.py
[1.041s] -- Up-to-date symlink: /home/user/vision_ws/install/zed_topic_benchmark_interfaces/local/lib/python3.10/dist-packages/zed_topic_benchmark_interfaces/_zed_topic_benchmark_interfaces_s.ep.rosidl_typesupport_c.c
[1.042s] -- Up-to-date symlink: /home/user/vision_ws/install/zed_topic_benchmark_interfaces/local/lib/python3.10/dist-packages/zed_topic_benchmark_interfaces/_zed_topic_benchmark_interfaces_s.ep.rosidl_typesupport_fastrtps_c.c
[1.042s] -- Up-to-date symlink: /home/user/vision_ws/install/zed_topic_benchmark_interfaces/local/lib/python3.10/dist-packages/zed_topic_benchmark_interfaces/_zed_topic_benchmark_interfaces_s.ep.rosidl_typesupport_introspection_c.c
[1.042s] -- Up-to-date symlink: /home/user/vision_ws/install/zed_topic_benchmark_interfaces/local/lib/python3.10/dist-packages/zed_topic_benchmark_interfaces/libzed_topic_benchmark_interfaces__rosidl_generator_py.so
[1.042s] -- Up-to-date symlink: /home/user/vision_ws/install/zed_topic_benchmark_interfaces/local/lib/python3.10/dist-packages/zed_topic_benchmark_interfaces/msg/__init__.py
[1.043s] -- Up-to-date symlink: /home/user/vision_ws/install/zed_topic_benchmark_interfaces/local/lib/python3.10/dist-packages/zed_topic_benchmark_interfaces/msg/_benchmark_stats_stamped.py
[1.043s] -- Up-to-date symlink: /home/user/vision_ws/install/zed_topic_benchmark_interfaces/local/lib/python3.10/dist-packages/zed_topic_benchmark_interfaces/msg/_benchmark_stats_stamped_s.c
[1.043s] -- Up-to-date symlink: /home/user/vision_ws/install/zed_topic_benchmark_interfaces/local/lib/python3.10/dist-packages/zed_topic_benchmark_interfaces/zed_topic_benchmark_interfaces_s__rosidl_typesupport_c.cpython-310-aarch64-linux-gnu.so
[1.043s] -- Up-to-date symlink: /home/user/vision_ws/install/zed_topic_benchmark_interfaces/local/lib/python3.10/dist-packages/zed_topic_benchmark_interfaces/zed_topic_benchmark_interfaces_s__rosidl_typesupport_fastrtps_c.cpython-310-aarch64-linux-gnu.so
[1.043s] -- Up-to-date symlink: /home/user/vision_ws/install/zed_topic_benchmark_interfaces/local/lib/python3.10/dist-packages/zed_topic_benchmark_interfaces/zed_topic_benchmark_interfaces_s__rosidl_typesupport_introspection_c.cpython-310-aarch64-linux-gnu.so
[1.045s] -- Up-to-date symlink: /home/user/vision_ws/install/zed_topic_benchmark_interfaces/local/lib/python3.10/dist-packages/zed_topic_benchmark_interfaces/zed_topic_benchmark_interfaces_s__rosidl_typesupport_fastrtps_c.cpython-310-aarch64-linux-gnu.so
[1.045s] -- Up-to-date symlink: /home/user/vision_ws/install/zed_topic_benchmark_interfaces/local/lib/python3.10/dist-packages/zed_topic_benchmark_interfaces/zed_topic_benchmark_interfaces_s__rosidl_typesupport_introspection_c.cpython-310-aarch64-linux-gnu.so
[1.045s] -- Up-to-date symlink: /home/user/vision_ws/install/zed_topic_benchmark_interfaces/local/lib/python3.10/dist-packages/zed_topic_benchmark_interfaces/zed_topic_benchmark_interfaces_s__rosidl_typesupport_c.cpython-310-aarch64-linux-gnu.so
[1.046s] -- Up-to-date symlink: /home/user/vision_ws/install/zed_topic_benchmark_interfaces/share/zed_topic_benchmark_interfaces/msg/BenchmarkStatsStamped.idl
[1.046s] -- Up-to-date symlink: /home/user/vision_ws/install/zed_topic_benchmark_interfaces/share/zed_topic_benchmark_interfaces/msg/BenchmarkStatsStamped.msg
[1.046s] -- Up-to-date symlink: /home/user/vision_ws/install/zed_topic_benchmark_interfaces/share/ament_index/resource_index/package_run_dependencies/zed_topic_benchmark_interfaces
[1.047s] -- Up-to-date symlink: /home/user/vision_ws/install/zed_topic_benchmark_interfaces/share/ament_index/resource_index/parent_prefix_path/zed_topic_benchmark_interfaces
[1.047s] -- Up-to-date symlink: /home/user/vision_ws/install/zed_topic_benchmark_interfaces/share/zed_topic_benchmark_interfaces/environment/ament_prefix_path.sh
[1.049s] -- Up-to-date symlink: /home/user/vision_ws/install/zed_topic_benchmark_interfaces/share/zed_topic_benchmark_interfaces/environment/ament_prefix_path.dsv
[1.051s] -- Up-to-date symlink: /home/user/vision_ws/install/zed_topic_benchmark_interfaces/share/zed_topic_benchmark_interfaces/environment/path.sh
[1.051s] -- Up-to-date symlink: /home/user/vision_ws/install/zed_topic_benchmark_interfaces/share/zed_topic_benchmark_interfaces/environment/path.dsv
[1.051s] -- Up-to-date symlink: /home/user/vision_ws/install/zed_topic_benchmark_interfaces/share/zed_topic_benchmark_interfaces/local_setup.bash
[1.052s] -- Up-to-date symlink: /home/user/vision_ws/install/zed_topic_benchmark_interfaces/share/zed_topic_benchmark_interfaces/local_setup.sh
[1.052s] -- Up-to-date symlink: /home/user/vision_ws/install/zed_topic_benchmark_interfaces/share/zed_topic_benchmark_interfaces/local_setup.zsh
[1.052s] -- Up-to-date symlink: /home/user/vision_ws/install/zed_topic_benchmark_interfaces/share/zed_topic_benchmark_interfaces/local_setup.dsv
[1.053s] -- Symlinking: /home/user/vision_ws/install/zed_topic_benchmark_interfaces/share/zed_topic_benchmark_interfaces/package.dsv
[1.068s] -- Up-to-date symlink: /home/user/vision_ws/install/zed_topic_benchmark_interfaces/share/ament_index/resource_index/packages/zed_topic_benchmark_interfaces
[1.068s] -- Up-to-date symlink: /home/user/vision_ws/install/zed_topic_benchmark_interfaces/share/zed_topic_benchmark_interfaces/cmake/rosidl_cmake-extras.cmake
[1.070s] -- Up-to-date symlink: /home/user/vision_ws/install/zed_topic_benchmark_interfaces/share/zed_topic_benchmark_interfaces/cmake/ament_cmake_export_dependencies-extras.cmake
[1.071s] -- Up-to-date symlink: /home/user/vision_ws/install/zed_topic_benchmark_interfaces/share/zed_topic_benchmark_interfaces/cmake/ament_cmake_export_include_directories-extras.cmake
[1.071s] -- Up-to-date symlink: /home/user/vision_ws/install/zed_topic_benchmark_interfaces/share/zed_topic_benchmark_interfaces/cmake/ament_cmake_export_libraries-extras.cmake
[1.072s] -- Up-to-date symlink: /home/user/vision_ws/install/zed_topic_benchmark_interfaces/share/zed_topic_benchmark_interfaces/cmake/ament_cmake_export_targets-extras.cmake
[1.072s] -- Up-to-date symlink: /home/user/vision_ws/install/zed_topic_benchmark_interfaces/share/zed_topic_benchmark_interfaces/cmake/rosidl_cmake_export_typesupport_targets-extras.cmake
[1.072s] -- Up-to-date symlink: /home/user/vision_ws/install/zed_topic_benchmark_interfaces/share/zed_topic_benchmark_interfaces/cmake/rosidl_cmake_export_typesupport_libraries-extras.cmake
[1.073s] -- Up-to-date symlink: /home/user/vision_ws/install/zed_topic_benchmark_interfaces/share/zed_topic_benchmark_interfaces/cmake/zed_topic_benchmark_interfacesConfig.cmake
[1.073s] -- Up-to-date symlink: /home/user/vision_ws/install/zed_topic_benchmark_interfaces/share/zed_topic_benchmark_interfaces/cmake/zed_topic_benchmark_interfacesConfig-version.cmake
[1.073s] -- Up-to-date symlink: /home/user/vision_ws/install/zed_topic_benchmark_interfaces/share/zed_topic_benchmark_interfaces/package.xml
[1.074s] -- Up-to-date: /home/user/vision_ws/install/zed_topic_benchmark_interfaces/lib/libzed_topic_benchmark_interfaces__rosidl_generator_c.so
[1.074s] -- Up-to-date: /home/user/vision_ws/install/zed_topic_benchmark_interfaces/lib/libzed_topic_benchmark_interfaces__rosidl_typesupport_fastrtps_c.so
[1.074s] -- Up-to-date: /home/user/vision_ws/install/zed_topic_benchmark_interfaces/lib/libzed_topic_benchmark_interfaces__rosidl_typesupport_fastrtps_cpp.so
[1.075s] -- Up-to-date: /home/user/vision_ws/install/zed_topic_benchmark_interfaces/lib/libzed_topic_benchmark_interfaces__rosidl_typesupport_introspection_c.so
[1.075s] -- Up-to-date: /home/user/vision_ws/install/zed_topic_benchmark_interfaces/lib/libzed_topic_benchmark_interfaces__rosidl_typesupport_c.so
[1.075s] -- Up-to-date: /home/user/vision_ws/install/zed_topic_benchmark_interfaces/lib/libzed_topic_benchmark_interfaces__rosidl_typesupport_introspection_cpp.so
[1.077s] -- Up-to-date: /home/user/vision_ws/install/zed_topic_benchmark_interfaces/lib/libzed_topic_benchmark_interfaces__rosidl_typesupport_cpp.so
[1.140s] Listing '/home/user/vision_ws/install/zed_topic_benchmark_interfaces/local/lib/python3.10/dist-packages/zed_topic_benchmark_interfaces'...
[1.141s] Listing '/home/user/vision_ws/install/zed_topic_benchmark_interfaces/local/lib/python3.10/dist-packages/zed_topic_benchmark_interfaces/msg'...
[1.152s] -- Up-to-date: /home/user/vision_ws/install/zed_topic_benchmark_interfaces/lib/libzed_topic_benchmark_interfaces__rosidl_generator_py.so
[1.153s] -- Up-to-date: /home/user/vision_ws/install/zed_topic_benchmark_interfaces/share/zed_topic_benchmark_interfaces/cmake/export_zed_topic_benchmark_interfaces__rosidl_generator_cExport.cmake
[1.154s] -- Up-to-date: /home/user/vision_ws/install/zed_topic_benchmark_interfaces/share/zed_topic_benchmark_interfaces/cmake/export_zed_topic_benchmark_interfaces__rosidl_generator_cExport-release.cmake
[1.154s] -- Up-to-date: /home/user/vision_ws/install/zed_topic_benchmark_interfaces/share/zed_topic_benchmark_interfaces/cmake/export_zed_topic_benchmark_interfaces__rosidl_typesupport_fastrtps_cExport.cmake
[1.155s] -- Up-to-date: /home/user/vision_ws/install/zed_topic_benchmark_interfaces/share/zed_topic_benchmark_interfaces/cmake/export_zed_topic_benchmark_interfaces__rosidl_typesupport_fastrtps_cExport-release.cmake
[1.156s] -- Up-to-date: /home/user/vision_ws/install/zed_topic_benchmark_interfaces/share/zed_topic_benchmark_interfaces/cmake/export_zed_topic_benchmark_interfaces__rosidl_generator_cppExport.cmake
[1.156s] -- Up-to-date: /home/user/vision_ws/install/zed_topic_benchmark_interfaces/share/zed_topic_benchmark_interfaces/cmake/export_zed_topic_benchmark_interfaces__rosidl_typesupport_fastrtps_cppExport.cmake
[1.157s] -- Up-to-date: /home/user/vision_ws/install/zed_topic_benchmark_interfaces/share/zed_topic_benchmark_interfaces/cmake/export_zed_topic_benchmark_interfaces__rosidl_typesupport_fastrtps_cppExport-release.cmake
[1.157s] -- Up-to-date: /home/user/vision_ws/install/zed_topic_benchmark_interfaces/share/zed_topic_benchmark_interfaces/cmake/zed_topic_benchmark_interfaces__rosidl_typesupport_introspection_cExport.cmake
[1.157s] -- Up-to-date: /home/user/vision_ws/install/zed_topic_benchmark_interfaces/share/zed_topic_benchmark_interfaces/cmake/zed_topic_benchmark_interfaces__rosidl_typesupport_introspection_cExport-release.cmake
[1.158s] -- Up-to-date: /home/user/vision_ws/install/zed_topic_benchmark_interfaces/share/zed_topic_benchmark_interfaces/cmake/zed_topic_benchmark_interfaces__rosidl_typesupport_cExport.cmake
[1.158s] -- Up-to-date: /home/user/vision_ws/install/zed_topic_benchmark_interfaces/share/zed_topic_benchmark_interfaces/cmake/zed_topic_benchmark_interfaces__rosidl_typesupport_cExport-release.cmake
[1.160s] -- Up-to-date: /home/user/vision_ws/install/zed_topic_benchmark_interfaces/share/zed_topic_benchmark_interfaces/cmake/zed_topic_benchmark_interfaces__rosidl_typesupport_introspection_cppExport.cmake
[1.161s] -- Up-to-date: /home/user/vision_ws/install/zed_topic_benchmark_interfaces/share/zed_topic_benchmark_interfaces/cmake/zed_topic_benchmark_interfaces__rosidl_typesupport_introspection_cppExport-release.cmake
[1.161s] -- Up-to-date: /home/user/vision_ws/install/zed_topic_benchmark_interfaces/share/zed_topic_benchmark_interfaces/cmake/zed_topic_benchmark_interfaces__rosidl_typesupport_cppExport.cmake
[1.161s] -- Up-to-date: /home/user/vision_ws/install/zed_topic_benchmark_interfaces/share/zed_topic_benchmark_interfaces/cmake/zed_topic_benchmark_interfaces__rosidl_typesupport_cppExport-release.cmake
[1.162s] -- Up-to-date: /home/user/vision_ws/install/zed_topic_benchmark_interfaces/share/zed_topic_benchmark_interfaces/cmake/export_zed_topic_benchmark_interfaces__rosidl_generator_pyExport.cmake
[1.162s] -- Up-to-date: /home/user/vision_ws/install/zed_topic_benchmark_interfaces/share/zed_topic_benchmark_interfaces/cmake/export_zed_topic_benchmark_interfaces__rosidl_generator_pyExport-release.cmake
[1.232s] Invoked command in '/home/user/vision_ws/build/zed_topic_benchmark_interfaces' returned '0': CMAKE_PREFIX_PATH=${CMAKE_PREFIX_PATH}:/home/user/autorover_ws/install/autorover_bringup:/opt/ros/humble /usr/bin/cmake --install /home/user/vision_ws/build/zed_topic_benchmark_interfaces
