[0.083s] Invoking command in '/home/user/vision_ws/build/zed_components': CMAKE_PREFIX_PATH=${CMAKE_PREFIX_PATH}:/home/user/autorover_ws/install/teleop_twist_keyboard:/home/user/autorover_ws/install/autorover_bringup:/opt/ros/humble /usr/bin/cmake --build /home/user/vision_ws/build/zed_components -- -j8 -l8
[0.230s] [ 42%] Built target zed_camera_one_component
[0.234s] [100%] Built target zed_camera_component
[0.302s] Invoked command in '/home/user/vision_ws/build/zed_components' returned '0': CMAKE_PREFIX_PATH=${CMAKE_PREFIX_PATH}:/home/user/autorover_ws/install/teleop_twist_keyboard:/home/user/autorover_ws/install/autorover_bringup:/opt/ros/humble /usr/bin/cmake --build /home/user/vision_ws/build/zed_components -- -j8 -l8
[0.306s] Invoking command in '/home/user/vision_ws/build/zed_components': CMAKE_PREFIX_PATH=${CMAKE_PREFIX_PATH}:/home/user/autorover_ws/install/teleop_twist_keyboard:/home/user/autorover_ws/install/autorover_bringup:/opt/ros/humble /usr/bin/cmake --install /home/user/vision_ws/build/zed_components
[0.323s] -- Install configuration: "Release"
[0.323s] -- Execute custom install script
[0.324s] -- Up-to-date symlink: /home/user/vision_ws/install/zed_components/lib/libzed_camera_component.so
[0.325s] -- Up-to-date symlink: /home/user/vision_ws/install/zed_components/lib/libzed_camera_one_component.so
[0.326s] -- Up-to-date symlink: /home/user/vision_ws/install/zed_components/include/zed_components//cost_traversability.hpp
[0.326s] -- Up-to-date symlink: /home/user/vision_ws/install/zed_components/include/zed_components//zed_camera_component.hpp
[0.326s] -- Up-to-date symlink: /home/user/vision_ws/install/zed_components/include/zed_components//zed_camera_one_component.hpp
[0.327s] -- Up-to-date symlink: /home/user/vision_ws/install/zed_components/include/zed_components//gnss_replay.hpp
[0.327s] -- Up-to-date symlink: /home/user/vision_ws/install/zed_components/include/zed_components//json.hpp
[0.327s] -- Up-to-date symlink: /home/user/vision_ws/install/zed_components/include/zed_components//sl_logging.hpp
[0.327s] -- Up-to-date symlink: /home/user/vision_ws/install/zed_components/include/zed_components//sl_tools.hpp
[0.327s] -- Up-to-date symlink: /home/user/vision_ws/install/zed_components/include/zed_components//sl_types.hpp
[0.327s] -- Up-to-date symlink: /home/user/vision_ws/install/zed_components/include/zed_components//sl_win_avg.hpp
[0.328s] -- Up-to-date symlink: /home/user/vision_ws/install/zed_components/include/zed_components//visibility_control.hpp
[0.328s] -- Up-to-date symlink: /home/user/vision_ws/install/zed_components/share/zed_components/environment/library_path.sh
[0.328s] -- Up-to-date symlink: /home/user/vision_ws/install/zed_components/share/zed_components/environment/library_path.dsv
[0.329s] -- Up-to-date symlink: /home/user/vision_ws/install/zed_components/share/ament_index/resource_index/package_run_dependencies/zed_components
[0.337s] -- Up-to-date symlink: /home/user/vision_ws/install/zed_components/share/ament_index/resource_index/parent_prefix_path/zed_components
[0.337s] -- Up-to-date symlink: /home/user/vision_ws/install/zed_components/share/zed_components/environment/ament_prefix_path.sh
[0.338s] -- Up-to-date symlink: /home/user/vision_ws/install/zed_components/share/zed_components/environment/ament_prefix_path.dsv
[0.339s] -- Up-to-date symlink: /home/user/vision_ws/install/zed_components/share/zed_components/environment/path.sh
[0.340s] -- Up-to-date symlink: /home/user/vision_ws/install/zed_components/share/zed_components/environment/path.dsv
[0.340s] -- Up-to-date symlink: /home/user/vision_ws/install/zed_components/share/zed_components/local_setup.bash
[0.340s] -- Up-to-date symlink: /home/user/vision_ws/install/zed_components/share/zed_components/local_setup.sh
[0.341s] -- Up-to-date symlink: /home/user/vision_ws/install/zed_components/share/zed_components/local_setup.zsh
[0.341s] -- Up-to-date symlink: /home/user/vision_ws/install/zed_components/share/zed_components/local_setup.dsv
[0.341s] -- Symlinking: /home/user/vision_ws/install/zed_components/share/zed_components/package.dsv
[0.352s] -- Up-to-date symlink: /home/user/vision_ws/install/zed_components/share/ament_index/resource_index/packages/zed_components
[0.353s] -- Up-to-date symlink: /home/user/vision_ws/install/zed_components/share/ament_index/resource_index/rclcpp_components/zed_components
[0.354s] -- Up-to-date symlink: /home/user/vision_ws/install/zed_components/share/zed_components/cmake/ament_cmake_export_include_directories-extras.cmake
[0.355s] -- Up-to-date symlink: /home/user/vision_ws/install/zed_components/share/zed_components/cmake/ament_cmake_export_libraries-extras.cmake
[0.356s] -- Up-to-date symlink: /home/user/vision_ws/install/zed_components/share/zed_components/cmake/ament_cmake_export_dependencies-extras.cmake
[0.357s] -- Up-to-date symlink: /home/user/vision_ws/install/zed_components/share/zed_components/cmake/zed_componentsConfig.cmake
[0.358s] -- Up-to-date symlink: /home/user/vision_ws/install/zed_components/share/zed_components/cmake/zed_componentsConfig-version.cmake
[0.358s] -- Up-to-date symlink: /home/user/vision_ws/install/zed_components/share/zed_components/package.xml
[0.447s] Invoked command in '/home/user/vision_ws/build/zed_components' returned '0': CMAKE_PREFIX_PATH=${CMAKE_PREFIX_PATH}:/home/user/autorover_ws/install/teleop_twist_keyboard:/home/user/autorover_ws/install/autorover_bringup:/opt/ros/humble /usr/bin/cmake --install /home/user/vision_ws/build/zed_components
