[0.089s] Invoking command in '/home/user/vision_ws/build/zed_components': CMAKE_PREFIX_PATH=${CMAKE_PREFIX_PATH}:/home/user/autorover_ws/install/teleop_twist_keyboard:/home/user/autorover_ws/install/autorover_bringup:/opt/ros/humble /usr/bin/cmake /home/user/vision_ws/src/zed-ros2-wrapper/zed_components -DCMAKE_BUILD_TYPE=Release -DAMENT_CMAKE_SYMLINK_INSTALL=1 -DCMAKE_INSTALL_PREFIX=/home/user/vision_ws/install/zed_components
[0.266s] -- Found CUDA: /usr/local/cuda (found suitable version "12.2", minimum required is "12.2") 
[0.322s] -- Found CUDA: /usr/local/cuda (found version "12.2") 
[0.323s] -- Found ament_cmake_auto: 1.3.11 (/opt/ros/humble/share/ament_cmake_auto/cmake)
[0.697s] -- Override CMake install command with custom implementation using symlinks instead of copying resources
[0.909s] -- Found rosidl_generator_c: 3.1.6 (/opt/ros/humble/share/rosidl_generator_c/cmake)
[0.914s] -- Found rosidl_adapter: 3.1.6 (/opt/ros/humble/share/rosidl_adapter/cmake)
[0.925s] -- Found rosidl_generator_cpp: 3.1.6 (/opt/ros/humble/share/rosidl_generator_cpp/cmake)
[0.944s] -- Using all available rosidl_typesupport_c: rosidl_typesupport_fastrtps_c;rosidl_typesupport_introspection_c
[0.970s] -- Using all available rosidl_typesupport_cpp: rosidl_typesupport_fastrtps_cpp;rosidl_typesupport_introspection_cpp
[1.146s] -- Found rmw_implementation_cmake: 6.1.2 (/opt/ros/humble/share/rmw_implementation_cmake/cmake)
[1.150s] -- Found rmw_fastrtps_cpp: 6.2.7 (/opt/ros/humble/share/rmw_fastrtps_cpp/cmake)
[1.357s] -- Using RMW implementation 'rmw_fastrtps_cpp' as default
[1.784s] -- Found eigen3_cmake_module: 0.1.1 (/opt/ros/humble/share/eigen3_cmake_module/cmake)
[1.786s] -- Ensuring Eigen3 include directory is part of orocos-kdl CMake target
[2.000s] -- Found ament_lint_auto: 0.12.12 (/opt/ros/humble/share/ament_lint_auto/cmake)
[2.099s] -- Added test 'copyright' to check source files copyright and LICENSE
[2.102s] -- Added test 'cppcheck' to perform static code analysis on C / C++ code
[2.103s] -- Configured cppcheck include dirs: /home/user/vision_ws/src/zed-ros2-wrapper/zed_components/src/include;/home/user/vision_ws/src/zed-ros2-wrapper/zed_components/src/zed_camera/include;/home/user/vision_ws/src/zed-ros2-wrapper/zed_components/src/tools/include
[2.103s] -- Configured cppcheck exclude dirs and/or files: 
[2.104s] -- Added test 'lint_cmake' to check CMake code style
[2.107s] -- Added test 'uncrustify' to check C / C++ code style
[2.107s] -- Configured uncrustify additional arguments: 
[2.108s] -- Added test 'xmllint' to check XML markup files
[2.115s] -- Configuring done
[2.193s] -- Generating done
[2.216s] -- Build files have been written to: /home/user/vision_ws/build/zed_components
[2.246s] Invoked command in '/home/user/vision_ws/build/zed_components' returned '0': CMAKE_PREFIX_PATH=${CMAKE_PREFIX_PATH}:/home/user/autorover_ws/install/teleop_twist_keyboard:/home/user/autorover_ws/install/autorover_bringup:/opt/ros/humble /usr/bin/cmake /home/user/vision_ws/src/zed-ros2-wrapper/zed_components -DCMAKE_BUILD_TYPE=Release -DAMENT_CMAKE_SYMLINK_INSTALL=1 -DCMAKE_INSTALL_PREFIX=/home/user/vision_ws/install/zed_components
[2.249s] Invoking command in '/home/user/vision_ws/build/zed_components': CMAKE_PREFIX_PATH=${CMAKE_PREFIX_PATH}:/home/user/autorover_ws/install/teleop_twist_keyboard:/home/user/autorover_ws/install/autorover_bringup:/opt/ros/humble /usr/bin/cmake --build /home/user/vision_ws/build/zed_components -- -j8 -l8
[2.351s] [35m[1mConsolidate compiler generated dependencies of target zed_camera_one_component[0m
[2.354s] [35m[1mConsolidate compiler generated dependencies of target zed_camera_component[0m
[2.420s] [ 42%] Built target zed_camera_one_component
[2.427s] [100%] Built target zed_camera_component
[2.455s] Invoked command in '/home/user/vision_ws/build/zed_components' returned '0': CMAKE_PREFIX_PATH=${CMAKE_PREFIX_PATH}:/home/user/autorover_ws/install/teleop_twist_keyboard:/home/user/autorover_ws/install/autorover_bringup:/opt/ros/humble /usr/bin/cmake --build /home/user/vision_ws/build/zed_components -- -j8 -l8
[2.460s] Invoking command in '/home/user/vision_ws/build/zed_components': CMAKE_PREFIX_PATH=${CMAKE_PREFIX_PATH}:/home/user/autorover_ws/install/teleop_twist_keyboard:/home/user/autorover_ws/install/autorover_bringup:/opt/ros/humble /usr/bin/cmake --install /home/user/vision_ws/build/zed_components
[2.476s] -- Install configuration: "Release"
[2.477s] -- Execute custom install script
[2.478s] -- Up-to-date symlink: /home/user/vision_ws/install/zed_components/lib/libzed_camera_component.so
[2.478s] -- Up-to-date symlink: /home/user/vision_ws/install/zed_components/lib/libzed_camera_one_component.so
[2.479s] -- Up-to-date symlink: /home/user/vision_ws/install/zed_components/include/zed_components//cost_traversability.hpp
[2.479s] -- Up-to-date symlink: /home/user/vision_ws/install/zed_components/include/zed_components//zed_camera_component.hpp
[2.480s] -- Up-to-date symlink: /home/user/vision_ws/install/zed_components/include/zed_components//zed_camera_one_component.hpp
[2.480s] -- Up-to-date symlink: /home/user/vision_ws/install/zed_components/include/zed_components//gnss_replay.hpp
[2.481s] -- Up-to-date symlink: /home/user/vision_ws/install/zed_components/include/zed_components//json.hpp
[2.481s] -- Up-to-date symlink: /home/user/vision_ws/install/zed_components/include/zed_components//sl_logging.hpp
[2.482s] -- Up-to-date symlink: /home/user/vision_ws/install/zed_components/include/zed_components//sl_tools.hpp
[2.482s] -- Up-to-date symlink: /home/user/vision_ws/install/zed_components/include/zed_components//sl_types.hpp
[2.482s] -- Up-to-date symlink: /home/user/vision_ws/install/zed_components/include/zed_components//sl_win_avg.hpp
[2.483s] -- Up-to-date symlink: /home/user/vision_ws/install/zed_components/include/zed_components//visibility_control.hpp
[2.483s] -- Up-to-date symlink: /home/user/vision_ws/install/zed_components/share/zed_components/environment/library_path.sh
[2.483s] -- Up-to-date symlink: /home/user/vision_ws/install/zed_components/share/zed_components/environment/library_path.dsv
[2.484s] -- Up-to-date symlink: /home/user/vision_ws/install/zed_components/share/ament_index/resource_index/package_run_dependencies/zed_components
[2.485s] -- Up-to-date symlink: /home/user/vision_ws/install/zed_components/share/ament_index/resource_index/parent_prefix_path/zed_components
[2.485s] -- Up-to-date symlink: /home/user/vision_ws/install/zed_components/share/zed_components/environment/ament_prefix_path.sh
[2.486s] -- Up-to-date symlink: /home/user/vision_ws/install/zed_components/share/zed_components/environment/ament_prefix_path.dsv
[2.486s] -- Up-to-date symlink: /home/user/vision_ws/install/zed_components/share/zed_components/environment/path.sh
[2.486s] -- Up-to-date symlink: /home/user/vision_ws/install/zed_components/share/zed_components/environment/path.dsv
[2.487s] -- Up-to-date symlink: /home/user/vision_ws/install/zed_components/share/zed_components/local_setup.bash
[2.487s] -- Up-to-date symlink: /home/user/vision_ws/install/zed_components/share/zed_components/local_setup.sh
[2.487s] -- Up-to-date symlink: /home/user/vision_ws/install/zed_components/share/zed_components/local_setup.zsh
[2.488s] -- Up-to-date symlink: /home/user/vision_ws/install/zed_components/share/zed_components/local_setup.dsv
[2.488s] -- Symlinking: /home/user/vision_ws/install/zed_components/share/zed_components/package.dsv
[2.509s] -- Up-to-date symlink: /home/user/vision_ws/install/zed_components/share/ament_index/resource_index/packages/zed_components
[2.509s] -- Up-to-date symlink: /home/user/vision_ws/install/zed_components/share/ament_index/resource_index/rclcpp_components/zed_components
[2.510s] -- Up-to-date symlink: /home/user/vision_ws/install/zed_components/share/zed_components/cmake/ament_cmake_export_include_directories-extras.cmake
[2.510s] -- Up-to-date symlink: /home/user/vision_ws/install/zed_components/share/zed_components/cmake/ament_cmake_export_libraries-extras.cmake
[2.511s] -- Up-to-date symlink: /home/user/vision_ws/install/zed_components/share/zed_components/cmake/ament_cmake_export_dependencies-extras.cmake
[2.511s] -- Up-to-date symlink: /home/user/vision_ws/install/zed_components/share/zed_components/cmake/zed_componentsConfig.cmake
[2.511s] -- Up-to-date symlink: /home/user/vision_ws/install/zed_components/share/zed_components/cmake/zed_componentsConfig-version.cmake
[2.512s] -- Up-to-date symlink: /home/user/vision_ws/install/zed_components/share/zed_components/package.xml
[2.517s] Invoked command in '/home/user/vision_ws/build/zed_components' returned '0': CMAKE_PREFIX_PATH=${CMAKE_PREFIX_PATH}:/home/user/autorover_ws/install/teleop_twist_keyboard:/home/user/autorover_ws/install/autorover_bringup:/opt/ros/humble /usr/bin/cmake --install /home/user/vision_ws/build/zed_components
