[0.120s] Invoking command in '/home/user/vision_ws/build/zed_aruco_localization': CMAKE_PREFIX_PATH=/home/user/vision_ws/install/zed_components:/home/user/vision_ws/install/zed_ros2:/home/user/vision_ws/install/zed_wrapper:/home/user/autorover_ws/install/zed_components:/home/user/autorover_ws/install/mavros_extras:/home/user/autorover_ws/install/mavros:/home/user/autorover_ws/install/mavros_msgs:/home/user/autorover_ws/install/libmavconn:/home/user/autorover_ws/install/autorover_bringup:/opt/ros/humble /usr/bin/cmake /home/user/vision_ws/src/zed-ros2-examples/examples/zed_aruco_localization -DCMAKE_BUILD_TYPE=Release -DAMENT_CMAKE_SYMLINK_INSTALL=1 -DCMAKE_INSTALL_PREFIX=/home/user/vision_ws/install/zed_aruco_localization
[0.400s] -- The C compiler identification is GNU 11.4.0
[0.635s] -- The CXX compiler identification is GNU 11.4.0
[0.661s] -- Detecting C compiler ABI info
[1.129s] -- Detecting C compiler ABI info - done
[1.141s] -- Check for working C compiler: /usr/bin/cc - skipped
[1.152s] -- Detecting C compile features
[1.152s] -- Detecting C compile features - done
[1.175s] -- Detecting CXX compiler ABI info
[1.591s] -- Detecting CXX compiler ABI info - done
[1.602s] -- Check for working CXX compiler: /usr/bin/c++ - skipped
[1.616s] -- Detecting CXX compile features
[1.616s] -- Detecting CXX compile features - done
[1.668s] -- Found OpenCV: /usr (found suitable version "4.8.0", minimum required is "4") 
[1.677s] -- Looking for sgemm_
[2.135s] -- Looking for sgemm_ - not found
[2.135s] -- Looking for pthread.h
[2.591s] -- Looking for pthread.h - found
[2.591s] -- Performing Test CMAKE_HAVE_LIBC_PTHREAD
[3.023s] -- Performing Test CMAKE_HAVE_LIBC_PTHREAD - Success
[3.025s] -- Found Threads: TRUE  
[3.195s] -- Looking for sgemm_
[3.791s] -- Looking for sgemm_ - found
[3.791s] -- Found BLAS: /usr/lib/aarch64-linux-gnu/libopenblas.so  
[3.932s] -- Found CUDA: /usr/local/cuda (found suitable version "12.2", minimum required is "12.2") 
[4.084s] -- Found CUDA: /usr/local/cuda (found version "12.2") 
[4.090s] -- Found ament_cmake_auto: 1.3.11 (/opt/ros/humble/share/ament_cmake_auto/cmake)
[4.515s] -- Found Python3: /usr/bin/python3 (found version "3.10.12") found components: Interpreter 
[4.687s] -- Override CMake install command with custom implementation using symlinks instead of copying resources
[5.042s] -- Found rosidl_generator_c: 3.1.6 (/opt/ros/humble/share/rosidl_generator_c/cmake)
[5.057s] -- Found rosidl_adapter: 3.1.6 (/opt/ros/humble/share/rosidl_adapter/cmake)
[5.080s] -- Found rosidl_generator_cpp: 3.1.6 (/opt/ros/humble/share/rosidl_generator_cpp/cmake)
[5.111s] -- Using all available rosidl_typesupport_c: rosidl_typesupport_fastrtps_c;rosidl_typesupport_introspection_c
[5.157s] -- Using all available rosidl_typesupport_cpp: rosidl_typesupport_fastrtps_cpp;rosidl_typesupport_introspection_cpp
[5.311s] -- Found rmw_implementation_cmake: 6.1.2 (/opt/ros/humble/share/rmw_implementation_cmake/cmake)
[5.331s] -- Found rmw_fastrtps_cpp: 6.2.7 (/opt/ros/humble/share/rmw_fastrtps_cpp/cmake)
[5.877s] -- Found OpenSSL: /usr/lib/aarch64-linux-gnu/libcrypto.so (found version "3.0.2")  
[5.935s] -- Found FastRTPS: /opt/ros/humble/include  
[6.039s] -- Using RMW implementation 'rmw_fastrtps_cpp' as default
[6.725s] -- Found eigen3_cmake_module: 0.1.1 (/opt/ros/humble/share/eigen3_cmake_module/cmake)
[6.731s] -- Found Eigen3: TRUE (found version "3.4.0") 
[6.731s] -- Ensuring Eigen3 include directory is part of orocos-kdl CMake target
[7.356s] -- Found ament_lint_auto: 0.12.12 (/opt/ros/humble/share/ament_lint_auto/cmake)
[7.523s] -- Added test 'copyright' to check source files copyright and LICENSE
[7.527s] -- Added test 'cppcheck' to perform static code analysis on C / C++ code
[7.528s] -- Configured cppcheck include dirs: /home/user/vision_ws/src/zed-ros2-examples/examples/zed_aruco_localization/src/include;/home/user/vision_ws/src/zed-ros2-examples/examples/zed_aruco_localization/src/component/include
[7.528s] -- Configured cppcheck exclude dirs and/or files: 
[7.544s] -- Added test 'cpplint' to check C / C++ code against the Google style
[7.545s] -- Configured cpplint exclude dirs and/or files: 
[7.546s] -- Added test 'flake8' to check Python code syntax and style conventions
[7.548s] -- Added test 'lint_cmake' to check CMake code style
[7.550s] -- Added test 'pep257' to check Python code against some of the docstring style conventions in PEP 257
[7.554s] -- Added test 'uncrustify' to check C / C++ code style
[7.554s] -- Configured uncrustify additional arguments: 
[7.568s] -- Added test 'xmllint' to check XML markup files
[7.578s] -- Configuring done
[7.684s] -- Generating done
[7.722s] -- Build files have been written to: /home/user/vision_ws/build/zed_aruco_localization
[7.816s] Invoked command in '/home/user/vision_ws/build/zed_aruco_localization' returned '0': CMAKE_PREFIX_PATH=/home/user/vision_ws/install/zed_components:/home/user/vision_ws/install/zed_ros2:/home/user/vision_ws/install/zed_wrapper:/home/user/autorover_ws/install/zed_components:/home/user/autorover_ws/install/mavros_extras:/home/user/autorover_ws/install/mavros:/home/user/autorover_ws/install/mavros_msgs:/home/user/autorover_ws/install/libmavconn:/home/user/autorover_ws/install/autorover_bringup:/opt/ros/humble /usr/bin/cmake /home/user/vision_ws/src/zed-ros2-examples/examples/zed_aruco_localization -DCMAKE_BUILD_TYPE=Release -DAMENT_CMAKE_SYMLINK_INSTALL=1 -DCMAKE_INSTALL_PREFIX=/home/user/vision_ws/install/zed_aruco_localization
[7.817s] Invoking command in '/home/user/vision_ws/build/zed_aruco_localization': CMAKE_PREFIX_PATH=/home/user/vision_ws/install/zed_components:/home/user/vision_ws/install/zed_ros2:/home/user/vision_ws/install/zed_wrapper:/home/user/autorover_ws/install/zed_components:/home/user/autorover_ws/install/mavros_extras:/home/user/autorover_ws/install/mavros:/home/user/autorover_ws/install/mavros_msgs:/home/user/autorover_ws/install/libmavconn:/home/user/autorover_ws/install/autorover_bringup:/opt/ros/humble /usr/bin/cmake --build /home/user/vision_ws/build/zed_aruco_localization -- -j4 -l4
[8.079s] [ 33%] [32mBuilding CXX object CMakeFiles/zed_aruco_localization_component.dir/src/component/src/zed_aruco_localization_component.cpp.o[0m
[38.247s] [ 66%] [32mBuilding CXX object CMakeFiles/zed_aruco_localization_component.dir/src/component/src/aruco.cpp.o[0m
[50.135s] [100%] [32m[1mLinking CXX shared library libzed_aruco_localization_component.so[0m
[50.637s] [100%] Built target zed_aruco_localization_component
[50.681s] Invoked command in '/home/user/vision_ws/build/zed_aruco_localization' returned '0': CMAKE_PREFIX_PATH=/home/user/vision_ws/install/zed_components:/home/user/vision_ws/install/zed_ros2:/home/user/vision_ws/install/zed_wrapper:/home/user/autorover_ws/install/zed_components:/home/user/autorover_ws/install/mavros_extras:/home/user/autorover_ws/install/mavros:/home/user/autorover_ws/install/mavros_msgs:/home/user/autorover_ws/install/libmavconn:/home/user/autorover_ws/install/autorover_bringup:/opt/ros/humble /usr/bin/cmake --build /home/user/vision_ws/build/zed_aruco_localization -- -j4 -l4
[50.685s] Invoking command in '/home/user/vision_ws/build/zed_aruco_localization': CMAKE_PREFIX_PATH=/home/user/vision_ws/install/zed_components:/home/user/vision_ws/install/zed_ros2:/home/user/vision_ws/install/zed_wrapper:/home/user/autorover_ws/install/zed_components:/home/user/autorover_ws/install/mavros_extras:/home/user/autorover_ws/install/mavros:/home/user/autorover_ws/install/mavros_msgs:/home/user/autorover_ws/install/libmavconn:/home/user/autorover_ws/install/autorover_bringup:/opt/ros/humble /usr/bin/cmake --install /home/user/vision_ws/build/zed_aruco_localization
[50.701s] -- Install configuration: "Release"
[50.701s] -- Execute custom install script
[50.702s] -- Symlinking: /home/user/vision_ws/install/zed_aruco_localization/lib/libzed_aruco_localization_component.so
[50.722s] -- Symlinking: /home/user/vision_ws/install/zed_aruco_localization/include/zed_aruco_localization//aruco_loc_visibility_control.hpp
[50.741s] -- Symlinking: /home/user/vision_ws/install/zed_aruco_localization/include/zed_aruco_localization//aruco.hpp
[50.759s] -- Symlinking: /home/user/vision_ws/install/zed_aruco_localization/include/zed_aruco_localization//zed_aruco_localization_component.hpp
[50.777s] -- Symlinking: /home/user/vision_ws/install/zed_aruco_localization/share/zed_aruco_localization/launch/zed_aruco_loc.launch.py
[50.795s] -- Symlinking: /home/user/vision_ws/install/zed_aruco_localization/share/zed_aruco_localization/config/aruco_loc.yaml
[50.813s] -- Symlinking: /home/user/vision_ws/install/zed_aruco_localization/share/zed_aruco_localization/rviz2/aruco.rviz
[50.832s] -- Symlinking: /home/user/vision_ws/install/zed_aruco_localization/share/zed_aruco_localization/environment/library_path.sh
[50.849s] -- Symlinking: /home/user/vision_ws/install/zed_aruco_localization/share/zed_aruco_localization/environment/library_path.dsv
[50.868s] -- Symlinking: /home/user/vision_ws/install/zed_aruco_localization/share/ament_index/resource_index/package_run_dependencies/zed_aruco_localization
[50.888s] -- Symlinking: /home/user/vision_ws/install/zed_aruco_localization/share/ament_index/resource_index/parent_prefix_path/zed_aruco_localization
[50.907s] -- Symlinking: /home/user/vision_ws/install/zed_aruco_localization/share/zed_aruco_localization/environment/ament_prefix_path.sh
[50.924s] -- Symlinking: /home/user/vision_ws/install/zed_aruco_localization/share/zed_aruco_localization/environment/ament_prefix_path.dsv
[50.944s] -- Symlinking: /home/user/vision_ws/install/zed_aruco_localization/share/zed_aruco_localization/environment/path.sh
[50.961s] -- Symlinking: /home/user/vision_ws/install/zed_aruco_localization/share/zed_aruco_localization/environment/path.dsv
[50.979s] -- Symlinking: /home/user/vision_ws/install/zed_aruco_localization/share/zed_aruco_localization/local_setup.bash
[50.998s] -- Symlinking: /home/user/vision_ws/install/zed_aruco_localization/share/zed_aruco_localization/local_setup.sh
[51.015s] -- Symlinking: /home/user/vision_ws/install/zed_aruco_localization/share/zed_aruco_localization/local_setup.zsh
[51.033s] -- Symlinking: /home/user/vision_ws/install/zed_aruco_localization/share/zed_aruco_localization/local_setup.dsv
[51.052s] -- Symlinking: /home/user/vision_ws/install/zed_aruco_localization/share/zed_aruco_localization/package.dsv
[51.074s] -- Symlinking: /home/user/vision_ws/install/zed_aruco_localization/share/ament_index/resource_index/packages/zed_aruco_localization
[51.094s] -- Symlinking: /home/user/vision_ws/install/zed_aruco_localization/share/ament_index/resource_index/rclcpp_components/zed_aruco_localization
[51.113s] -- Symlinking: /home/user/vision_ws/install/zed_aruco_localization/share/zed_aruco_localization/cmake/ament_cmake_export_include_directories-extras.cmake
[51.132s] -- Symlinking: /home/user/vision_ws/install/zed_aruco_localization/share/zed_aruco_localization/cmake/ament_cmake_export_libraries-extras.cmake
[51.152s] -- Symlinking: /home/user/vision_ws/install/zed_aruco_localization/share/zed_aruco_localization/cmake/ament_cmake_export_dependencies-extras.cmake
[51.174s] -- Symlinking: /home/user/vision_ws/install/zed_aruco_localization/share/zed_aruco_localization/cmake/zed_aruco_localizationConfig.cmake
[51.193s] -- Symlinking: /home/user/vision_ws/install/zed_aruco_localization/share/zed_aruco_localization/cmake/zed_aruco_localizationConfig-version.cmake
[51.211s] -- Symlinking: /home/user/vision_ws/install/zed_aruco_localization/share/zed_aruco_localization/package.xml
[51.235s] Invoked command in '/home/user/vision_ws/build/zed_aruco_localization' returned '0': CMAKE_PREFIX_PATH=/home/user/vision_ws/install/zed_components:/home/user/vision_ws/install/zed_ros2:/home/user/vision_ws/install/zed_wrapper:/home/user/autorover_ws/install/zed_components:/home/user/autorover_ws/install/mavros_extras:/home/user/autorover_ws/install/mavros:/home/user/autorover_ws/install/mavros_msgs:/home/user/autorover_ws/install/libmavconn:/home/user/autorover_ws/install/autorover_bringup:/opt/ros/humble /usr/bin/cmake --install /home/user/vision_ws/build/zed_aruco_localization
