[0.062s] Invoking command in '/home/user/vision_ws/build/zed_tutorial_pos_tracking': CMAKE_PREFIX_PATH=${CMAKE_PREFIX_PATH}:/home/user/autorover_ws/install/teleop_twist_keyboard:/home/user/autorover_ws/install/autorover_bringup:/opt/ros/humble /usr/bin/cmake /home/user/vision_ws/src/zed-ros2-examples/tutorials/zed_pose_tutorial -DCMAKE_INSTALL_PREFIX=/home/user/vision_ws/install/zed_tutorial_pos_tracking
[0.087s] -- Found ament_cmake_auto: 1.3.11 (/opt/ros/humble/share/ament_cmake_auto/cmake)
[0.397s] -- Override CMake install command with custom implementation using symlinks instead of copying resources
[0.709s] -- Found rosidl_generator_c: 3.1.6 (/opt/ros/humble/share/rosidl_generator_c/cmake)
[0.714s] -- Found rosidl_adapter: 3.1.6 (/opt/ros/humble/share/rosidl_adapter/cmake)
[0.729s] -- Found rosidl_generator_cpp: 3.1.6 (/opt/ros/humble/share/rosidl_generator_cpp/cmake)
[0.755s] -- Using all available rosidl_typesupport_c: rosidl_typesupport_fastrtps_c;rosidl_typesupport_introspection_c
[0.787s] -- Using all available rosidl_typesupport_cpp: rosidl_typesupport_fastrtps_cpp;rosidl_typesupport_introspection_cpp
[0.868s] -- Found rmw_implementation_cmake: 6.1.2 (/opt/ros/humble/share/rmw_implementation_cmake/cmake)
[0.874s] -- Found rmw_fastrtps_cpp: 6.2.7 (/opt/ros/humble/share/rmw_fastrtps_cpp/cmake)
[1.102s] -- Using RMW implementation 'rmw_fastrtps_cpp' as default
[1.466s] -- Found ament_lint_auto: 0.12.12 (/opt/ros/humble/share/ament_lint_auto/cmake)
[1.521s] -- Added test 'copyright' to check source files copyright and LICENSE
[1.523s] -- Added test 'cppcheck' to perform static code analysis on C / C++ code
[1.524s] -- Configured cppcheck include dirs: 
[1.524s] -- Configured cppcheck exclude dirs and/or files: 
[1.525s] -- Added test 'cpplint' to check C / C++ code against the Google style
[1.525s] -- Configured cpplint exclude dirs and/or files: 
[1.526s] -- Added test 'lint_cmake' to check CMake code style
[1.527s] -- Added test 'uncrustify' to check C / C++ code style
[1.529s] -- Configured uncrustify additional arguments: 
[1.529s] -- Added test 'xmllint' to check XML markup files
[1.531s] -- Configuring done
[1.562s] -- Generating done
[1.573s] -- Build files have been written to: /home/user/vision_ws/build/zed_tutorial_pos_tracking
[1.600s] Invoked command in '/home/user/vision_ws/build/zed_tutorial_pos_tracking' returned '0': CMAKE_PREFIX_PATH=${CMAKE_PREFIX_PATH}:/home/user/autorover_ws/install/teleop_twist_keyboard:/home/user/autorover_ws/install/autorover_bringup:/opt/ros/humble /usr/bin/cmake /home/user/vision_ws/src/zed-ros2-examples/tutorials/zed_pose_tutorial -DCMAKE_INSTALL_PREFIX=/home/user/vision_ws/install/zed_tutorial_pos_tracking
[1.606s] Invoking command in '/home/user/vision_ws/build/zed_tutorial_pos_tracking': CMAKE_PREFIX_PATH=${CMAKE_PREFIX_PATH}:/home/user/autorover_ws/install/teleop_twist_keyboard:/home/user/autorover_ws/install/autorover_bringup:/opt/ros/humble /usr/bin/cmake --build /home/user/vision_ws/build/zed_tutorial_pos_tracking -- -j8 -l8
[1.695s] [35m[1mConsolidate compiler generated dependencies of target zed_tutorial_pos_tracking[0m
[1.735s] [100%] Built target zed_tutorial_pos_tracking
[1.762s] Invoked command in '/home/user/vision_ws/build/zed_tutorial_pos_tracking' returned '0': CMAKE_PREFIX_PATH=${CMAKE_PREFIX_PATH}:/home/user/autorover_ws/install/teleop_twist_keyboard:/home/user/autorover_ws/install/autorover_bringup:/opt/ros/humble /usr/bin/cmake --build /home/user/vision_ws/build/zed_tutorial_pos_tracking -- -j8 -l8
[1.766s] Invoking command in '/home/user/vision_ws/build/zed_tutorial_pos_tracking': CMAKE_PREFIX_PATH=${CMAKE_PREFIX_PATH}:/home/user/autorover_ws/install/teleop_twist_keyboard:/home/user/autorover_ws/install/autorover_bringup:/opt/ros/humble /usr/bin/cmake --install /home/user/vision_ws/build/zed_tutorial_pos_tracking
[1.784s] -- Install configuration: "Release"
[1.785s] -- Execute custom install script
[1.786s] -- Up-to-date symlink: /home/user/vision_ws/install/zed_tutorial_pos_tracking/lib/zed_tutorial_pos_tracking/zed_tutorial_pos_tracking
[1.786s] -- Up-to-date symlink: /home/user/vision_ws/install/zed_tutorial_pos_tracking/share/ament_index/resource_index/package_run_dependencies/zed_tutorial_pos_tracking
[1.787s] -- Up-to-date symlink: /home/user/vision_ws/install/zed_tutorial_pos_tracking/share/ament_index/resource_index/parent_prefix_path/zed_tutorial_pos_tracking
[1.787s] -- Up-to-date symlink: /home/user/vision_ws/install/zed_tutorial_pos_tracking/share/zed_tutorial_pos_tracking/environment/ament_prefix_path.sh
[1.787s] -- Up-to-date symlink: /home/user/vision_ws/install/zed_tutorial_pos_tracking/share/zed_tutorial_pos_tracking/environment/ament_prefix_path.dsv
[1.788s] -- Up-to-date symlink: /home/user/vision_ws/install/zed_tutorial_pos_tracking/share/zed_tutorial_pos_tracking/environment/path.sh
[1.788s] -- Up-to-date symlink: /home/user/vision_ws/install/zed_tutorial_pos_tracking/share/zed_tutorial_pos_tracking/environment/path.dsv
[1.788s] -- Up-to-date symlink: /home/user/vision_ws/install/zed_tutorial_pos_tracking/share/zed_tutorial_pos_tracking/local_setup.bash
[1.789s] -- Up-to-date symlink: /home/user/vision_ws/install/zed_tutorial_pos_tracking/share/zed_tutorial_pos_tracking/local_setup.sh
[1.789s] -- Up-to-date symlink: /home/user/vision_ws/install/zed_tutorial_pos_tracking/share/zed_tutorial_pos_tracking/local_setup.zsh
[1.790s] -- Up-to-date symlink: /home/user/vision_ws/install/zed_tutorial_pos_tracking/share/zed_tutorial_pos_tracking/local_setup.dsv
[1.790s] -- Symlinking: /home/user/vision_ws/install/zed_tutorial_pos_tracking/share/zed_tutorial_pos_tracking/package.dsv
[1.811s] -- Up-to-date symlink: /home/user/vision_ws/install/zed_tutorial_pos_tracking/share/ament_index/resource_index/packages/zed_tutorial_pos_tracking
[1.812s] -- Up-to-date symlink: /home/user/vision_ws/install/zed_tutorial_pos_tracking/share/zed_tutorial_pos_tracking/cmake/zed_tutorial_pos_trackingConfig.cmake
[1.812s] -- Up-to-date symlink: /home/user/vision_ws/install/zed_tutorial_pos_tracking/share/zed_tutorial_pos_tracking/cmake/zed_tutorial_pos_trackingConfig-version.cmake
[1.813s] -- Up-to-date symlink: /home/user/vision_ws/install/zed_tutorial_pos_tracking/share/zed_tutorial_pos_tracking/package.xml
[1.818s] Invoked command in '/home/user/vision_ws/build/zed_tutorial_pos_tracking' returned '0': CMAKE_PREFIX_PATH=${CMAKE_PREFIX_PATH}:/home/user/autorover_ws/install/teleop_twist_keyboard:/home/user/autorover_ws/install/autorover_bringup:/opt/ros/humble /usr/bin/cmake --install /home/user/vision_ws/build/zed_tutorial_pos_tracking
