[0.063s] Invoking command in '/home/user/vision_ws/build/zed_tutorial_depth': CMAKE_PREFIX_PATH=${CMAKE_PREFIX_PATH}:/home/user/autorover_ws/install/teleop_twist_keyboard:/home/user/autorover_ws/install/autorover_bringup:/opt/ros/humble /usr/bin/cmake /home/user/vision_ws/src/zed-ros2-examples/tutorials/zed_depth_tutorial -DCMAKE_BUILD_TYPE=Release -DAMENT_CMAKE_SYMLINK_INSTALL=1 -DCMAKE_INSTALL_PREFIX=/home/user/vision_ws/install/zed_tutorial_depth
[0.090s] -- Found ament_cmake_auto: 1.3.11 (/opt/ros/humble/share/ament_cmake_auto/cmake)
[0.406s] -- Override CMake install command with custom implementation using symlinks instead of copying resources
[0.643s] -- Found rosidl_generator_c: 3.1.6 (/opt/ros/humble/share/rosidl_generator_c/cmake)
[0.649s] -- Found rosidl_adapter: 3.1.6 (/opt/ros/humble/share/rosidl_adapter/cmake)
[0.660s] -- Found rosidl_generator_cpp: 3.1.6 (/opt/ros/humble/share/rosidl_generator_cpp/cmake)
[0.680s] -- Using all available rosidl_typesupport_c: rosidl_typesupport_fastrtps_c;rosidl_typesupport_introspection_c
[0.705s] -- Using all available rosidl_typesupport_cpp: rosidl_typesupport_fastrtps_cpp;rosidl_typesupport_introspection_cpp
[0.768s] -- Found rmw_implementation_cmake: 6.1.2 (/opt/ros/humble/share/rmw_implementation_cmake/cmake)
[0.772s] -- Found rmw_fastrtps_cpp: 6.2.7 (/opt/ros/humble/share/rmw_fastrtps_cpp/cmake)
[0.985s] -- Using RMW implementation 'rmw_fastrtps_cpp' as default
[1.139s] -- Found ament_lint_auto: 0.12.12 (/opt/ros/humble/share/ament_lint_auto/cmake)
[1.183s] -- Added test 'copyright' to check source files copyright and LICENSE
[1.185s] -- Added test 'cppcheck' to perform static code analysis on C / C++ code
[1.187s] -- Configured cppcheck include dirs: 
[1.187s] -- Configured cppcheck exclude dirs and/or files: 
[1.188s] -- Added test 'cpplint' to check C / C++ code against the Google style
[1.188s] -- Configured cpplint exclude dirs and/or files: 
[1.189s] -- Added test 'lint_cmake' to check CMake code style
[1.190s] -- Added test 'uncrustify' to check C / C++ code style
[1.190s] -- Configured uncrustify additional arguments: 
[1.190s] -- Added test 'xmllint' to check XML markup files
[1.193s] -- Configuring done
[1.218s] -- Generating done
[1.227s] -- Build files have been written to: /home/user/vision_ws/build/zed_tutorial_depth
[1.252s] Invoked command in '/home/user/vision_ws/build/zed_tutorial_depth' returned '0': CMAKE_PREFIX_PATH=${CMAKE_PREFIX_PATH}:/home/user/autorover_ws/install/teleop_twist_keyboard:/home/user/autorover_ws/install/autorover_bringup:/opt/ros/humble /usr/bin/cmake /home/user/vision_ws/src/zed-ros2-examples/tutorials/zed_depth_tutorial -DCMAKE_BUILD_TYPE=Release -DAMENT_CMAKE_SYMLINK_INSTALL=1 -DCMAKE_INSTALL_PREFIX=/home/user/vision_ws/install/zed_tutorial_depth
[1.253s] Invoking command in '/home/user/vision_ws/build/zed_tutorial_depth': CMAKE_PREFIX_PATH=${CMAKE_PREFIX_PATH}:/home/user/autorover_ws/install/teleop_twist_keyboard:/home/user/autorover_ws/install/autorover_bringup:/opt/ros/humble /usr/bin/cmake --build /home/user/vision_ws/build/zed_tutorial_depth -- -j8 -l8
[1.342s] [35m[1mConsolidate compiler generated dependencies of target zed_tutorial_depth[0m
[1.380s] [100%] Built target zed_tutorial_depth
[1.407s] Invoked command in '/home/user/vision_ws/build/zed_tutorial_depth' returned '0': CMAKE_PREFIX_PATH=${CMAKE_PREFIX_PATH}:/home/user/autorover_ws/install/teleop_twist_keyboard:/home/user/autorover_ws/install/autorover_bringup:/opt/ros/humble /usr/bin/cmake --build /home/user/vision_ws/build/zed_tutorial_depth -- -j8 -l8
[1.411s] Invoking command in '/home/user/vision_ws/build/zed_tutorial_depth': CMAKE_PREFIX_PATH=${CMAKE_PREFIX_PATH}:/home/user/autorover_ws/install/teleop_twist_keyboard:/home/user/autorover_ws/install/autorover_bringup:/opt/ros/humble /usr/bin/cmake --install /home/user/vision_ws/build/zed_tutorial_depth
[1.428s] -- Install configuration: "Release"
[1.428s] -- Execute custom install script
[1.429s] -- Up-to-date symlink: /home/user/vision_ws/install/zed_tutorial_depth/lib/zed_tutorial_depth/zed_tutorial_depth
[1.430s] -- Up-to-date symlink: /home/user/vision_ws/install/zed_tutorial_depth/share/ament_index/resource_index/package_run_dependencies/zed_tutorial_depth
[1.430s] -- Up-to-date symlink: /home/user/vision_ws/install/zed_tutorial_depth/share/ament_index/resource_index/parent_prefix_path/zed_tutorial_depth
[1.430s] -- Up-to-date symlink: /home/user/vision_ws/install/zed_tutorial_depth/share/zed_tutorial_depth/environment/ament_prefix_path.sh
[1.431s] -- Up-to-date symlink: /home/user/vision_ws/install/zed_tutorial_depth/share/zed_tutorial_depth/environment/ament_prefix_path.dsv
[1.431s] -- Up-to-date symlink: /home/user/vision_ws/install/zed_tutorial_depth/share/zed_tutorial_depth/environment/path.sh
[1.432s] -- Up-to-date symlink: /home/user/vision_ws/install/zed_tutorial_depth/share/zed_tutorial_depth/environment/path.dsv
[1.432s] -- Up-to-date symlink: /home/user/vision_ws/install/zed_tutorial_depth/share/zed_tutorial_depth/local_setup.bash
[1.432s] -- Up-to-date symlink: /home/user/vision_ws/install/zed_tutorial_depth/share/zed_tutorial_depth/local_setup.sh
[1.440s] -- Up-to-date symlink: /home/user/vision_ws/install/zed_tutorial_depth/share/zed_tutorial_depth/local_setup.zsh
[1.440s] -- Up-to-date symlink: /home/user/vision_ws/install/zed_tutorial_depth/share/zed_tutorial_depth/local_setup.dsv
[1.441s] -- Symlinking: /home/user/vision_ws/install/zed_tutorial_depth/share/zed_tutorial_depth/package.dsv
[1.453s] -- Up-to-date symlink: /home/user/vision_ws/install/zed_tutorial_depth/share/ament_index/resource_index/packages/zed_tutorial_depth
[1.453s] -- Up-to-date symlink: /home/user/vision_ws/install/zed_tutorial_depth/share/zed_tutorial_depth/cmake/zed_tutorial_depthConfig.cmake
[1.454s] -- Up-to-date symlink: /home/user/vision_ws/install/zed_tutorial_depth/share/zed_tutorial_depth/cmake/zed_tutorial_depthConfig-version.cmake
[1.454s] -- Up-to-date symlink: /home/user/vision_ws/install/zed_tutorial_depth/share/zed_tutorial_depth/package.xml
[1.476s] Invoked command in '/home/user/vision_ws/build/zed_tutorial_depth' returned '0': CMAKE_PREFIX_PATH=${CMAKE_PREFIX_PATH}:/home/user/autorover_ws/install/teleop_twist_keyboard:/home/user/autorover_ws/install/autorover_bringup:/opt/ros/humble /usr/bin/cmake --install /home/user/vision_ws/build/zed_tutorial_depth
