[0.027s] Invoking command in '/home/user/vision_ws/build/zed_ros2': AMENT_PREFIX_PATH=/home/user/vision_ws/install/zed_wrapper:/home/user/vision_ws/install/zed_components:${AMENT_PREFIX_PATH} CMAKE_PREFIX_PATH=/home/user/vision_ws/install/zed_wrapper:/home/user/vision_ws/install/zed_components:/home/user/autorover_ws/install/zed_components:/home/user/autorover_ws/install/mavros_extras:/home/user/autorover_ws/install/mavros:/home/user/autorover_ws/install/mavros_msgs:/home/user/autorover_ws/install/libmavconn:/home/user/autorover_ws/install/autorover_bringup:/opt/ros/humble LD_LIBRARY_PATH=/home/user/vision_ws/install/zed_components/lib:${LD_LIBRARY_PATH} /usr/bin/cmake /home/user/vision_ws/src/zed-ros2-wrapper/zed_ros2 -DCMAKE_BUILD_TYPE=Release -DAMENT_CMAKE_SYMLINK_INSTALL=1 -DCMAKE_INSTALL_PREFIX=/home/user/vision_ws/install/zed_ros2
[0.061s] -- Found ament_cmake_auto: 1.3.11 (/opt/ros/humble/share/ament_cmake_auto/cmake)
[0.435s] -- Found Python3: /usr/bin/python3 (found version "3.10.12") found components: Interpreter 
[0.580s] -- Override CMake install command with custom implementation using symlinks instead of copying resources
[0.811s] -- Found ament_lint_auto: 0.12.12 (/opt/ros/humble/share/ament_lint_auto/cmake)
[0.861s] -- Added test 'copyright' to check source files copyright and LICENSE
[0.863s] -- Added test 'lint_cmake' to check CMake code style
[0.865s] -- Added test 'xmllint' to check XML markup files
[0.868s] -- Configuring done
[0.875s] -- Generating done
[0.879s] -- Build files have been written to: /home/user/vision_ws/build/zed_ros2
[0.885s] Invoked command in '/home/user/vision_ws/build/zed_ros2' returned '0': AMENT_PREFIX_PATH=/home/user/vision_ws/install/zed_wrapper:/home/user/vision_ws/install/zed_components:${AMENT_PREFIX_PATH} CMAKE_PREFIX_PATH=/home/user/vision_ws/install/zed_wrapper:/home/user/vision_ws/install/zed_components:/home/user/autorover_ws/install/zed_components:/home/user/autorover_ws/install/mavros_extras:/home/user/autorover_ws/install/mavros:/home/user/autorover_ws/install/mavros_msgs:/home/user/autorover_ws/install/libmavconn:/home/user/autorover_ws/install/autorover_bringup:/opt/ros/humble LD_LIBRARY_PATH=/home/user/vision_ws/install/zed_components/lib:${LD_LIBRARY_PATH} /usr/bin/cmake /home/user/vision_ws/src/zed-ros2-wrapper/zed_ros2 -DCMAKE_BUILD_TYPE=Release -DAMENT_CMAKE_SYMLINK_INSTALL=1 -DCMAKE_INSTALL_PREFIX=/home/user/vision_ws/install/zed_ros2
[0.888s] Invoking command in '/home/user/vision_ws/build/zed_ros2': AMENT_PREFIX_PATH=/home/user/vision_ws/install/zed_wrapper:/home/user/vision_ws/install/zed_components:${AMENT_PREFIX_PATH} CMAKE_PREFIX_PATH=/home/user/vision_ws/install/zed_wrapper:/home/user/vision_ws/install/zed_components:/home/user/autorover_ws/install/zed_components:/home/user/autorover_ws/install/mavros_extras:/home/user/autorover_ws/install/mavros:/home/user/autorover_ws/install/mavros_msgs:/home/user/autorover_ws/install/libmavconn:/home/user/autorover_ws/install/autorover_bringup:/opt/ros/humble LD_LIBRARY_PATH=/home/user/vision_ws/install/zed_components/lib:${LD_LIBRARY_PATH} /usr/bin/cmake --build /home/user/vision_ws/build/zed_ros2 -- -j4 -l4
[0.962s] Invoked command in '/home/user/vision_ws/build/zed_ros2' returned '0': AMENT_PREFIX_PATH=/home/user/vision_ws/install/zed_wrapper:/home/user/vision_ws/install/zed_components:${AMENT_PREFIX_PATH} CMAKE_PREFIX_PATH=/home/user/vision_ws/install/zed_wrapper:/home/user/vision_ws/install/zed_components:/home/user/autorover_ws/install/zed_components:/home/user/autorover_ws/install/mavros_extras:/home/user/autorover_ws/install/mavros:/home/user/autorover_ws/install/mavros_msgs:/home/user/autorover_ws/install/libmavconn:/home/user/autorover_ws/install/autorover_bringup:/opt/ros/humble LD_LIBRARY_PATH=/home/user/vision_ws/install/zed_components/lib:${LD_LIBRARY_PATH} /usr/bin/cmake --build /home/user/vision_ws/build/zed_ros2 -- -j4 -l4
[0.966s] Invoking command in '/home/user/vision_ws/build/zed_ros2': AMENT_PREFIX_PATH=/home/user/vision_ws/install/zed_wrapper:/home/user/vision_ws/install/zed_components:${AMENT_PREFIX_PATH} CMAKE_PREFIX_PATH=/home/user/vision_ws/install/zed_wrapper:/home/user/vision_ws/install/zed_components:/home/user/autorover_ws/install/zed_components:/home/user/autorover_ws/install/mavros_extras:/home/user/autorover_ws/install/mavros:/home/user/autorover_ws/install/mavros_msgs:/home/user/autorover_ws/install/libmavconn:/home/user/autorover_ws/install/autorover_bringup:/opt/ros/humble LD_LIBRARY_PATH=/home/user/vision_ws/install/zed_components/lib:${LD_LIBRARY_PATH} /usr/bin/cmake --install /home/user/vision_ws/build/zed_ros2
[0.982s] -- Install configuration: "Release"
[0.982s] -- Execute custom install script
[0.983s] -- Symlinking: /home/user/vision_ws/install/zed_ros2/share/ament_index/resource_index/package_run_dependencies/zed_ros2
[1.001s] -- Symlinking: /home/user/vision_ws/install/zed_ros2/share/ament_index/resource_index/parent_prefix_path/zed_ros2
[1.018s] -- Symlinking: /home/user/vision_ws/install/zed_ros2/share/zed_ros2/environment/ament_prefix_path.sh
[1.035s] -- Symlinking: /home/user/vision_ws/install/zed_ros2/share/zed_ros2/environment/ament_prefix_path.dsv
[1.052s] -- Symlinking: /home/user/vision_ws/install/zed_ros2/share/zed_ros2/environment/path.sh
[1.069s] -- Symlinking: /home/user/vision_ws/install/zed_ros2/share/zed_ros2/environment/path.dsv
[1.092s] -- Symlinking: /home/user/vision_ws/install/zed_ros2/share/zed_ros2/local_setup.bash
[1.110s] -- Symlinking: /home/user/vision_ws/install/zed_ros2/share/zed_ros2/local_setup.sh
[1.128s] -- Symlinking: /home/user/vision_ws/install/zed_ros2/share/zed_ros2/local_setup.zsh
[1.147s] -- Symlinking: /home/user/vision_ws/install/zed_ros2/share/zed_ros2/local_setup.dsv
[1.166s] -- Symlinking: /home/user/vision_ws/install/zed_ros2/share/zed_ros2/package.dsv
[1.184s] -- Symlinking: /home/user/vision_ws/install/zed_ros2/share/ament_index/resource_index/packages/zed_ros2
[1.202s] -- Symlinking: /home/user/vision_ws/install/zed_ros2/share/zed_ros2/cmake/zed_ros2Config.cmake
[1.220s] -- Symlinking: /home/user/vision_ws/install/zed_ros2/share/zed_ros2/cmake/zed_ros2Config-version.cmake
[1.238s] -- Symlinking: /home/user/vision_ws/install/zed_ros2/share/zed_ros2/package.xml
[1.262s] Invoked command in '/home/user/vision_ws/build/zed_ros2' returned '0': AMENT_PREFIX_PATH=/home/user/vision_ws/install/zed_wrapper:/home/user/vision_ws/install/zed_components:${AMENT_PREFIX_PATH} CMAKE_PREFIX_PATH=/home/user/vision_ws/install/zed_wrapper:/home/user/vision_ws/install/zed_components:/home/user/autorover_ws/install/zed_components:/home/user/autorover_ws/install/mavros_extras:/home/user/autorover_ws/install/mavros:/home/user/autorover_ws/install/mavros_msgs:/home/user/autorover_ws/install/libmavconn:/home/user/autorover_ws/install/autorover_bringup:/opt/ros/humble LD_LIBRARY_PATH=/home/user/vision_ws/install/zed_components/lib:${LD_LIBRARY_PATH} /usr/bin/cmake --install /home/user/vision_ws/build/zed_ros2
