[0.040s] Invoking command in '/home/user/vision_ws/build/zed_depth_to_laserscan': CMAKE_PREFIX_PATH=/home/user/vision_ws/install/zed_wrapper:/home/user/vision_ws/install/zed_components:/home/user/vision_ws/install/zed_ros2:/home/user/autorover_ws/install/zed_components:/home/user/autorover_ws/install/mavros_extras:/home/user/autorover_ws/install/mavros:/home/user/autorover_ws/install/mavros_msgs:/home/user/autorover_ws/install/libmavconn:/home/user/autorover_ws/install/autorover_bringup:/opt/ros/humble /usr/bin/cmake /home/user/vision_ws/src/zed-ros2-examples/examples/zed_depth_to_laserscan -DCMAKE_BUILD_TYPE=Release -DAMENT_CMAKE_SYMLINK_INSTALL=1 -DCMAKE_INSTALL_PREFIX=/home/user/vision_ws/install/zed_depth_to_laserscan
[0.195s] -- The C compiler identification is GNU 11.4.0
[0.323s] -- The CXX compiler identification is GNU 11.4.0
[0.339s] -- Detecting C compiler ABI info
[0.502s] -- Detecting C compiler ABI info - done
[0.516s] -- Check for working C compiler: /usr/bin/cc - skipped
[0.517s] -- Detecting C compile features
[0.519s] -- Detecting C compile features - done
[0.526s] -- Detecting CXX compiler ABI info
[0.711s] -- Detecting CXX compiler ABI info - done
[0.721s] -- Check for working CXX compiler: /usr/bin/c++ - skipped
[0.723s] -- Detecting CXX compile features
[0.724s] -- Detecting CXX compile features - done
[0.738s] -- Found ament_cmake_auto: 1.3.11 (/opt/ros/humble/share/ament_cmake_auto/cmake)
[1.138s] -- Found Python3: /usr/bin/python3 (found version "3.10.12") found components: Interpreter 
[1.323s] -- Override CMake install command with custom implementation using symlinks instead of copying resources
[1.685s] -- Found rosidl_generator_c: 3.1.6 (/opt/ros/humble/share/rosidl_generator_c/cmake)
[1.704s] -- Found rosidl_adapter: 3.1.6 (/opt/ros/humble/share/rosidl_adapter/cmake)
[1.733s] -- Found rosidl_generator_cpp: 3.1.6 (/opt/ros/humble/share/rosidl_generator_cpp/cmake)
[1.770s] -- Using all available rosidl_typesupport_c: rosidl_typesupport_fastrtps_c;rosidl_typesupport_introspection_c
[1.820s] -- Using all available rosidl_typesupport_cpp: rosidl_typesupport_fastrtps_cpp;rosidl_typesupport_introspection_cpp
[1.950s] -- Found rmw_implementation_cmake: 6.1.2 (/opt/ros/humble/share/rmw_implementation_cmake/cmake)
[1.989s] -- Found rmw_fastrtps_cpp: 6.2.7 (/opt/ros/humble/share/rmw_fastrtps_cpp/cmake)
[2.179s] -- Found OpenSSL: /usr/lib/aarch64-linux-gnu/libcrypto.so (found version "3.0.2")  
[2.246s] -- Found FastRTPS: /opt/ros/humble/include  
[2.344s] -- Using RMW implementation 'rmw_fastrtps_cpp' as default
[2.368s] -- Looking for pthread.h
[2.527s] -- Looking for pthread.h - found
[2.528s] -- Performing Test CMAKE_HAVE_LIBC_PTHREAD
[2.686s] -- Performing Test CMAKE_HAVE_LIBC_PTHREAD - Success
[2.689s] -- Found Threads: TRUE  
[3.233s] -- Found eigen3_cmake_module: 0.1.1 (/opt/ros/humble/share/eigen3_cmake_module/cmake)
[3.236s] -- Found Eigen3: TRUE (found version "3.4.0") 
[3.237s] -- Ensuring Eigen3 include directory is part of orocos-kdl CMake target
[3.822s] -- Found zed_wrapper: 5.0.0 (/home/user/vision_ws/install/zed_wrapper/share/zed_wrapper/cmake)
[3.830s] -- Found ament_lint_auto: 0.12.12 (/opt/ros/humble/share/ament_lint_auto/cmake)
[3.920s] -- Added test 'copyright' to check source files copyright and LICENSE
[3.924s] -- Added test 'flake8' to check Python code syntax and style conventions
[3.926s] -- Added test 'lint_cmake' to check CMake code style
[3.927s] -- Added test 'pep257' to check Python code against some of the docstring style conventions in PEP 257
[3.938s] -- Added test 'xmllint' to check XML markup files
[3.945s] -- Configuring done
[3.963s] -- Generating done
[3.971s] -- Build files have been written to: /home/user/vision_ws/build/zed_depth_to_laserscan
[4.013s] Invoked command in '/home/user/vision_ws/build/zed_depth_to_laserscan' returned '0': CMAKE_PREFIX_PATH=/home/user/vision_ws/install/zed_wrapper:/home/user/vision_ws/install/zed_components:/home/user/vision_ws/install/zed_ros2:/home/user/autorover_ws/install/zed_components:/home/user/autorover_ws/install/mavros_extras:/home/user/autorover_ws/install/mavros:/home/user/autorover_ws/install/mavros_msgs:/home/user/autorover_ws/install/libmavconn:/home/user/autorover_ws/install/autorover_bringup:/opt/ros/humble /usr/bin/cmake /home/user/vision_ws/src/zed-ros2-examples/examples/zed_depth_to_laserscan -DCMAKE_BUILD_TYPE=Release -DAMENT_CMAKE_SYMLINK_INSTALL=1 -DCMAKE_INSTALL_PREFIX=/home/user/vision_ws/install/zed_depth_to_laserscan
[4.014s] Invoking command in '/home/user/vision_ws/build/zed_depth_to_laserscan': CMAKE_PREFIX_PATH=/home/user/vision_ws/install/zed_wrapper:/home/user/vision_ws/install/zed_components:/home/user/vision_ws/install/zed_ros2:/home/user/autorover_ws/install/zed_components:/home/user/autorover_ws/install/mavros_extras:/home/user/autorover_ws/install/mavros:/home/user/autorover_ws/install/mavros_msgs:/home/user/autorover_ws/install/libmavconn:/home/user/autorover_ws/install/autorover_bringup:/opt/ros/humble /usr/bin/cmake --build /home/user/vision_ws/build/zed_depth_to_laserscan -- -j4 -l4
[4.123s] Invoked command in '/home/user/vision_ws/build/zed_depth_to_laserscan' returned '0': CMAKE_PREFIX_PATH=/home/user/vision_ws/install/zed_wrapper:/home/user/vision_ws/install/zed_components:/home/user/vision_ws/install/zed_ros2:/home/user/autorover_ws/install/zed_components:/home/user/autorover_ws/install/mavros_extras:/home/user/autorover_ws/install/mavros:/home/user/autorover_ws/install/mavros_msgs:/home/user/autorover_ws/install/libmavconn:/home/user/autorover_ws/install/autorover_bringup:/opt/ros/humble /usr/bin/cmake --build /home/user/vision_ws/build/zed_depth_to_laserscan -- -j4 -l4
[4.124s] Invoking command in '/home/user/vision_ws/build/zed_depth_to_laserscan': CMAKE_PREFIX_PATH=/home/user/vision_ws/install/zed_wrapper:/home/user/vision_ws/install/zed_components:/home/user/vision_ws/install/zed_ros2:/home/user/autorover_ws/install/zed_components:/home/user/autorover_ws/install/mavros_extras:/home/user/autorover_ws/install/mavros:/home/user/autorover_ws/install/mavros_msgs:/home/user/autorover_ws/install/libmavconn:/home/user/autorover_ws/install/autorover_bringup:/opt/ros/humble /usr/bin/cmake --install /home/user/vision_ws/build/zed_depth_to_laserscan
[4.144s] -- Install configuration: "Release"
[4.145s] -- Execute custom install script
[4.147s] -- Symlinking: /home/user/vision_ws/install/zed_depth_to_laserscan/share/zed_depth_to_laserscan/launch/zed_depth_to_laserscan.launch.py
[4.169s] -- Symlinking: /home/user/vision_ws/install/zed_depth_to_laserscan/share/zed_depth_to_laserscan/config/zed_depth_to_laserscan.yaml
[4.190s] -- Symlinking: /home/user/vision_ws/install/zed_depth_to_laserscan/share/zed_depth_to_laserscan/rviz2/zed_depth_to_laserscan.rviz
[4.211s] -- Symlinking: /home/user/vision_ws/install/zed_depth_to_laserscan/share/ament_index/resource_index/package_run_dependencies/zed_depth_to_laserscan
[4.231s] -- Symlinking: /home/user/vision_ws/install/zed_depth_to_laserscan/share/ament_index/resource_index/parent_prefix_path/zed_depth_to_laserscan
[4.254s] -- Symlinking: /home/user/vision_ws/install/zed_depth_to_laserscan/share/zed_depth_to_laserscan/environment/ament_prefix_path.sh
[4.274s] -- Symlinking: /home/user/vision_ws/install/zed_depth_to_laserscan/share/zed_depth_to_laserscan/environment/ament_prefix_path.dsv
[4.295s] -- Symlinking: /home/user/vision_ws/install/zed_depth_to_laserscan/share/zed_depth_to_laserscan/environment/path.sh
[4.315s] -- Symlinking: /home/user/vision_ws/install/zed_depth_to_laserscan/share/zed_depth_to_laserscan/environment/path.dsv
[4.335s] -- Symlinking: /home/user/vision_ws/install/zed_depth_to_laserscan/share/zed_depth_to_laserscan/local_setup.bash
[4.357s] -- Symlinking: /home/user/vision_ws/install/zed_depth_to_laserscan/share/zed_depth_to_laserscan/local_setup.sh
[4.378s] -- Symlinking: /home/user/vision_ws/install/zed_depth_to_laserscan/share/zed_depth_to_laserscan/local_setup.zsh
[4.399s] -- Symlinking: /home/user/vision_ws/install/zed_depth_to_laserscan/share/zed_depth_to_laserscan/local_setup.dsv
[4.419s] -- Symlinking: /home/user/vision_ws/install/zed_depth_to_laserscan/share/zed_depth_to_laserscan/package.dsv
[4.440s] -- Symlinking: /home/user/vision_ws/install/zed_depth_to_laserscan/share/ament_index/resource_index/packages/zed_depth_to_laserscan
[4.461s] -- Symlinking: /home/user/vision_ws/install/zed_depth_to_laserscan/share/zed_depth_to_laserscan/cmake/zed_depth_to_laserscanConfig.cmake
[4.482s] -- Symlinking: /home/user/vision_ws/install/zed_depth_to_laserscan/share/zed_depth_to_laserscan/cmake/zed_depth_to_laserscanConfig-version.cmake
[4.501s] -- Symlinking: /home/user/vision_ws/install/zed_depth_to_laserscan/share/zed_depth_to_laserscan/package.xml
[4.534s] Invoked command in '/home/user/vision_ws/build/zed_depth_to_laserscan' returned '0': CMAKE_PREFIX_PATH=/home/user/vision_ws/install/zed_wrapper:/home/user/vision_ws/install/zed_components:/home/user/vision_ws/install/zed_ros2:/home/user/autorover_ws/install/zed_components:/home/user/autorover_ws/install/mavros_extras:/home/user/autorover_ws/install/mavros:/home/user/autorover_ws/install/mavros_msgs:/home/user/autorover_ws/install/libmavconn:/home/user/autorover_ws/install/autorover_bringup:/opt/ros/humble /usr/bin/cmake --install /home/user/vision_ws/build/zed_depth_to_laserscan
