[0.091s] Invoking command in '/home/user/vision_ws/build/zed_components': CMAKE_PREFIX_PATH=${CMAKE_PREFIX_PATH}:/home/user/autorover_ws/install/teleop_twist_keyboard:/home/user/autorover_ws/install/autorover_bringup:/opt/ros/humble /usr/bin/cmake /home/user/vision_ws/src/zed-ros2-wrapper/zed_components -DCMAKE_INSTALL_PREFIX=/home/user/vision_ws/install/zed_components
[0.279s] -- Found CUDA: /usr/local/cuda (found suitable version "12.2", minimum required is "12.2") 
[0.335s] -- Found CUDA: /usr/local/cuda (found version "12.2") 
[0.336s] -- Found ament_cmake_auto: 1.3.11 (/opt/ros/humble/share/ament_cmake_auto/cmake)
[0.717s] -- Override CMake install command with custom implementation using symlinks instead of copying resources
[0.929s] -- Found rosidl_generator_c: 3.1.6 (/opt/ros/humble/share/rosidl_generator_c/cmake)
[0.933s] -- Found rosidl_adapter: 3.1.6 (/opt/ros/humble/share/rosidl_adapter/cmake)
[0.944s] -- Found rosidl_generator_cpp: 3.1.6 (/opt/ros/humble/share/rosidl_generator_cpp/cmake)
[0.964s] -- Using all available rosidl_typesupport_c: rosidl_typesupport_fastrtps_c;rosidl_typesupport_introspection_c
[0.989s] -- Using all available rosidl_typesupport_cpp: rosidl_typesupport_fastrtps_cpp;rosidl_typesupport_introspection_cpp
[1.169s] -- Found rmw_implementation_cmake: 6.1.2 (/opt/ros/humble/share/rmw_implementation_cmake/cmake)
[1.173s] -- Found rmw_fastrtps_cpp: 6.2.7 (/opt/ros/humble/share/rmw_fastrtps_cpp/cmake)
[1.380s] -- Using RMW implementation 'rmw_fastrtps_cpp' as default
[1.806s] -- Found eigen3_cmake_module: 0.1.1 (/opt/ros/humble/share/eigen3_cmake_module/cmake)
[1.809s] -- Ensuring Eigen3 include directory is part of orocos-kdl CMake target
[2.021s] -- Found ament_lint_auto: 0.12.12 (/opt/ros/humble/share/ament_lint_auto/cmake)
[2.119s] -- Added test 'copyright' to check source files copyright and LICENSE
[2.122s] -- Added test 'cppcheck' to perform static code analysis on C / C++ code
[2.124s] -- Configured cppcheck include dirs: /home/user/vision_ws/src/zed-ros2-wrapper/zed_components/src/include;/home/user/vision_ws/src/zed-ros2-wrapper/zed_components/src/zed_camera/include;/home/user/vision_ws/src/zed-ros2-wrapper/zed_components/src/tools/include
[2.124s] -- Configured cppcheck exclude dirs and/or files: 
[2.125s] -- Added test 'lint_cmake' to check CMake code style
[2.128s] -- Added test 'uncrustify' to check C / C++ code style
[2.128s] -- Configured uncrustify additional arguments: 
[2.128s] -- Added test 'xmllint' to check XML markup files
[2.136s] -- Configuring done
[2.212s] -- Generating done
[2.234s] -- Build files have been written to: /home/user/vision_ws/build/zed_components
[2.263s] Invoked command in '/home/user/vision_ws/build/zed_components' returned '0': CMAKE_PREFIX_PATH=${CMAKE_PREFIX_PATH}:/home/user/autorover_ws/install/teleop_twist_keyboard:/home/user/autorover_ws/install/autorover_bringup:/opt/ros/humble /usr/bin/cmake /home/user/vision_ws/src/zed-ros2-wrapper/zed_components -DCMAKE_INSTALL_PREFIX=/home/user/vision_ws/install/zed_components
[2.268s] Invoking command in '/home/user/vision_ws/build/zed_components': CMAKE_PREFIX_PATH=${CMAKE_PREFIX_PATH}:/home/user/autorover_ws/install/teleop_twist_keyboard:/home/user/autorover_ws/install/autorover_bringup:/opt/ros/humble /usr/bin/cmake --build /home/user/vision_ws/build/zed_components -- -j8 -l8
[2.363s] [35m[1mConsolidate compiler generated dependencies of target zed_camera_one_component[0m
[2.368s] [35m[1mConsolidate compiler generated dependencies of target zed_camera_component[0m
[2.422s] [ 14%] [32mBuilding CXX object CMakeFiles/zed_camera_one_component.dir/src/tools/src/gnss_replay.cpp.o[0m
[2.423s] [ 14%] [32mBuilding CXX object CMakeFiles/zed_camera_one_component.dir/src/tools/src/sl_tools.cpp.o[0m
[2.437s] [ 35%] [32mBuilding CXX object CMakeFiles/zed_camera_component.dir/src/tools/src/sl_tools.cpp.o[0m
[2.437s] [ 35%] [32mBuilding CXX object CMakeFiles/zed_camera_one_component.dir/src/zed_camera/src/zed_camera_one_component.cpp.o[0m
[2.437s] [ 35%] [32mBuilding CXX object CMakeFiles/zed_camera_one_component.dir/src/tools/src/sl_types.cpp.o[0m
[2.439s] [ 50%] [32mBuilding CXX object CMakeFiles/zed_camera_component.dir/src/tools/src/sl_types.cpp.o[0m
[2.439s] [ 50%] [32mBuilding CXX object CMakeFiles/zed_camera_component.dir/src/tools/src/gnss_replay.cpp.o[0m
[2.457s] [ 57%] [32mBuilding CXX object CMakeFiles/zed_camera_component.dir/src/zed_camera/src/zed_camera_component_main.cpp.o[0m
[15.915s] [ 64%] [32mBuilding CXX object CMakeFiles/zed_camera_component.dir/src/zed_camera/src/zed_camera_component_objdet.cpp.o[0m
[16.061s] [ 71%] [32mBuilding CXX object CMakeFiles/zed_camera_component.dir/src/zed_camera/src/zed_camera_component_bodytrk.cpp.o[0m
[54.705s] [ 78%] [32m[1mLinking CXX shared library libzed_camera_one_component.so[0m
[55.688s] [ 85%] Built target zed_camera_one_component
[171.977s] [ 92%] [32m[1mLinking CXX shared library libzed_camera_component.so[0m
[173.446s] [100%] Built target zed_camera_component
[173.490s] Invoked command in '/home/user/vision_ws/build/zed_components' returned '0': CMAKE_PREFIX_PATH=${CMAKE_PREFIX_PATH}:/home/user/autorover_ws/install/teleop_twist_keyboard:/home/user/autorover_ws/install/autorover_bringup:/opt/ros/humble /usr/bin/cmake --build /home/user/vision_ws/build/zed_components -- -j8 -l8
[173.494s] Invoking command in '/home/user/vision_ws/build/zed_components': CMAKE_PREFIX_PATH=${CMAKE_PREFIX_PATH}:/home/user/autorover_ws/install/teleop_twist_keyboard:/home/user/autorover_ws/install/autorover_bringup:/opt/ros/humble /usr/bin/cmake --install /home/user/vision_ws/build/zed_components
[173.509s] -- Install configuration: "Release"
[173.510s] -- Execute custom install script
[173.510s] -- Up-to-date symlink: /home/user/vision_ws/install/zed_components/lib/libzed_camera_component.so
[173.511s] -- Up-to-date symlink: /home/user/vision_ws/install/zed_components/lib/libzed_camera_one_component.so
[173.512s] -- Up-to-date symlink: /home/user/vision_ws/install/zed_components/include/zed_components//cost_traversability.hpp
[173.512s] -- Up-to-date symlink: /home/user/vision_ws/install/zed_components/include/zed_components//zed_camera_component.hpp
[173.513s] -- Up-to-date symlink: /home/user/vision_ws/install/zed_components/include/zed_components//zed_camera_one_component.hpp
[173.513s] -- Up-to-date symlink: /home/user/vision_ws/install/zed_components/include/zed_components//gnss_replay.hpp
[173.514s] -- Up-to-date symlink: /home/user/vision_ws/install/zed_components/include/zed_components//json.hpp
[173.514s] -- Up-to-date symlink: /home/user/vision_ws/install/zed_components/include/zed_components//sl_logging.hpp
[173.515s] -- Up-to-date symlink: /home/user/vision_ws/install/zed_components/include/zed_components//sl_tools.hpp
[173.515s] -- Up-to-date symlink: /home/user/vision_ws/install/zed_components/include/zed_components//sl_types.hpp
[173.516s] -- Up-to-date symlink: /home/user/vision_ws/install/zed_components/include/zed_components//sl_win_avg.hpp
[173.516s] -- Up-to-date symlink: /home/user/vision_ws/install/zed_components/include/zed_components//visibility_control.hpp
[173.517s] -- Up-to-date symlink: /home/user/vision_ws/install/zed_components/share/zed_components/environment/library_path.sh
[173.517s] -- Up-to-date symlink: /home/user/vision_ws/install/zed_components/share/zed_components/environment/library_path.dsv
[173.517s] -- Up-to-date symlink: /home/user/vision_ws/install/zed_components/share/ament_index/resource_index/package_run_dependencies/zed_components
[173.518s] -- Up-to-date symlink: /home/user/vision_ws/install/zed_components/share/ament_index/resource_index/parent_prefix_path/zed_components
[173.518s] -- Up-to-date symlink: /home/user/vision_ws/install/zed_components/share/zed_components/environment/ament_prefix_path.sh
[173.518s] -- Up-to-date symlink: /home/user/vision_ws/install/zed_components/share/zed_components/environment/ament_prefix_path.dsv
[173.519s] -- Up-to-date symlink: /home/user/vision_ws/install/zed_components/share/zed_components/environment/path.sh
[173.519s] -- Up-to-date symlink: /home/user/vision_ws/install/zed_components/share/zed_components/environment/path.dsv
[173.520s] -- Up-to-date symlink: /home/user/vision_ws/install/zed_components/share/zed_components/local_setup.bash
[173.520s] -- Up-to-date symlink: /home/user/vision_ws/install/zed_components/share/zed_components/local_setup.sh
[173.521s] -- Up-to-date symlink: /home/user/vision_ws/install/zed_components/share/zed_components/local_setup.zsh
[173.521s] -- Up-to-date symlink: /home/user/vision_ws/install/zed_components/share/zed_components/local_setup.dsv
[173.521s] -- Symlinking: /home/user/vision_ws/install/zed_components/share/zed_components/package.dsv
[173.540s] -- Up-to-date symlink: /home/user/vision_ws/install/zed_components/share/ament_index/resource_index/packages/zed_components
[173.542s] -- Up-to-date symlink: /home/user/vision_ws/install/zed_components/share/ament_index/resource_index/rclcpp_components/zed_components
[173.542s] -- Up-to-date symlink: /home/user/vision_ws/install/zed_components/share/zed_components/cmake/ament_cmake_export_include_directories-extras.cmake
[173.542s] -- Up-to-date symlink: /home/user/vision_ws/install/zed_components/share/zed_components/cmake/ament_cmake_export_libraries-extras.cmake
[173.542s] -- Up-to-date symlink: /home/user/vision_ws/install/zed_components/share/zed_components/cmake/ament_cmake_export_dependencies-extras.cmake
[173.543s] -- Up-to-date symlink: /home/user/vision_ws/install/zed_components/share/zed_components/cmake/zed_componentsConfig.cmake
[173.544s] -- Up-to-date symlink: /home/user/vision_ws/install/zed_components/share/zed_components/cmake/zed_componentsConfig-version.cmake
[173.544s] -- Up-to-date symlink: /home/user/vision_ws/install/zed_components/share/zed_components/package.xml
[173.549s] Invoked command in '/home/user/vision_ws/build/zed_components' returned '0': CMAKE_PREFIX_PATH=${CMAKE_PREFIX_PATH}:/home/user/autorover_ws/install/teleop_twist_keyboard:/home/user/autorover_ws/install/autorover_bringup:/opt/ros/humble /usr/bin/cmake --install /home/user/vision_ws/build/zed_components
