[0.064s] Invoking command in '/home/user/vision_ws/build/zed_tutorial_video': CMAKE_PREFIX_PATH=${CMAKE_PREFIX_PATH}:/home/user/autorover_ws/install/teleop_twist_keyboard:/home/user/autorover_ws/install/autorover_bringup:/opt/ros/humble /usr/bin/cmake /home/user/vision_ws/src/zed-ros2-examples/tutorials/zed_video_tutorial -DCMAKE_INSTALL_PREFIX=/home/user/vision_ws/install/zed_tutorial_video
[0.093s] -- Found ament_cmake_auto: 1.3.11 (/opt/ros/humble/share/ament_cmake_auto/cmake)
[0.406s] -- Override CMake install command with custom implementation using symlinks instead of copying resources
[0.695s] -- Found rosidl_generator_c: 3.1.6 (/opt/ros/humble/share/rosidl_generator_c/cmake)
[0.702s] -- Found rosidl_adapter: 3.1.6 (/opt/ros/humble/share/rosidl_adapter/cmake)
[0.718s] -- Found rosidl_generator_cpp: 3.1.6 (/opt/ros/humble/share/rosidl_generator_cpp/cmake)
[0.744s] -- Using all available rosidl_typesupport_c: rosidl_typesupport_fastrtps_c;rosidl_typesupport_introspection_c
[0.777s] -- Using all available rosidl_typesupport_cpp: rosidl_typesupport_fastrtps_cpp;rosidl_typesupport_introspection_cpp
[0.856s] -- Found rmw_implementation_cmake: 6.1.2 (/opt/ros/humble/share/rmw_implementation_cmake/cmake)
[0.863s] -- Found rmw_fastrtps_cpp: 6.2.7 (/opt/ros/humble/share/rmw_fastrtps_cpp/cmake)
[1.090s] -- Using RMW implementation 'rmw_fastrtps_cpp' as default
[1.260s] -- Found ament_lint_auto: 0.12.12 (/opt/ros/humble/share/ament_lint_auto/cmake)
[1.280s] -- Configuring done
[1.307s] -- Generating done
[1.316s] -- Build files have been written to: /home/user/vision_ws/build/zed_tutorial_video
[1.337s] Invoked command in '/home/user/vision_ws/build/zed_tutorial_video' returned '0': CMAKE_PREFIX_PATH=${CMAKE_PREFIX_PATH}:/home/user/autorover_ws/install/teleop_twist_keyboard:/home/user/autorover_ws/install/autorover_bringup:/opt/ros/humble /usr/bin/cmake /home/user/vision_ws/src/zed-ros2-examples/tutorials/zed_video_tutorial -DCMAKE_INSTALL_PREFIX=/home/user/vision_ws/install/zed_tutorial_video
[1.341s] Invoking command in '/home/user/vision_ws/build/zed_tutorial_video': CMAKE_PREFIX_PATH=${CMAKE_PREFIX_PATH}:/home/user/autorover_ws/install/teleop_twist_keyboard:/home/user/autorover_ws/install/autorover_bringup:/opt/ros/humble /usr/bin/cmake --build /home/user/vision_ws/build/zed_tutorial_video -- -j8 -l8
[1.433s] [35m[1mConsolidate compiler generated dependencies of target zed_tutorial_video[0m
[1.493s] [100%] Built target zed_tutorial_video
[1.518s] Invoked command in '/home/user/vision_ws/build/zed_tutorial_video' returned '0': CMAKE_PREFIX_PATH=${CMAKE_PREFIX_PATH}:/home/user/autorover_ws/install/teleop_twist_keyboard:/home/user/autorover_ws/install/autorover_bringup:/opt/ros/humble /usr/bin/cmake --build /home/user/vision_ws/build/zed_tutorial_video -- -j8 -l8
[1.542s] Invoking command in '/home/user/vision_ws/build/zed_tutorial_video': CMAKE_PREFIX_PATH=${CMAKE_PREFIX_PATH}:/home/user/autorover_ws/install/teleop_twist_keyboard:/home/user/autorover_ws/install/autorover_bringup:/opt/ros/humble /usr/bin/cmake --install /home/user/vision_ws/build/zed_tutorial_video
[1.559s] -- Install configuration: "Release"
[1.561s] -- Execute custom install script
[1.562s] -- Up-to-date symlink: /home/user/vision_ws/install/zed_tutorial_video/lib/zed_tutorial_video/zed_tutorial_video
[1.562s] -- Up-to-date symlink: /home/user/vision_ws/install/zed_tutorial_video/share/ament_index/resource_index/package_run_dependencies/zed_tutorial_video
[1.563s] -- Up-to-date symlink: /home/user/vision_ws/install/zed_tutorial_video/share/ament_index/resource_index/parent_prefix_path/zed_tutorial_video
[1.563s] -- Up-to-date symlink: /home/user/vision_ws/install/zed_tutorial_video/share/zed_tutorial_video/environment/ament_prefix_path.sh
[1.563s] -- Up-to-date symlink: /home/user/vision_ws/install/zed_tutorial_video/share/zed_tutorial_video/environment/ament_prefix_path.dsv
[1.564s] -- Up-to-date symlink: /home/user/vision_ws/install/zed_tutorial_video/share/zed_tutorial_video/environment/path.sh
[1.565s] -- Up-to-date symlink: /home/user/vision_ws/install/zed_tutorial_video/share/zed_tutorial_video/environment/path.dsv
[1.565s] -- Up-to-date symlink: /home/user/vision_ws/install/zed_tutorial_video/share/zed_tutorial_video/local_setup.bash
[1.565s] -- Up-to-date symlink: /home/user/vision_ws/install/zed_tutorial_video/share/zed_tutorial_video/local_setup.sh
[1.566s] -- Up-to-date symlink: /home/user/vision_ws/install/zed_tutorial_video/share/zed_tutorial_video/local_setup.zsh
[1.566s] -- Up-to-date symlink: /home/user/vision_ws/install/zed_tutorial_video/share/zed_tutorial_video/local_setup.dsv
[1.566s] -- Symlinking: /home/user/vision_ws/install/zed_tutorial_video/share/zed_tutorial_video/package.dsv
[1.588s] -- Up-to-date symlink: /home/user/vision_ws/install/zed_tutorial_video/share/ament_index/resource_index/packages/zed_tutorial_video
[1.590s] -- Up-to-date symlink: /home/user/vision_ws/install/zed_tutorial_video/share/zed_tutorial_video/cmake/zed_tutorial_videoConfig.cmake
[1.592s] -- Up-to-date symlink: /home/user/vision_ws/install/zed_tutorial_video/share/zed_tutorial_video/cmake/zed_tutorial_videoConfig-version.cmake
[1.593s] -- Up-to-date symlink: /home/user/vision_ws/install/zed_tutorial_video/share/zed_tutorial_video/package.xml
[1.598s] Invoked command in '/home/user/vision_ws/build/zed_tutorial_video' returned '0': CMAKE_PREFIX_PATH=${CMAKE_PREFIX_PATH}:/home/user/autorover_ws/install/teleop_twist_keyboard:/home/user/autorover_ws/install/autorover_bringup:/opt/ros/humble /usr/bin/cmake --install /home/user/vision_ws/build/zed_tutorial_video
