[0.053s] Invoking command in '/home/user/vision_ws/build/zed_tutorial_video': CMAKE_PREFIX_PATH=${CMAKE_PREFIX_PATH}:/home/user/autorover_ws/install/teleop_twist_keyboard:/home/user/autorover_ws/install/autorover_bringup:/opt/ros/humble /usr/bin/cmake --build /home/user/vision_ws/build/zed_tutorial_video -- -j8 -l8
[0.170s] [100%] Built target zed_tutorial_video
[0.226s] Invoked command in '/home/user/vision_ws/build/zed_tutorial_video' returned '0': CMAKE_PREFIX_PATH=${CMAKE_PREFIX_PATH}:/home/user/autorover_ws/install/teleop_twist_keyboard:/home/user/autorover_ws/install/autorover_bringup:/opt/ros/humble /usr/bin/cmake --build /home/user/vision_ws/build/zed_tutorial_video -- -j8 -l8
[0.230s] Invoking command in '/home/user/vision_ws/build/zed_tutorial_video': CMAKE_PREFIX_PATH=${CMAKE_PREFIX_PATH}:/home/user/autorover_ws/install/teleop_twist_keyboard:/home/user/autorover_ws/install/autorover_bringup:/opt/ros/humble /usr/bin/cmake --install /home/user/vision_ws/build/zed_tutorial_video
[0.246s] -- Install configuration: "Release"
[0.247s] -- Execute custom install script
[0.248s] -- Up-to-date symlink: /home/user/vision_ws/install/zed_tutorial_video/lib/zed_tutorial_video/zed_tutorial_video
[0.249s] -- Up-to-date symlink: /home/user/vision_ws/install/zed_tutorial_video/share/ament_index/resource_index/package_run_dependencies/zed_tutorial_video
[0.249s] -- Up-to-date symlink: /home/user/vision_ws/install/zed_tutorial_video/share/ament_index/resource_index/parent_prefix_path/zed_tutorial_video
[0.250s] -- Up-to-date symlink: /home/user/vision_ws/install/zed_tutorial_video/share/zed_tutorial_video/environment/ament_prefix_path.sh
[0.250s] -- Up-to-date symlink: /home/user/vision_ws/install/zed_tutorial_video/share/zed_tutorial_video/environment/ament_prefix_path.dsv
[0.250s] -- Up-to-date symlink: /home/user/vision_ws/install/zed_tutorial_video/share/zed_tutorial_video/environment/path.sh
[0.251s] -- Up-to-date symlink: /home/user/vision_ws/install/zed_tutorial_video/share/zed_tutorial_video/environment/path.dsv
[0.251s] -- Up-to-date symlink: /home/user/vision_ws/install/zed_tutorial_video/share/zed_tutorial_video/local_setup.bash
[0.251s] -- Up-to-date symlink: /home/user/vision_ws/install/zed_tutorial_video/share/zed_tutorial_video/local_setup.sh
[0.252s] -- Up-to-date symlink: /home/user/vision_ws/install/zed_tutorial_video/share/zed_tutorial_video/local_setup.zsh
[0.252s] -- Up-to-date symlink: /home/user/vision_ws/install/zed_tutorial_video/share/zed_tutorial_video/local_setup.dsv
[0.253s] -- Symlinking: /home/user/vision_ws/install/zed_tutorial_video/share/zed_tutorial_video/package.dsv
[0.272s] -- Up-to-date symlink: /home/user/vision_ws/install/zed_tutorial_video/share/ament_index/resource_index/packages/zed_tutorial_video
[0.273s] -- Up-to-date symlink: /home/user/vision_ws/install/zed_tutorial_video/share/zed_tutorial_video/cmake/zed_tutorial_videoConfig.cmake
[0.273s] -- Up-to-date symlink: /home/user/vision_ws/install/zed_tutorial_video/share/zed_tutorial_video/cmake/zed_tutorial_videoConfig-version.cmake
[0.273s] -- Up-to-date symlink: /home/user/vision_ws/install/zed_tutorial_video/share/zed_tutorial_video/package.xml
[0.279s] Invoked command in '/home/user/vision_ws/build/zed_tutorial_video' returned '0': CMAKE_PREFIX_PATH=${CMAKE_PREFIX_PATH}:/home/user/autorover_ws/install/teleop_twist_keyboard:/home/user/autorover_ws/install/autorover_bringup:/opt/ros/humble /usr/bin/cmake --install /home/user/vision_ws/build/zed_tutorial_video
