-- Found CUDA: /usr/local/cuda (found suitable version "12.2", minimum required is "12.2") 
-- Found CUDA: /usr/local/cuda (found version "12.2") 
-- Found ament_cmake_auto: 1.3.11 (/opt/ros/humble/share/ament_cmake_auto/cmake)
-- Override CMake install command with custom implementation using symlinks instead of copying resources
-- Found rosidl_generator_c: 3.1.6 (/opt/ros/humble/share/rosidl_generator_c/cmake)
-- Found rosidl_adapter: 3.1.6 (/opt/ros/humble/share/rosidl_adapter/cmake)
-- Found rosidl_generator_cpp: 3.1.6 (/opt/ros/humble/share/rosidl_generator_cpp/cmake)
-- Using all available rosidl_typesupport_c: rosidl_typesupport_fastrtps_c;rosidl_typesupport_introspection_c
-- Using all available rosidl_typesupport_cpp: rosidl_typesupport_fastrtps_cpp;rosidl_typesupport_introspection_cpp
-- Found rmw_implementation_cmake: 6.1.2 (/opt/ros/humble/share/rmw_implementation_cmake/cmake)
-- Found rmw_fastrtps_cpp: 6.2.7 (/opt/ros/humble/share/rmw_fastrtps_cpp/cmake)
-- Using RMW implementation 'rmw_fastrtps_cpp' as default
-- Found eigen3_cmake_module: 0.1.1 (/opt/ros/humble/share/eigen3_cmake_module/cmake)
-- Ensuring Eigen3 include directory is part of orocos-kdl CMake target
-- Found ament_lint_auto: 0.12.12 (/opt/ros/humble/share/ament_lint_auto/cmake)
-- Added test 'copyright' to check source files copyright and LICENSE
-- Added test 'cppcheck' to perform static code analysis on C / C++ code
-- Configured cppcheck include dirs: /home/user/vision_ws/src/zed-ros2-examples/examples/zed_aruco_localization/src/include;/home/user/vision_ws/src/zed-ros2-examples/examples/zed_aruco_localization/src/component/include
-- Configured cppcheck exclude dirs and/or files: 
-- Added test 'cpplint' to check C / C++ code against the Google style
-- Configured cpplint exclude dirs and/or files: 
-- Added test 'flake8' to check Python code syntax and style conventions
-- Added test 'lint_cmake' to check CMake code style
-- Added test 'pep257' to check Python code against some of the docstring style conventions in PEP 257
-- Added test 'uncrustify' to check C / C++ code style
-- Configured uncrustify additional arguments: 
-- Added test 'xmllint' to check XML markup files
-- Configuring done
-- Generating done
-- Build files have been written to: /home/user/vision_ws/build/zed_aruco_localization
[35m[1mConsolidate compiler generated dependencies of target zed_aruco_localization_component[0m
[100%] Built target zed_aruco_localization_component
-- Install configuration: "Release"
-- Execute custom install script
-- Up-to-date symlink: /home/user/vision_ws/install/zed_aruco_localization/lib/libzed_aruco_localization_component.so
-- Up-to-date symlink: /home/user/vision_ws/install/zed_aruco_localization/include/zed_aruco_localization//aruco_loc_visibility_control.hpp
-- Up-to-date symlink: /home/user/vision_ws/install/zed_aruco_localization/include/zed_aruco_localization//aruco.hpp
-- Up-to-date symlink: /home/user/vision_ws/install/zed_aruco_localization/include/zed_aruco_localization//zed_aruco_localization_component.hpp
-- Up-to-date symlink: /home/user/vision_ws/install/zed_aruco_localization/share/zed_aruco_localization/launch/zed_aruco_loc.launch.py
-- Up-to-date symlink: /home/user/vision_ws/install/zed_aruco_localization/share/zed_aruco_localization/config/aruco_loc.yaml
-- Up-to-date symlink: /home/user/vision_ws/install/zed_aruco_localization/share/zed_aruco_localization/rviz2/aruco.rviz
-- Up-to-date symlink: /home/user/vision_ws/install/zed_aruco_localization/share/zed_aruco_localization/environment/library_path.sh
-- Up-to-date symlink: /home/user/vision_ws/install/zed_aruco_localization/share/zed_aruco_localization/environment/library_path.dsv
-- Up-to-date symlink: /home/user/vision_ws/install/zed_aruco_localization/share/ament_index/resource_index/package_run_dependencies/zed_aruco_localization
-- Up-to-date symlink: /home/user/vision_ws/install/zed_aruco_localization/share/ament_index/resource_index/parent_prefix_path/zed_aruco_localization
-- Up-to-date symlink: /home/user/vision_ws/install/zed_aruco_localization/share/zed_aruco_localization/environment/ament_prefix_path.sh
-- Up-to-date symlink: /home/user/vision_ws/install/zed_aruco_localization/share/zed_aruco_localization/environment/ament_prefix_path.dsv
-- Up-to-date symlink: /home/user/vision_ws/install/zed_aruco_localization/share/zed_aruco_localization/environment/path.sh
-- Up-to-date symlink: /home/user/vision_ws/install/zed_aruco_localization/share/zed_aruco_localization/environment/path.dsv
-- Up-to-date symlink: /home/user/vision_ws/install/zed_aruco_localization/share/zed_aruco_localization/local_setup.bash
-- Up-to-date symlink: /home/user/vision_ws/install/zed_aruco_localization/share/zed_aruco_localization/local_setup.sh
-- Up-to-date symlink: /home/user/vision_ws/install/zed_aruco_localization/share/zed_aruco_localization/local_setup.zsh
-- Up-to-date symlink: /home/user/vision_ws/install/zed_aruco_localization/share/zed_aruco_localization/local_setup.dsv
-- Symlinking: /home/user/vision_ws/install/zed_aruco_localization/share/zed_aruco_localization/package.dsv
-- Up-to-date symlink: /home/user/vision_ws/install/zed_aruco_localization/share/ament_index/resource_index/packages/zed_aruco_localization
-- Up-to-date symlink: /home/user/vision_ws/install/zed_aruco_localization/share/ament_index/resource_index/rclcpp_components/zed_aruco_localization
-- Up-to-date symlink: /home/user/vision_ws/install/zed_aruco_localization/share/zed_aruco_localization/cmake/ament_cmake_export_include_directories-extras.cmake
-- Up-to-date symlink: /home/user/vision_ws/install/zed_aruco_localization/share/zed_aruco_localization/cmake/ament_cmake_export_libraries-extras.cmake
-- Up-to-date symlink: /home/user/vision_ws/install/zed_aruco_localization/share/zed_aruco_localization/cmake/ament_cmake_export_dependencies-extras.cmake
-- Up-to-date symlink: /home/user/vision_ws/install/zed_aruco_localization/share/zed_aruco_localization/cmake/zed_aruco_localizationConfig.cmake
-- Up-to-date symlink: /home/user/vision_ws/install/zed_aruco_localization/share/zed_aruco_localization/cmake/zed_aruco_localizationConfig-version.cmake
-- Up-to-date symlink: /home/user/vision_ws/install/zed_aruco_localization/share/zed_aruco_localization/package.xml
