[0.063s] Invoking command in '/home/user/vision_ws/build/zed_tutorial_depth': CMAKE_PREFIX_PATH=${CMAKE_PREFIX_PATH}:/home/user/autorover_ws/install/teleop_twist_keyboard:/home/user/autorover_ws/install/autorover_bringup:/opt/ros/humble /usr/bin/cmake /home/user/vision_ws/src/zed-ros2-examples/tutorials/zed_depth_tutorial -DCMAKE_BUILD_TYPE=Release -DAMENT_CMAKE_SYMLINK_INSTALL=1 -DCMAKE_INSTALL_PREFIX=/home/user/vision_ws/install/zed_tutorial_depth
[0.095s] -- Found ament_cmake_auto: 1.3.11 (/opt/ros/humble/share/ament_cmake_auto/cmake)
[0.408s] -- Override CMake install command with custom implementation using symlinks instead of copying resources
[0.714s] -- Found rosidl_generator_c: 3.1.6 (/opt/ros/humble/share/rosidl_generator_c/cmake)
[0.720s] -- Found rosidl_adapter: 3.1.6 (/opt/ros/humble/share/rosidl_adapter/cmake)
[0.737s] -- Found rosidl_generator_cpp: 3.1.6 (/opt/ros/humble/share/rosidl_generator_cpp/cmake)
[0.764s] -- Using all available rosidl_typesupport_c: rosidl_typesupport_fastrtps_c;rosidl_typesupport_introspection_c
[0.796s] -- Using all available rosidl_typesupport_cpp: rosidl_typesupport_fastrtps_cpp;rosidl_typesupport_introspection_cpp
[0.876s] -- Found rmw_implementation_cmake: 6.1.2 (/opt/ros/humble/share/rmw_implementation_cmake/cmake)
[0.882s] -- Found rmw_fastrtps_cpp: 6.2.7 (/opt/ros/humble/share/rmw_fastrtps_cpp/cmake)
[1.106s] -- Using RMW implementation 'rmw_fastrtps_cpp' as default
[1.275s] -- Found ament_lint_auto: 0.12.12 (/opt/ros/humble/share/ament_lint_auto/cmake)
[1.319s] -- Added test 'copyright' to check source files copyright and LICENSE
[1.321s] -- Added test 'cppcheck' to perform static code analysis on C / C++ code
[1.322s] -- Configured cppcheck include dirs: 
[1.322s] -- Configured cppcheck exclude dirs and/or files: 
[1.324s] -- Added test 'cpplint' to check C / C++ code against the Google style
[1.324s] -- Configured cpplint exclude dirs and/or files: 
[1.325s] -- Added test 'lint_cmake' to check CMake code style
[1.327s] -- Added test 'uncrustify' to check C / C++ code style
[1.327s] -- Configured uncrustify additional arguments: 
[1.328s] -- Added test 'xmllint' to check XML markup files
[1.330s] -- Configuring done
[1.358s] -- Generating done
[1.367s] -- Build files have been written to: /home/user/vision_ws/build/zed_tutorial_depth
[1.389s] Invoked command in '/home/user/vision_ws/build/zed_tutorial_depth' returned '0': CMAKE_PREFIX_PATH=${CMAKE_PREFIX_PATH}:/home/user/autorover_ws/install/teleop_twist_keyboard:/home/user/autorover_ws/install/autorover_bringup:/opt/ros/humble /usr/bin/cmake /home/user/vision_ws/src/zed-ros2-examples/tutorials/zed_depth_tutorial -DCMAKE_BUILD_TYPE=Release -DAMENT_CMAKE_SYMLINK_INSTALL=1 -DCMAKE_INSTALL_PREFIX=/home/user/vision_ws/install/zed_tutorial_depth
[1.392s] Invoking command in '/home/user/vision_ws/build/zed_tutorial_depth': CMAKE_PREFIX_PATH=${CMAKE_PREFIX_PATH}:/home/user/autorover_ws/install/teleop_twist_keyboard:/home/user/autorover_ws/install/autorover_bringup:/opt/ros/humble /usr/bin/cmake --build /home/user/vision_ws/build/zed_tutorial_depth -- -j8 -l8
[1.480s] [35m[1mConsolidate compiler generated dependencies of target zed_tutorial_depth[0m
[1.516s] [100%] Built target zed_tutorial_depth
[1.559s] Invoked command in '/home/user/vision_ws/build/zed_tutorial_depth' returned '0': CMAKE_PREFIX_PATH=${CMAKE_PREFIX_PATH}:/home/user/autorover_ws/install/teleop_twist_keyboard:/home/user/autorover_ws/install/autorover_bringup:/opt/ros/humble /usr/bin/cmake --build /home/user/vision_ws/build/zed_tutorial_depth -- -j8 -l8
[1.562s] Invoking command in '/home/user/vision_ws/build/zed_tutorial_depth': CMAKE_PREFIX_PATH=${CMAKE_PREFIX_PATH}:/home/user/autorover_ws/install/teleop_twist_keyboard:/home/user/autorover_ws/install/autorover_bringup:/opt/ros/humble /usr/bin/cmake --install /home/user/vision_ws/build/zed_tutorial_depth
[1.578s] -- Install configuration: "Release"
[1.579s] -- Execute custom install script
[1.580s] -- Up-to-date symlink: /home/user/vision_ws/install/zed_tutorial_depth/lib/zed_tutorial_depth/zed_tutorial_depth
[1.581s] -- Up-to-date symlink: /home/user/vision_ws/install/zed_tutorial_depth/share/ament_index/resource_index/package_run_dependencies/zed_tutorial_depth
[1.581s] -- Up-to-date symlink: /home/user/vision_ws/install/zed_tutorial_depth/share/ament_index/resource_index/parent_prefix_path/zed_tutorial_depth
[1.582s] -- Up-to-date symlink: /home/user/vision_ws/install/zed_tutorial_depth/share/zed_tutorial_depth/environment/ament_prefix_path.sh
[1.582s] -- Up-to-date symlink: /home/user/vision_ws/install/zed_tutorial_depth/share/zed_tutorial_depth/environment/ament_prefix_path.dsv
[1.583s] -- Up-to-date symlink: /home/user/vision_ws/install/zed_tutorial_depth/share/zed_tutorial_depth/environment/path.sh
[1.583s] -- Up-to-date symlink: /home/user/vision_ws/install/zed_tutorial_depth/share/zed_tutorial_depth/environment/path.dsv
[1.583s] -- Up-to-date symlink: /home/user/vision_ws/install/zed_tutorial_depth/share/zed_tutorial_depth/local_setup.bash
[1.584s] -- Up-to-date symlink: /home/user/vision_ws/install/zed_tutorial_depth/share/zed_tutorial_depth/local_setup.sh
[1.584s] -- Up-to-date symlink: /home/user/vision_ws/install/zed_tutorial_depth/share/zed_tutorial_depth/local_setup.zsh
[1.584s] -- Up-to-date symlink: /home/user/vision_ws/install/zed_tutorial_depth/share/zed_tutorial_depth/local_setup.dsv
[1.585s] -- Symlinking: /home/user/vision_ws/install/zed_tutorial_depth/share/zed_tutorial_depth/package.dsv
[1.605s] -- Up-to-date symlink: /home/user/vision_ws/install/zed_tutorial_depth/share/ament_index/resource_index/packages/zed_tutorial_depth
[1.606s] -- Up-to-date symlink: /home/user/vision_ws/install/zed_tutorial_depth/share/zed_tutorial_depth/cmake/zed_tutorial_depthConfig.cmake
[1.607s] -- Up-to-date symlink: /home/user/vision_ws/install/zed_tutorial_depth/share/zed_tutorial_depth/cmake/zed_tutorial_depthConfig-version.cmake
[1.607s] -- Up-to-date symlink: /home/user/vision_ws/install/zed_tutorial_depth/share/zed_tutorial_depth/package.xml
[1.656s] Invoked command in '/home/user/vision_ws/build/zed_tutorial_depth' returned '0': CMAKE_PREFIX_PATH=${CMAKE_PREFIX_PATH}:/home/user/autorover_ws/install/teleop_twist_keyboard:/home/user/autorover_ws/install/autorover_bringup:/opt/ros/humble /usr/bin/cmake --install /home/user/vision_ws/build/zed_tutorial_depth
