[0.080s] Invoking command in '/home/user/vision_ws/build/zed_topic_benchmark_interfaces': CMAKE_PREFIX_PATH=${CMAKE_PREFIX_PATH}:/home/user/autorover_ws/install/teleop_twist_keyboard:/home/user/autorover_ws/install/autorover_bringup:/opt/ros/humble /usr/bin/cmake /home/user/vision_ws/src/zed-ros2-examples/tools/zed_benchmark_interfaces -DCMAKE_INSTALL_PREFIX=/home/user/vision_ws/install/zed_topic_benchmark_interfaces
[0.104s] -- Found ament_cmake_auto: 1.3.11 (/opt/ros/humble/share/ament_cmake_auto/cmake)
[0.402s] -- Override CMake install command with custom implementation using symlinks instead of copying resources
[0.627s] -- Found rosidl_generator_c: 3.1.6 (/opt/ros/humble/share/rosidl_generator_c/cmake)
[0.632s] -- Found rosidl_adapter: 3.1.6 (/opt/ros/humble/share/rosidl_adapter/cmake)
[0.644s] -- Found rosidl_generator_cpp: 3.1.6 (/opt/ros/humble/share/rosidl_generator_cpp/cmake)
[0.665s] -- Using all available rosidl_typesupport_c: rosidl_typesupport_fastrtps_c;rosidl_typesupport_introspection_c
[0.690s] -- Using all available rosidl_typesupport_cpp: rosidl_typesupport_fastrtps_cpp;rosidl_typesupport_introspection_cpp
[0.756s] -- Found ament_lint_auto: 0.12.12 (/opt/ros/humble/share/ament_lint_auto/cmake)
[1.248s] -- Found ament_cmake_ros: 0.10.0 (/opt/ros/humble/share/ament_cmake_ros/cmake)
[2.072s] -- Using all available rosidl_typesupport_c: rosidl_typesupport_fastrtps_c;rosidl_typesupport_introspection_c
[2.385s] -- Using all available rosidl_typesupport_cpp: rosidl_typesupport_fastrtps_cpp;rosidl_typesupport_introspection_cpp
[2.442s] -- Found python_cmake_module: 0.10.0 (/opt/ros/humble/share/python_cmake_module/cmake)
[2.494s] -- Using PYTHON_EXECUTABLE: /usr/bin/python3
[2.495s] -- Using PYTHON_INCLUDE_DIRS: /usr/include/python3.10
[2.495s] -- Using PYTHON_LIBRARIES: /usr/lib/aarch64-linux-gnu/libpython3.10.so
[2.582s] -- Added test 'copyright' to check source files copyright and LICENSE
[2.584s] -- Added test 'lint_cmake' to check CMake code style
[2.585s] -- Added test 'xmllint' to check XML markup files
[2.594s] -- Configuring done
[2.666s] -- Generating done
[2.691s] -- Build files have been written to: /home/user/vision_ws/build/zed_topic_benchmark_interfaces
[2.707s] Invoked command in '/home/user/vision_ws/build/zed_topic_benchmark_interfaces' returned '0': CMAKE_PREFIX_PATH=${CMAKE_PREFIX_PATH}:/home/user/autorover_ws/install/teleop_twist_keyboard:/home/user/autorover_ws/install/autorover_bringup:/opt/ros/humble /usr/bin/cmake /home/user/vision_ws/src/zed-ros2-examples/tools/zed_benchmark_interfaces -DCMAKE_INSTALL_PREFIX=/home/user/vision_ws/install/zed_topic_benchmark_interfaces
[2.710s] Invoking command in '/home/user/vision_ws/build/zed_topic_benchmark_interfaces': CMAKE_PREFIX_PATH=${CMAKE_PREFIX_PATH}:/home/user/autorover_ws/install/teleop_twist_keyboard:/home/user/autorover_ws/install/autorover_bringup:/opt/ros/humble /usr/bin/cmake --build /home/user/vision_ws/build/zed_topic_benchmark_interfaces -- -j8 -l8
[2.802s] [35m[1mConsolidate compiler generated dependencies of target zed_topic_benchmark_interfaces__rosidl_generator_c[0m
[2.823s] [  3%] Built target zed_topic_benchmark_interfaces__cpp
[2.826s] [ 12%] Built target zed_topic_benchmark_interfaces__rosidl_generator_c
[2.842s] [ 12%] Built target ament_cmake_python_symlink_zed_topic_benchmark_interfaces
[2.850s] [35m[1mConsolidate compiler generated dependencies of target zed_topic_benchmark_interfaces__rosidl_typesupport_cpp[0m
[2.850s] [35m[1mConsolidate compiler generated dependencies of target zed_topic_benchmark_interfaces__rosidl_typesupport_introspection_cpp[0m
[2.850s] [35m[1mConsolidate compiler generated dependencies of target zed_topic_benchmark_interfaces__rosidl_typesupport_fastrtps_cpp[0m
[2.863s] [35m[1mConsolidate compiler generated dependencies of target zed_topic_benchmark_interfaces__rosidl_typesupport_introspection_c[0m
[2.867s] [35m[1mConsolidate compiler generated dependencies of target zed_topic_benchmark_interfaces__rosidl_typesupport_c[0m
[2.867s] [35m[1mConsolidate compiler generated dependencies of target zed_topic_benchmark_interfaces__rosidl_typesupport_fastrtps_c[0m
[2.890s] [ 22%] Built target zed_topic_benchmark_interfaces__rosidl_typesupport_cpp
[2.896s] [ 32%] Built target zed_topic_benchmark_interfaces__rosidl_typesupport_c
[2.899s] [ 41%] Built target zed_topic_benchmark_interfaces__rosidl_typesupport_introspection_c
[2.902s] [ 51%] Built target zed_topic_benchmark_interfaces__rosidl_typesupport_fastrtps_cpp
[2.907s] [ 61%] Built target zed_topic_benchmark_interfaces__rosidl_typesupport_introspection_cpp
[2.917s] [ 70%] Built target zed_topic_benchmark_interfaces__rosidl_typesupport_fastrtps_c
[2.964s] [ 70%] Built target zed_topic_benchmark_interfaces
[3.011s] [ 74%] Built target zed_topic_benchmark_interfaces__py
[3.038s] [35m[1mConsolidate compiler generated dependencies of target zed_topic_benchmark_interfaces__rosidl_generator_py[0m
[3.065s] [ 80%] Built target zed_topic_benchmark_interfaces__rosidl_generator_py
[3.089s] [35m[1mConsolidate compiler generated dependencies of target zed_topic_benchmark_interfaces__rosidl_typesupport_introspection_c__pyext[0m
[3.089s] [35m[1mConsolidate compiler generated dependencies of target zed_topic_benchmark_interfaces__rosidl_typesupport_fastrtps_c__pyext[0m
[3.090s] [35m[1mConsolidate compiler generated dependencies of target zed_topic_benchmark_interfaces__rosidl_typesupport_c__pyext[0m
[3.121s] [ 87%] Built target zed_topic_benchmark_interfaces__rosidl_typesupport_fastrtps_c__pyext
[3.121s] [ 93%] Built target zed_topic_benchmark_interfaces__rosidl_typesupport_c__pyext
[3.126s] [100%] Built target zed_topic_benchmark_interfaces__rosidl_typesupport_introspection_c__pyext
[3.432s] running egg_info
[3.434s] writing zed_topic_benchmark_interfaces.egg-info/PKG-INFO
[3.435s] writing dependency_links to zed_topic_benchmark_interfaces.egg-info/dependency_links.txt
[3.435s] writing top-level names to zed_topic_benchmark_interfaces.egg-info/top_level.txt
[3.440s] reading manifest file 'zed_topic_benchmark_interfaces.egg-info/SOURCES.txt'
[3.442s] writing manifest file 'zed_topic_benchmark_interfaces.egg-info/SOURCES.txt'
[3.517s] [100%] Built target ament_cmake_python_build_zed_topic_benchmark_interfaces_egg
[3.542s] Invoked command in '/home/user/vision_ws/build/zed_topic_benchmark_interfaces' returned '0': CMAKE_PREFIX_PATH=${CMAKE_PREFIX_PATH}:/home/user/autorover_ws/install/teleop_twist_keyboard:/home/user/autorover_ws/install/autorover_bringup:/opt/ros/humble /usr/bin/cmake --build /home/user/vision_ws/build/zed_topic_benchmark_interfaces -- -j8 -l8
[3.544s] Invoking command in '/home/user/vision_ws/build/zed_topic_benchmark_interfaces': CMAKE_PREFIX_PATH=${CMAKE_PREFIX_PATH}:/home/user/autorover_ws/install/teleop_twist_keyboard:/home/user/autorover_ws/install/autorover_bringup:/opt/ros/humble /usr/bin/cmake --install /home/user/vision_ws/build/zed_topic_benchmark_interfaces
[3.563s] -- Install configuration: "Release"
[3.563s] -- Execute custom install script
[3.564s] -- Up-to-date symlink: /home/user/vision_ws/install/zed_topic_benchmark_interfaces/share/ament_index/resource_index/rosidl_interfaces/zed_topic_benchmark_interfaces
[3.565s] -- Up-to-date symlink: /home/user/vision_ws/install/zed_topic_benchmark_interfaces/include/zed_topic_benchmark_interfaces/zed_topic_benchmark_interfaces/msg/benchmark_stats_stamped.h
[3.565s] -- Up-to-date symlink: /home/user/vision_ws/install/zed_topic_benchmark_interfaces/include/zed_topic_benchmark_interfaces/zed_topic_benchmark_interfaces/msg/detail/benchmark_stats_stamped__functions.h
[3.565s] -- Up-to-date symlink: /home/user/vision_ws/install/zed_topic_benchmark_interfaces/include/zed_topic_benchmark_interfaces/zed_topic_benchmark_interfaces/msg/detail/benchmark_stats_stamped__struct.h
[3.565s] -- Up-to-date symlink: /home/user/vision_ws/install/zed_topic_benchmark_interfaces/include/zed_topic_benchmark_interfaces/zed_topic_benchmark_interfaces/msg/detail/benchmark_stats_stamped__type_support.h
[3.566s] -- Up-to-date symlink: /home/user/vision_ws/install/zed_topic_benchmark_interfaces/include/zed_topic_benchmark_interfaces/zed_topic_benchmark_interfaces/msg/rosidl_generator_c__visibility_control.h
[3.566s] -- Up-to-date symlink: /home/user/vision_ws/install/zed_topic_benchmark_interfaces/share/zed_topic_benchmark_interfaces/environment/library_path.sh
[3.566s] -- Up-to-date symlink: /home/user/vision_ws/install/zed_topic_benchmark_interfaces/share/zed_topic_benchmark_interfaces/environment/library_path.dsv
[3.567s] -- Up-to-date symlink: /home/user/vision_ws/install/zed_topic_benchmark_interfaces/include/zed_topic_benchmark_interfaces/zed_topic_benchmark_interfaces/msg/detail/benchmark_stats_stamped__rosidl_typesupport_fastrtps_c.h
[3.567s] -- Up-to-date symlink: /home/user/vision_ws/install/zed_topic_benchmark_interfaces/include/zed_topic_benchmark_interfaces/zed_topic_benchmark_interfaces/msg/rosidl_typesupport_fastrtps_c__visibility_control.h
[3.568s] -- Up-to-date symlink: /home/user/vision_ws/install/zed_topic_benchmark_interfaces/include/zed_topic_benchmark_interfaces/zed_topic_benchmark_interfaces/msg/benchmark_stats_stamped.hpp
[3.568s] -- Up-to-date symlink: /home/user/vision_ws/install/zed_topic_benchmark_interfaces/include/zed_topic_benchmark_interfaces/zed_topic_benchmark_interfaces/msg/detail/benchmark_stats_stamped__builder.hpp
[3.568s] -- Up-to-date symlink: /home/user/vision_ws/install/zed_topic_benchmark_interfaces/include/zed_topic_benchmark_interfaces/zed_topic_benchmark_interfaces/msg/detail/benchmark_stats_stamped__struct.hpp
[3.568s] -- Up-to-date symlink: /home/user/vision_ws/install/zed_topic_benchmark_interfaces/include/zed_topic_benchmark_interfaces/zed_topic_benchmark_interfaces/msg/detail/benchmark_stats_stamped__traits.hpp
[3.569s] -- Up-to-date symlink: /home/user/vision_ws/install/zed_topic_benchmark_interfaces/include/zed_topic_benchmark_interfaces/zed_topic_benchmark_interfaces/msg/detail/benchmark_stats_stamped__type_support.hpp
[3.569s] -- Up-to-date symlink: /home/user/vision_ws/install/zed_topic_benchmark_interfaces/include/zed_topic_benchmark_interfaces/zed_topic_benchmark_interfaces/msg/rosidl_generator_cpp__visibility_control.hpp
[3.570s] -- Up-to-date symlink: /home/user/vision_ws/install/zed_topic_benchmark_interfaces/include/zed_topic_benchmark_interfaces/zed_topic_benchmark_interfaces/msg/detail/benchmark_stats_stamped__rosidl_typesupport_fastrtps_cpp.hpp
[3.570s] -- Up-to-date symlink: /home/user/vision_ws/install/zed_topic_benchmark_interfaces/include/zed_topic_benchmark_interfaces/zed_topic_benchmark_interfaces/msg/rosidl_typesupport_fastrtps_cpp__visibility_control.h
[3.570s] -- Up-to-date symlink: /home/user/vision_ws/install/zed_topic_benchmark_interfaces/include/zed_topic_benchmark_interfaces/zed_topic_benchmark_interfaces/msg/detail/benchmark_stats_stamped__rosidl_typesupport_introspection_c.h
[3.571s] -- Up-to-date symlink: /home/user/vision_ws/install/zed_topic_benchmark_interfaces/include/zed_topic_benchmark_interfaces/zed_topic_benchmark_interfaces/msg/rosidl_typesupport_introspection_c__visibility_control.h
[3.571s] -- Up-to-date symlink: /home/user/vision_ws/install/zed_topic_benchmark_interfaces/include/zed_topic_benchmark_interfaces/zed_topic_benchmark_interfaces/msg/detail/benchmark_stats_stamped__rosidl_typesupport_introspection_cpp.hpp
[3.572s] -- Up-to-date symlink: /home/user/vision_ws/install/zed_topic_benchmark_interfaces/share/zed_topic_benchmark_interfaces/environment/pythonpath.sh
[3.572s] -- Up-to-date symlink: /home/user/vision_ws/install/zed_topic_benchmark_interfaces/share/zed_topic_benchmark_interfaces/environment/pythonpath.dsv
[3.573s] -- Up-to-date symlink: /home/user/vision_ws/install/zed_topic_benchmark_interfaces/local/lib/python3.10/dist-packages/zed_topic_benchmark_interfaces-5.0.0-py3.10.egg-info/PKG-INFO
[3.573s] -- Up-to-date symlink: /home/user/vision_ws/install/zed_topic_benchmark_interfaces/local/lib/python3.10/dist-packages/zed_topic_benchmark_interfaces-5.0.0-py3.10.egg-info/SOURCES.txt
[3.573s] -- Up-to-date symlink: /home/user/vision_ws/install/zed_topic_benchmark_interfaces/local/lib/python3.10/dist-packages/zed_topic_benchmark_interfaces-5.0.0-py3.10.egg-info/dependency_links.txt
[3.573s] -- Up-to-date symlink: /home/user/vision_ws/install/zed_topic_benchmark_interfaces/local/lib/python3.10/dist-packages/zed_topic_benchmark_interfaces-5.0.0-py3.10.egg-info/top_level.txt
[3.574s] -- Up-to-date symlink: /home/user/vision_ws/install/zed_topic_benchmark_interfaces/local/lib/python3.10/dist-packages/zed_topic_benchmark_interfaces/__init__.py
[3.574s] -- Up-to-date symlink: /home/user/vision_ws/install/zed_topic_benchmark_interfaces/local/lib/python3.10/dist-packages/zed_topic_benchmark_interfaces/_zed_topic_benchmark_interfaces_s.ep.rosidl_typesupport_c.c
[3.575s] -- Up-to-date symlink: /home/user/vision_ws/install/zed_topic_benchmark_interfaces/local/lib/python3.10/dist-packages/zed_topic_benchmark_interfaces/_zed_topic_benchmark_interfaces_s.ep.rosidl_typesupport_fastrtps_c.c
[3.575s] -- Up-to-date symlink: /home/user/vision_ws/install/zed_topic_benchmark_interfaces/local/lib/python3.10/dist-packages/zed_topic_benchmark_interfaces/_zed_topic_benchmark_interfaces_s.ep.rosidl_typesupport_introspection_c.c
[3.575s] -- Up-to-date symlink: /home/user/vision_ws/install/zed_topic_benchmark_interfaces/local/lib/python3.10/dist-packages/zed_topic_benchmark_interfaces/libzed_topic_benchmark_interfaces__rosidl_generator_py.so
[3.575s] -- Up-to-date symlink: /home/user/vision_ws/install/zed_topic_benchmark_interfaces/local/lib/python3.10/dist-packages/zed_topic_benchmark_interfaces/msg/__init__.py
[3.575s] -- Up-to-date symlink: /home/user/vision_ws/install/zed_topic_benchmark_interfaces/local/lib/python3.10/dist-packages/zed_topic_benchmark_interfaces/msg/_benchmark_stats_stamped.py
[3.576s] -- Up-to-date symlink: /home/user/vision_ws/install/zed_topic_benchmark_interfaces/local/lib/python3.10/dist-packages/zed_topic_benchmark_interfaces/msg/_benchmark_stats_stamped_s.c
[3.576s] -- Up-to-date symlink: /home/user/vision_ws/install/zed_topic_benchmark_interfaces/local/lib/python3.10/dist-packages/zed_topic_benchmark_interfaces/zed_topic_benchmark_interfaces_s__rosidl_typesupport_c.cpython-310-aarch64-linux-gnu.so
[3.576s] -- Up-to-date symlink: /home/user/vision_ws/install/zed_topic_benchmark_interfaces/local/lib/python3.10/dist-packages/zed_topic_benchmark_interfaces/zed_topic_benchmark_interfaces_s__rosidl_typesupport_fastrtps_c.cpython-310-aarch64-linux-gnu.so
[3.576s] -- Up-to-date symlink: /home/user/vision_ws/install/zed_topic_benchmark_interfaces/local/lib/python3.10/dist-packages/zed_topic_benchmark_interfaces/zed_topic_benchmark_interfaces_s__rosidl_typesupport_introspection_c.cpython-310-aarch64-linux-gnu.so
[3.577s] -- Up-to-date symlink: /home/user/vision_ws/install/zed_topic_benchmark_interfaces/local/lib/python3.10/dist-packages/zed_topic_benchmark_interfaces/zed_topic_benchmark_interfaces_s__rosidl_typesupport_fastrtps_c.cpython-310-aarch64-linux-gnu.so
[3.577s] -- Up-to-date symlink: /home/user/vision_ws/install/zed_topic_benchmark_interfaces/local/lib/python3.10/dist-packages/zed_topic_benchmark_interfaces/zed_topic_benchmark_interfaces_s__rosidl_typesupport_introspection_c.cpython-310-aarch64-linux-gnu.so
[3.578s] -- Up-to-date symlink: /home/user/vision_ws/install/zed_topic_benchmark_interfaces/local/lib/python3.10/dist-packages/zed_topic_benchmark_interfaces/zed_topic_benchmark_interfaces_s__rosidl_typesupport_c.cpython-310-aarch64-linux-gnu.so
[3.578s] -- Up-to-date symlink: /home/user/vision_ws/install/zed_topic_benchmark_interfaces/share/zed_topic_benchmark_interfaces/msg/BenchmarkStatsStamped.idl
[3.578s] -- Up-to-date symlink: /home/user/vision_ws/install/zed_topic_benchmark_interfaces/share/zed_topic_benchmark_interfaces/msg/BenchmarkStatsStamped.msg
[3.579s] -- Up-to-date symlink: /home/user/vision_ws/install/zed_topic_benchmark_interfaces/share/ament_index/resource_index/package_run_dependencies/zed_topic_benchmark_interfaces
[3.579s] -- Up-to-date symlink: /home/user/vision_ws/install/zed_topic_benchmark_interfaces/share/ament_index/resource_index/parent_prefix_path/zed_topic_benchmark_interfaces
[3.579s] -- Up-to-date symlink: /home/user/vision_ws/install/zed_topic_benchmark_interfaces/share/zed_topic_benchmark_interfaces/environment/ament_prefix_path.sh
[3.579s] -- Up-to-date symlink: /home/user/vision_ws/install/zed_topic_benchmark_interfaces/share/zed_topic_benchmark_interfaces/environment/ament_prefix_path.dsv
[3.580s] -- Up-to-date symlink: /home/user/vision_ws/install/zed_topic_benchmark_interfaces/share/zed_topic_benchmark_interfaces/environment/path.sh
[3.580s] -- Up-to-date symlink: /home/user/vision_ws/install/zed_topic_benchmark_interfaces/share/zed_topic_benchmark_interfaces/environment/path.dsv
[3.580s] -- Up-to-date symlink: /home/user/vision_ws/install/zed_topic_benchmark_interfaces/share/zed_topic_benchmark_interfaces/local_setup.bash
[3.581s] -- Up-to-date symlink: /home/user/vision_ws/install/zed_topic_benchmark_interfaces/share/zed_topic_benchmark_interfaces/local_setup.sh
[3.581s] -- Up-to-date symlink: /home/user/vision_ws/install/zed_topic_benchmark_interfaces/share/zed_topic_benchmark_interfaces/local_setup.zsh
[3.581s] -- Up-to-date symlink: /home/user/vision_ws/install/zed_topic_benchmark_interfaces/share/zed_topic_benchmark_interfaces/local_setup.dsv
[3.582s] -- Symlinking: /home/user/vision_ws/install/zed_topic_benchmark_interfaces/share/zed_topic_benchmark_interfaces/package.dsv
[3.601s] -- Up-to-date symlink: /home/user/vision_ws/install/zed_topic_benchmark_interfaces/share/ament_index/resource_index/packages/zed_topic_benchmark_interfaces
[3.601s] -- Up-to-date symlink: /home/user/vision_ws/install/zed_topic_benchmark_interfaces/share/zed_topic_benchmark_interfaces/cmake/rosidl_cmake-extras.cmake
[3.601s] -- Up-to-date symlink: /home/user/vision_ws/install/zed_topic_benchmark_interfaces/share/zed_topic_benchmark_interfaces/cmake/ament_cmake_export_dependencies-extras.cmake
[3.601s] -- Up-to-date symlink: /home/user/vision_ws/install/zed_topic_benchmark_interfaces/share/zed_topic_benchmark_interfaces/cmake/ament_cmake_export_include_directories-extras.cmake
[3.602s] -- Up-to-date symlink: /home/user/vision_ws/install/zed_topic_benchmark_interfaces/share/zed_topic_benchmark_interfaces/cmake/ament_cmake_export_libraries-extras.cmake
[3.602s] -- Up-to-date symlink: /home/user/vision_ws/install/zed_topic_benchmark_interfaces/share/zed_topic_benchmark_interfaces/cmake/ament_cmake_export_targets-extras.cmake
[3.602s] -- Up-to-date symlink: /home/user/vision_ws/install/zed_topic_benchmark_interfaces/share/zed_topic_benchmark_interfaces/cmake/rosidl_cmake_export_typesupport_targets-extras.cmake
[3.603s] -- Up-to-date symlink: /home/user/vision_ws/install/zed_topic_benchmark_interfaces/share/zed_topic_benchmark_interfaces/cmake/rosidl_cmake_export_typesupport_libraries-extras.cmake
[3.603s] -- Up-to-date symlink: /home/user/vision_ws/install/zed_topic_benchmark_interfaces/share/zed_topic_benchmark_interfaces/cmake/zed_topic_benchmark_interfacesConfig.cmake
[3.603s] -- Up-to-date symlink: /home/user/vision_ws/install/zed_topic_benchmark_interfaces/share/zed_topic_benchmark_interfaces/cmake/zed_topic_benchmark_interfacesConfig-version.cmake
[3.603s] -- Up-to-date symlink: /home/user/vision_ws/install/zed_topic_benchmark_interfaces/share/zed_topic_benchmark_interfaces/package.xml
[3.604s] -- Up-to-date: /home/user/vision_ws/install/zed_topic_benchmark_interfaces/lib/libzed_topic_benchmark_interfaces__rosidl_generator_c.so
[3.604s] -- Up-to-date: /home/user/vision_ws/install/zed_topic_benchmark_interfaces/lib/libzed_topic_benchmark_interfaces__rosidl_typesupport_fastrtps_c.so
[3.605s] -- Up-to-date: /home/user/vision_ws/install/zed_topic_benchmark_interfaces/lib/libzed_topic_benchmark_interfaces__rosidl_typesupport_fastrtps_cpp.so
[3.605s] -- Up-to-date: /home/user/vision_ws/install/zed_topic_benchmark_interfaces/lib/libzed_topic_benchmark_interfaces__rosidl_typesupport_introspection_c.so
[3.605s] -- Up-to-date: /home/user/vision_ws/install/zed_topic_benchmark_interfaces/lib/libzed_topic_benchmark_interfaces__rosidl_typesupport_c.so
[3.606s] -- Up-to-date: /home/user/vision_ws/install/zed_topic_benchmark_interfaces/lib/libzed_topic_benchmark_interfaces__rosidl_typesupport_introspection_cpp.so
[3.606s] -- Up-to-date: /home/user/vision_ws/install/zed_topic_benchmark_interfaces/lib/libzed_topic_benchmark_interfaces__rosidl_typesupport_cpp.so
[3.681s] Listing '/home/user/vision_ws/install/zed_topic_benchmark_interfaces/local/lib/python3.10/dist-packages/zed_topic_benchmark_interfaces'...
[3.681s] Compiling '/home/user/vision_ws/install/zed_topic_benchmark_interfaces/local/lib/python3.10/dist-packages/zed_topic_benchmark_interfaces/__init__.py'...
[3.682s] Listing '/home/user/vision_ws/install/zed_topic_benchmark_interfaces/local/lib/python3.10/dist-packages/zed_topic_benchmark_interfaces/msg'...
[3.694s] -- Up-to-date: /home/user/vision_ws/install/zed_topic_benchmark_interfaces/lib/libzed_topic_benchmark_interfaces__rosidl_generator_py.so
[3.694s] -- Up-to-date: /home/user/vision_ws/install/zed_topic_benchmark_interfaces/share/zed_topic_benchmark_interfaces/cmake/export_zed_topic_benchmark_interfaces__rosidl_generator_cExport.cmake
[3.694s] -- Up-to-date: /home/user/vision_ws/install/zed_topic_benchmark_interfaces/share/zed_topic_benchmark_interfaces/cmake/export_zed_topic_benchmark_interfaces__rosidl_generator_cExport-release.cmake
[3.694s] -- Up-to-date: /home/user/vision_ws/install/zed_topic_benchmark_interfaces/share/zed_topic_benchmark_interfaces/cmake/export_zed_topic_benchmark_interfaces__rosidl_typesupport_fastrtps_cExport.cmake
[3.694s] -- Up-to-date: /home/user/vision_ws/install/zed_topic_benchmark_interfaces/share/zed_topic_benchmark_interfaces/cmake/export_zed_topic_benchmark_interfaces__rosidl_typesupport_fastrtps_cExport-release.cmake
[3.695s] -- Up-to-date: /home/user/vision_ws/install/zed_topic_benchmark_interfaces/share/zed_topic_benchmark_interfaces/cmake/export_zed_topic_benchmark_interfaces__rosidl_generator_cppExport.cmake
[3.695s] -- Up-to-date: /home/user/vision_ws/install/zed_topic_benchmark_interfaces/share/zed_topic_benchmark_interfaces/cmake/export_zed_topic_benchmark_interfaces__rosidl_typesupport_fastrtps_cppExport.cmake
[3.695s] -- Up-to-date: /home/user/vision_ws/install/zed_topic_benchmark_interfaces/share/zed_topic_benchmark_interfaces/cmake/export_zed_topic_benchmark_interfaces__rosidl_typesupport_fastrtps_cppExport-release.cmake
[3.695s] -- Up-to-date: /home/user/vision_ws/install/zed_topic_benchmark_interfaces/share/zed_topic_benchmark_interfaces/cmake/zed_topic_benchmark_interfaces__rosidl_typesupport_introspection_cExport.cmake
[3.695s] -- Up-to-date: /home/user/vision_ws/install/zed_topic_benchmark_interfaces/share/zed_topic_benchmark_interfaces/cmake/zed_topic_benchmark_interfaces__rosidl_typesupport_introspection_cExport-release.cmake
[3.695s] -- Up-to-date: /home/user/vision_ws/install/zed_topic_benchmark_interfaces/share/zed_topic_benchmark_interfaces/cmake/zed_topic_benchmark_interfaces__rosidl_typesupport_cExport.cmake
[3.696s] -- Up-to-date: /home/user/vision_ws/install/zed_topic_benchmark_interfaces/share/zed_topic_benchmark_interfaces/cmake/zed_topic_benchmark_interfaces__rosidl_typesupport_cExport-release.cmake
[3.696s] -- Up-to-date: /home/user/vision_ws/install/zed_topic_benchmark_interfaces/share/zed_topic_benchmark_interfaces/cmake/zed_topic_benchmark_interfaces__rosidl_typesupport_introspection_cppExport.cmake
[3.696s] -- Up-to-date: /home/user/vision_ws/install/zed_topic_benchmark_interfaces/share/zed_topic_benchmark_interfaces/cmake/zed_topic_benchmark_interfaces__rosidl_typesupport_introspection_cppExport-release.cmake
[3.696s] -- Up-to-date: /home/user/vision_ws/install/zed_topic_benchmark_interfaces/share/zed_topic_benchmark_interfaces/cmake/zed_topic_benchmark_interfaces__rosidl_typesupport_cppExport.cmake
[3.696s] -- Up-to-date: /home/user/vision_ws/install/zed_topic_benchmark_interfaces/share/zed_topic_benchmark_interfaces/cmake/zed_topic_benchmark_interfaces__rosidl_typesupport_cppExport-release.cmake
[3.696s] -- Up-to-date: /home/user/vision_ws/install/zed_topic_benchmark_interfaces/share/zed_topic_benchmark_interfaces/cmake/export_zed_topic_benchmark_interfaces__rosidl_generator_pyExport.cmake
[3.696s] -- Up-to-date: /home/user/vision_ws/install/zed_topic_benchmark_interfaces/share/zed_topic_benchmark_interfaces/cmake/export_zed_topic_benchmark_interfaces__rosidl_generator_pyExport-release.cmake
[3.702s] Invoked command in '/home/user/vision_ws/build/zed_topic_benchmark_interfaces' returned '0': CMAKE_PREFIX_PATH=${CMAKE_PREFIX_PATH}:/home/user/autorover_ws/install/teleop_twist_keyboard:/home/user/autorover_ws/install/autorover_bringup:/opt/ros/humble /usr/bin/cmake --install /home/user/vision_ws/build/zed_topic_benchmark_interfaces
