[0.083s] Invoking command in '/home/user/vision_ws/build/zed_rgb_convert': CMAKE_PREFIX_PATH=/home/user/vision_ws/install/zed_components:/home/user/vision_ws/install/zed_ros2:/home/user/vision_ws/install/zed_wrapper:/home/user/autorover_ws/install/zed_components:/home/user/autorover_ws/install/mavros_extras:/home/user/autorover_ws/install/mavros:/home/user/autorover_ws/install/mavros_msgs:/home/user/autorover_ws/install/libmavconn:/home/user/autorover_ws/install/autorover_bringup:/opt/ros/humble /usr/bin/cmake /home/user/vision_ws/src/zed-ros2-examples/tutorials/zed_rgb_convert -DCMAKE_BUILD_TYPE=Release -DAMENT_CMAKE_SYMLINK_INSTALL=1 -DCMAKE_INSTALL_PREFIX=/home/user/vision_ws/install/zed_rgb_convert
[0.214s] -- The C compiler identification is GNU 11.4.0
[0.343s] -- The CXX compiler identification is GNU 11.4.0
[0.358s] -- Detecting C compiler ABI info
[0.524s] -- Detecting C compiler ABI info - done
[0.537s] -- Check for working C compiler: /usr/bin/cc - skipped
[0.539s] -- Detecting C compile features
[0.540s] -- Detecting C compile features - done
[0.548s] -- Detecting CXX compiler ABI info
[0.875s] -- Detecting CXX compiler ABI info - done
[0.889s] -- Check for working CXX compiler: /usr/bin/c++ - skipped
[0.905s] -- Detecting CXX compile features
[0.906s] -- Detecting CXX compile features - done
[0.930s] -- Found OpenCV: /usr (found version "4.8.0") 
[0.959s] -- Looking for sgemm_
[1.429s] -- Looking for sgemm_ - not found
[1.429s] -- Looking for pthread.h
[1.601s] -- Looking for pthread.h - found
[1.601s] -- Performing Test CMAKE_HAVE_LIBC_PTHREAD
[1.773s] -- Performing Test CMAKE_HAVE_LIBC_PTHREAD - Success
[1.774s] -- Found Threads: TRUE  
[1.850s] -- Looking for sgemm_
[2.073s] -- Looking for sgemm_ - found
[2.073s] -- Found BLAS: /usr/lib/aarch64-linux-gnu/libopenblas.so  
[2.134s] -- Found CUDA: /usr/local/cuda (found suitable version "12.2", minimum required is "12.2") 
[2.181s] -- Found CUDA: /usr/local/cuda (found version "12.2") 
[2.188s] -- Found ament_cmake_auto: 1.3.11 (/opt/ros/humble/share/ament_cmake_auto/cmake)
[2.590s] -- Found Python3: /usr/bin/python3 (found version "3.10.12") found components: Interpreter 
[2.761s] -- Override CMake install command with custom implementation using symlinks instead of copying resources
[3.121s] -- Found rosidl_generator_c: 3.1.6 (/opt/ros/humble/share/rosidl_generator_c/cmake)
[3.136s] -- Found rosidl_adapter: 3.1.6 (/opt/ros/humble/share/rosidl_adapter/cmake)
[3.159s] -- Found rosidl_generator_cpp: 3.1.6 (/opt/ros/humble/share/rosidl_generator_cpp/cmake)
[3.193s] -- Using all available rosidl_typesupport_c: rosidl_typesupport_fastrtps_c;rosidl_typesupport_introspection_c
[3.237s] -- Using all available rosidl_typesupport_cpp: rosidl_typesupport_fastrtps_cpp;rosidl_typesupport_introspection_cpp
[3.360s] -- Found rmw_implementation_cmake: 6.1.2 (/opt/ros/humble/share/rmw_implementation_cmake/cmake)
[3.369s] -- Found rmw_fastrtps_cpp: 6.2.7 (/opt/ros/humble/share/rmw_fastrtps_cpp/cmake)
[3.627s] -- Found OpenSSL: /usr/lib/aarch64-linux-gnu/libcrypto.so (found version "3.0.2")  
[3.701s] -- Found FastRTPS: /opt/ros/humble/include  
[3.815s] -- Using RMW implementation 'rmw_fastrtps_cpp' as default
[4.431s] -- Found eigen3_cmake_module: 0.1.1 (/opt/ros/humble/share/eigen3_cmake_module/cmake)
[4.435s] -- Found Eigen3: TRUE (found version "3.4.0") 
[4.436s] -- Ensuring Eigen3 include directory is part of orocos-kdl CMake target
[4.927s] -- Found ament_lint_auto: 0.12.12 (/opt/ros/humble/share/ament_lint_auto/cmake)
[5.099s] -- Added test 'copyright' to check source files copyright and LICENSE
[5.102s] -- Added test 'cppcheck' to perform static code analysis on C / C++ code
[5.104s] -- Configured cppcheck include dirs: /home/user/vision_ws/src/zed-ros2-examples/tutorials/zed_rgb_convert/src/include;/home/user/vision_ws/src/zed-ros2-examples/tutorials/zed_rgb_convert/src/component/include
[5.105s] -- Configured cppcheck exclude dirs and/or files: 
[5.108s] -- Added test 'cpplint' to check C / C++ code against the Google style
[5.108s] -- Configured cpplint exclude dirs and/or files: 
[5.110s] -- Added test 'flake8' to check Python code syntax and style conventions
[5.112s] -- Added test 'lint_cmake' to check CMake code style
[5.114s] -- Added test 'pep257' to check Python code against some of the docstring style conventions in PEP 257
[5.118s] -- Added test 'uncrustify' to check C / C++ code style
[5.118s] -- Configured uncrustify additional arguments: 
[5.121s] -- Added test 'xmllint' to check XML markup files
[5.129s] -- Configuring done
[5.291s] -- Generating done
[5.316s] -- Build files have been written to: /home/user/vision_ws/build/zed_rgb_convert
[5.367s] Invoked command in '/home/user/vision_ws/build/zed_rgb_convert' returned '0': CMAKE_PREFIX_PATH=/home/user/vision_ws/install/zed_components:/home/user/vision_ws/install/zed_ros2:/home/user/vision_ws/install/zed_wrapper:/home/user/autorover_ws/install/zed_components:/home/user/autorover_ws/install/mavros_extras:/home/user/autorover_ws/install/mavros:/home/user/autorover_ws/install/mavros_msgs:/home/user/autorover_ws/install/libmavconn:/home/user/autorover_ws/install/autorover_bringup:/opt/ros/humble /usr/bin/cmake /home/user/vision_ws/src/zed-ros2-examples/tutorials/zed_rgb_convert -DCMAKE_BUILD_TYPE=Release -DAMENT_CMAKE_SYMLINK_INSTALL=1 -DCMAKE_INSTALL_PREFIX=/home/user/vision_ws/install/zed_rgb_convert
[5.368s] Invoking command in '/home/user/vision_ws/build/zed_rgb_convert': CMAKE_PREFIX_PATH=/home/user/vision_ws/install/zed_components:/home/user/vision_ws/install/zed_ros2:/home/user/vision_ws/install/zed_wrapper:/home/user/autorover_ws/install/zed_components:/home/user/autorover_ws/install/mavros_extras:/home/user/autorover_ws/install/mavros:/home/user/autorover_ws/install/mavros_msgs:/home/user/autorover_ws/install/libmavconn:/home/user/autorover_ws/install/autorover_bringup:/opt/ros/humble /usr/bin/cmake --build /home/user/vision_ws/build/zed_rgb_convert -- -j4 -l4
[5.493s] [ 25%] [32mBuilding CXX object CMakeFiles/zed_rgb_convert_component.dir/src/component/src/zed_rgb_convert_component.cpp.o[0m
[20.513s] [ 50%] [32m[1mLinking CXX shared library libzed_rgb_convert_component.so[0m
[20.980s] [ 50%] Built target zed_rgb_convert_component
[21.030s] [ 75%] [32mBuilding CXX object CMakeFiles/zed_rgb_convert.dir/src/container/zed_rgb_convert.cpp.o[0m
[37.572s] [100%] [32m[1mLinking CXX executable zed_rgb_convert[0m
[38.566s] [100%] Built target zed_rgb_convert
[38.611s] Invoked command in '/home/user/vision_ws/build/zed_rgb_convert' returned '0': CMAKE_PREFIX_PATH=/home/user/vision_ws/install/zed_components:/home/user/vision_ws/install/zed_ros2:/home/user/vision_ws/install/zed_wrapper:/home/user/autorover_ws/install/zed_components:/home/user/autorover_ws/install/mavros_extras:/home/user/autorover_ws/install/mavros:/home/user/autorover_ws/install/mavros_msgs:/home/user/autorover_ws/install/libmavconn:/home/user/autorover_ws/install/autorover_bringup:/opt/ros/humble /usr/bin/cmake --build /home/user/vision_ws/build/zed_rgb_convert -- -j4 -l4
[38.615s] Invoking command in '/home/user/vision_ws/build/zed_rgb_convert': CMAKE_PREFIX_PATH=/home/user/vision_ws/install/zed_components:/home/user/vision_ws/install/zed_ros2:/home/user/vision_ws/install/zed_wrapper:/home/user/autorover_ws/install/zed_components:/home/user/autorover_ws/install/mavros_extras:/home/user/autorover_ws/install/mavros:/home/user/autorover_ws/install/mavros_msgs:/home/user/autorover_ws/install/libmavconn:/home/user/autorover_ws/install/autorover_bringup:/opt/ros/humble /usr/bin/cmake --install /home/user/vision_ws/build/zed_rgb_convert
[38.634s] -- Install configuration: "Release"
[38.635s] -- Execute custom install script
[38.636s] -- Symlinking: /home/user/vision_ws/install/zed_rgb_convert/lib/zed_rgb_convert/zed_rgb_convert
[38.660s] -- Symlinking: /home/user/vision_ws/install/zed_rgb_convert/lib/libzed_rgb_convert_component.so
[38.680s] -- Symlinking: /home/user/vision_ws/install/zed_rgb_convert/include/zed_rgb_convert//cvt_visibility_control.hpp
[38.701s] -- Symlinking: /home/user/vision_ws/install/zed_rgb_convert/share/zed_rgb_convert/launch/zed_rgb_convert.launch.py
[38.723s] -- Symlinking: /home/user/vision_ws/install/zed_rgb_convert/share/zed_rgb_convert/environment/library_path.sh
[38.749s] -- Symlinking: /home/user/vision_ws/install/zed_rgb_convert/share/zed_rgb_convert/environment/library_path.dsv
[38.771s] -- Symlinking: /home/user/vision_ws/install/zed_rgb_convert/share/ament_index/resource_index/package_run_dependencies/zed_rgb_convert
[38.793s] -- Symlinking: /home/user/vision_ws/install/zed_rgb_convert/share/ament_index/resource_index/parent_prefix_path/zed_rgb_convert
[38.815s] -- Symlinking: /home/user/vision_ws/install/zed_rgb_convert/share/zed_rgb_convert/environment/ament_prefix_path.sh
[38.835s] -- Symlinking: /home/user/vision_ws/install/zed_rgb_convert/share/zed_rgb_convert/environment/ament_prefix_path.dsv
[38.860s] -- Symlinking: /home/user/vision_ws/install/zed_rgb_convert/share/zed_rgb_convert/environment/path.sh
[38.881s] -- Symlinking: /home/user/vision_ws/install/zed_rgb_convert/share/zed_rgb_convert/environment/path.dsv
[38.902s] -- Symlinking: /home/user/vision_ws/install/zed_rgb_convert/share/zed_rgb_convert/local_setup.bash
[38.923s] -- Symlinking: /home/user/vision_ws/install/zed_rgb_convert/share/zed_rgb_convert/local_setup.sh
[38.946s] -- Symlinking: /home/user/vision_ws/install/zed_rgb_convert/share/zed_rgb_convert/local_setup.zsh
[38.968s] -- Symlinking: /home/user/vision_ws/install/zed_rgb_convert/share/zed_rgb_convert/local_setup.dsv
[38.988s] -- Symlinking: /home/user/vision_ws/install/zed_rgb_convert/share/zed_rgb_convert/package.dsv
[39.007s] -- Symlinking: /home/user/vision_ws/install/zed_rgb_convert/share/ament_index/resource_index/packages/zed_rgb_convert
[39.027s] -- Symlinking: /home/user/vision_ws/install/zed_rgb_convert/share/ament_index/resource_index/rclcpp_components/zed_rgb_convert
[39.052s] -- Symlinking: /home/user/vision_ws/install/zed_rgb_convert/share/zed_rgb_convert/cmake/ament_cmake_export_include_directories-extras.cmake
[39.073s] -- Symlinking: /home/user/vision_ws/install/zed_rgb_convert/share/zed_rgb_convert/cmake/ament_cmake_export_libraries-extras.cmake
[39.093s] -- Symlinking: /home/user/vision_ws/install/zed_rgb_convert/share/zed_rgb_convert/cmake/ament_cmake_export_dependencies-extras.cmake
[39.114s] -- Symlinking: /home/user/vision_ws/install/zed_rgb_convert/share/zed_rgb_convert/cmake/zed_rgb_convertConfig.cmake
[39.134s] -- Symlinking: /home/user/vision_ws/install/zed_rgb_convert/share/zed_rgb_convert/cmake/zed_rgb_convertConfig-version.cmake
[39.158s] -- Symlinking: /home/user/vision_ws/install/zed_rgb_convert/share/zed_rgb_convert/package.xml
[39.189s] Invoked command in '/home/user/vision_ws/build/zed_rgb_convert' returned '0': CMAKE_PREFIX_PATH=/home/user/vision_ws/install/zed_components:/home/user/vision_ws/install/zed_ros2:/home/user/vision_ws/install/zed_wrapper:/home/user/autorover_ws/install/zed_components:/home/user/autorover_ws/install/mavros_extras:/home/user/autorover_ws/install/mavros:/home/user/autorover_ws/install/mavros_msgs:/home/user/autorover_ws/install/libmavconn:/home/user/autorover_ws/install/autorover_bringup:/opt/ros/humble /usr/bin/cmake --install /home/user/vision_ws/build/zed_rgb_convert
