[0.039s] Invoking command in '/home/user/vision_ws/build/zed_ros2': CMAKE_PREFIX_PATH=/home/user/vision_ws/install/zed_wrapper:/home/user/vision_ws/install/zed_components:/home/user/vision_ws/install/zed_ros2:/home/user/autorover_ws/install/zed_components:/home/user/autorover_ws/install/mavros_extras:/home/user/autorover_ws/install/mavros:/home/user/autorover_ws/install/mavros_msgs:/home/user/autorover_ws/install/libmavconn:/home/user/autorover_ws/install/autorover_bringup:/opt/ros/humble /usr/bin/cmake --build /home/user/vision_ws/build/zed_ros2 -- -j4 -l4
[0.133s] Invoked command in '/home/user/vision_ws/build/zed_ros2' returned '0': CMAKE_PREFIX_PATH=/home/user/vision_ws/install/zed_wrapper:/home/user/vision_ws/install/zed_components:/home/user/vision_ws/install/zed_ros2:/home/user/autorover_ws/install/zed_components:/home/user/autorover_ws/install/mavros_extras:/home/user/autorover_ws/install/mavros:/home/user/autorover_ws/install/mavros_msgs:/home/user/autorover_ws/install/libmavconn:/home/user/autorover_ws/install/autorover_bringup:/opt/ros/humble /usr/bin/cmake --build /home/user/vision_ws/build/zed_ros2 -- -j4 -l4
[0.134s] Invoking command in '/home/user/vision_ws/build/zed_ros2': CMAKE_PREFIX_PATH=/home/user/vision_ws/install/zed_wrapper:/home/user/vision_ws/install/zed_components:/home/user/vision_ws/install/zed_ros2:/home/user/autorover_ws/install/zed_components:/home/user/autorover_ws/install/mavros_extras:/home/user/autorover_ws/install/mavros:/home/user/autorover_ws/install/mavros_msgs:/home/user/autorover_ws/install/libmavconn:/home/user/autorover_ws/install/autorover_bringup:/opt/ros/humble /usr/bin/cmake --install /home/user/vision_ws/build/zed_ros2
[0.155s] -- Install configuration: "Release"
[0.155s] -- Execute custom install script
[0.156s] -- Up-to-date symlink: /home/user/vision_ws/install/zed_ros2/share/ament_index/resource_index/package_run_dependencies/zed_ros2
[0.156s] -- Up-to-date symlink: /home/user/vision_ws/install/zed_ros2/share/ament_index/resource_index/parent_prefix_path/zed_ros2
[0.157s] -- Up-to-date symlink: /home/user/vision_ws/install/zed_ros2/share/zed_ros2/environment/ament_prefix_path.sh
[0.157s] -- Up-to-date symlink: /home/user/vision_ws/install/zed_ros2/share/zed_ros2/environment/ament_prefix_path.dsv
[0.157s] -- Up-to-date symlink: /home/user/vision_ws/install/zed_ros2/share/zed_ros2/environment/path.sh
[0.158s] -- Up-to-date symlink: /home/user/vision_ws/install/zed_ros2/share/zed_ros2/environment/path.dsv
[0.158s] -- Up-to-date symlink: /home/user/vision_ws/install/zed_ros2/share/zed_ros2/local_setup.bash
[0.158s] -- Up-to-date symlink: /home/user/vision_ws/install/zed_ros2/share/zed_ros2/local_setup.sh
[0.158s] -- Up-to-date symlink: /home/user/vision_ws/install/zed_ros2/share/zed_ros2/local_setup.zsh
[0.159s] -- Up-to-date symlink: /home/user/vision_ws/install/zed_ros2/share/zed_ros2/local_setup.dsv
[0.159s] -- Symlinking: /home/user/vision_ws/install/zed_ros2/share/zed_ros2/package.dsv
[0.181s] -- Up-to-date symlink: /home/user/vision_ws/install/zed_ros2/share/ament_index/resource_index/packages/zed_ros2
[0.181s] -- Up-to-date symlink: /home/user/vision_ws/install/zed_ros2/share/zed_ros2/cmake/zed_ros2Config.cmake
[0.181s] -- Up-to-date symlink: /home/user/vision_ws/install/zed_ros2/share/zed_ros2/cmake/zed_ros2Config-version.cmake
[0.181s] -- Up-to-date symlink: /home/user/vision_ws/install/zed_ros2/share/zed_ros2/package.xml
[0.197s] Invoked command in '/home/user/vision_ws/build/zed_ros2' returned '0': CMAKE_PREFIX_PATH=/home/user/vision_ws/install/zed_wrapper:/home/user/vision_ws/install/zed_components:/home/user/vision_ws/install/zed_ros2:/home/user/autorover_ws/install/zed_components:/home/user/autorover_ws/install/mavros_extras:/home/user/autorover_ws/install/mavros:/home/user/autorover_ws/install/mavros_msgs:/home/user/autorover_ws/install/libmavconn:/home/user/autorover_ws/install/autorover_bringup:/opt/ros/humble /usr/bin/cmake --install /home/user/vision_ws/build/zed_ros2
